Archive member included to satisfy reference by file (symbol)

f:/admin/train/electronic/stm32/tools/compiler/10 2021.10/bin/../lib/gcc/arm-none-eabi/10.3.1/../../../../arm-none-eabi/lib/thumb/v7-m/nofp\libc_nano.a(lib_a-exit.o)
                              f:/admin/train/electronic/stm32/tools/compiler/10 2021.10/bin/../lib/gcc/arm-none-eabi/10.3.1/../../../../arm-none-eabi/lib/thumb/v7-m/nofp/crt0.o (exit)
f:/admin/train/electronic/stm32/tools/compiler/10 2021.10/bin/../lib/gcc/arm-none-eabi/10.3.1/../../../../arm-none-eabi/lib/thumb/v7-m/nofp\libc_nano.a(lib_a-impure.o)
                              f:/admin/train/electronic/stm32/tools/compiler/10 2021.10/bin/../lib/gcc/arm-none-eabi/10.3.1/../../../../arm-none-eabi/lib/thumb/v7-m/nofp\libc_nano.a(lib_a-exit.o) (_global_impure_ptr)
f:/admin/train/electronic/stm32/tools/compiler/10 2021.10/bin/../lib/gcc/arm-none-eabi/10.3.1/../../../../arm-none-eabi/lib/thumb/v7-m/nofp\libc_nano.a(lib_a-init.o)
                              f:/admin/train/electronic/stm32/tools/compiler/10 2021.10/bin/../lib/gcc/arm-none-eabi/10.3.1/../../../../arm-none-eabi/lib/thumb/v7-m/nofp/crt0.o (__libc_init_array)
f:/admin/train/electronic/stm32/tools/compiler/10 2021.10/bin/../lib/gcc/arm-none-eabi/10.3.1/../../../../arm-none-eabi/lib/thumb/v7-m/nofp\libc_nano.a(lib_a-memset.o)
                              f:/admin/train/electronic/stm32/tools/compiler/10 2021.10/bin/../lib/gcc/arm-none-eabi/10.3.1/../../../../arm-none-eabi/lib/thumb/v7-m/nofp/crt0.o (memset)
f:/admin/train/electronic/stm32/tools/compiler/10 2021.10/bin/../lib/gcc/arm-none-eabi/10.3.1/../../../../arm-none-eabi/lib/thumb/v7-m/nofp\libnosys.a(_exit.o)
                              f:/admin/train/electronic/stm32/tools/compiler/10 2021.10/bin/../lib/gcc/arm-none-eabi/10.3.1/../../../../arm-none-eabi/lib/thumb/v7-m/nofp\libc_nano.a(lib_a-exit.o) (_exit)

Discarded input sections

 .text          0x00000000        0x0 f:/admin/train/electronic/stm32/tools/compiler/10 2021.10/bin/../lib/gcc/arm-none-eabi/10.3.1/thumb/v7-m/nofp/crti.o
 .data          0x00000000        0x0 f:/admin/train/electronic/stm32/tools/compiler/10 2021.10/bin/../lib/gcc/arm-none-eabi/10.3.1/thumb/v7-m/nofp/crti.o
 .bss           0x00000000        0x0 f:/admin/train/electronic/stm32/tools/compiler/10 2021.10/bin/../lib/gcc/arm-none-eabi/10.3.1/thumb/v7-m/nofp/crti.o
 .data          0x00000000        0x4 f:/admin/train/electronic/stm32/tools/compiler/10 2021.10/bin/../lib/gcc/arm-none-eabi/10.3.1/thumb/v7-m/nofp/crtbegin.o
 .rodata        0x00000000       0x24 f:/admin/train/electronic/stm32/tools/compiler/10 2021.10/bin/../lib/gcc/arm-none-eabi/10.3.1/thumb/v7-m/nofp/crtbegin.o
 .text          0x00000000       0x7c f:/admin/train/electronic/stm32/tools/compiler/10 2021.10/bin/../lib/gcc/arm-none-eabi/10.3.1/../../../../arm-none-eabi/lib/thumb/v7-m/nofp/crt0.o
 .data          0x00000000        0x0 f:/admin/train/electronic/stm32/tools/compiler/10 2021.10/bin/../lib/gcc/arm-none-eabi/10.3.1/../../../../arm-none-eabi/lib/thumb/v7-m/nofp/crt0.o
 .bss           0x00000000        0x0 f:/admin/train/electronic/stm32/tools/compiler/10 2021.10/bin/../lib/gcc/arm-none-eabi/10.3.1/../../../../arm-none-eabi/lib/thumb/v7-m/nofp/crt0.o
 .ARM.extab     0x00000000        0x0 f:/admin/train/electronic/stm32/tools/compiler/10 2021.10/bin/../lib/gcc/arm-none-eabi/10.3.1/../../../../arm-none-eabi/lib/thumb/v7-m/nofp/crt0.o
 .ARM.exidx     0x00000000       0x10 f:/admin/train/electronic/stm32/tools/compiler/10 2021.10/bin/../lib/gcc/arm-none-eabi/10.3.1/../../../../arm-none-eabi/lib/thumb/v7-m/nofp/crt0.o
 .ARM.attributes
                0x00000000       0x1b f:/admin/train/electronic/stm32/tools/compiler/10 2021.10/bin/../lib/gcc/arm-none-eabi/10.3.1/../../../../arm-none-eabi/lib/thumb/v7-m/nofp/crt0.o
 .text          0x00000000        0x0 f:/admin/train/electronic/stm32/tools/compiler/10 2021.10/bin/../lib/gcc/arm-none-eabi/10.3.1/../../../../arm-none-eabi/lib/thumb/v7-m/nofp\libc_nano.a(lib_a-exit.o)
 .data          0x00000000        0x0 f:/admin/train/electronic/stm32/tools/compiler/10 2021.10/bin/../lib/gcc/arm-none-eabi/10.3.1/../../../../arm-none-eabi/lib/thumb/v7-m/nofp\libc_nano.a(lib_a-exit.o)
 .bss           0x00000000        0x0 f:/admin/train/electronic/stm32/tools/compiler/10 2021.10/bin/../lib/gcc/arm-none-eabi/10.3.1/../../../../arm-none-eabi/lib/thumb/v7-m/nofp\libc_nano.a(lib_a-exit.o)
 .text.exit     0x00000000       0x28 f:/admin/train/electronic/stm32/tools/compiler/10 2021.10/bin/../lib/gcc/arm-none-eabi/10.3.1/../../../../arm-none-eabi/lib/thumb/v7-m/nofp\libc_nano.a(lib_a-exit.o)
 .debug_frame   0x00000000       0x28 f:/admin/train/electronic/stm32/tools/compiler/10 2021.10/bin/../lib/gcc/arm-none-eabi/10.3.1/../../../../arm-none-eabi/lib/thumb/v7-m/nofp\libc_nano.a(lib_a-exit.o)
 .ARM.attributes
[...]
Memory Configuration

Name             Origin             Length             Attributes
RAM              0x20000000         0x00005000         xrw
FLASH            0x08000000         0x00010000         xr
*default*        0x00000000         0xffffffff

Linker script and memory map

LOAD f:/admin/train/electronic/stm32/tools/compiler/10 2021.10/bin/../lib/gcc/arm-none-eabi/10.3.1/thumb/v7-m/nofp/crti.o
LOAD f:/admin/train/electronic/stm32/tools/compiler/10 2021.10/bin/../lib/gcc/arm-none-eabi/10.3.1/thumb/v7-m/nofp/crtbegin.o
LOAD f:/admin/train/electronic/stm32/tools/compiler/10 2021.10/bin/../lib/gcc/arm-none-eabi/10.3.1/../../../../arm-none-eabi/lib/thumb/v7-m/nofp/crt0.o
START GROUP
LOAD f:/admin/train/electronic/stm32/tools/compiler/10 2021.10/bin/../lib/gcc/arm-none-eabi/10.3.1/../../../../arm-none-eabi/lib/thumb/v7-m/nofp\libc_nano.a
LOAD f:/admin/train/electronic/stm32/tools/compiler/10 2021.10/bin/../lib/gcc/arm-none-eabi/10.3.1/../../../../arm-none-eabi/lib/thumb/v7-m/nofp\libm.a
LOAD f:/admin/train/electronic/stm32/tools/compiler/10 2021.10/bin/../lib/gcc/arm-none-eabi/10.3.1/../../../../arm-none-eabi/lib/thumb/v7-m/nofp\libstdc++_nano.a
END GROUP
LOAD CMakeFiles/rtos.dir/Core/Src/main.c.obj
LOAD CMakeFiles/rtos.dir/Core/Src/stm32f10x_it.c.obj
LOAD CMakeFiles/rtos.dir/Core/Src/system_stm32f10x.c.obj
LOAD CMakeFiles/rtos.dir/Drivers/STM32F10x_StdPeriph_Driver/src/misc.c.obj
LOAD CMakeFiles/rtos.dir/Drivers/STM32F10x_StdPeriph_Driver/src/stm32f10x_adc.c.obj
LOAD CMakeFiles/rtos.dir/Drivers/STM32F10x_StdPeriph_Driver/src/stm32f10x_dma.c.obj
LOAD CMakeFiles/rtos.dir/Drivers/STM32F10x_StdPeriph_Driver/src/stm32f10x_gpio.c.obj
LOAD CMakeFiles/rtos.dir/Drivers/STM32F10x_StdPeriph_Driver/src/stm32f10x_rcc.c.obj
LOAD CMakeFiles/rtos.dir/Drivers/STM32F10x_StdPeriph_Driver/src/stm32f10x_spi.c.obj
LOAD CMakeFiles/rtos.dir/Drivers/STM32F10x_StdPeriph_Driver/src/stm32f10x_tim.c.obj
LOAD CMakeFiles/rtos.dir/Drivers/STM32F10x_StdPeriph_Driver/src/stm32f10x_usart.c.obj
LOAD CMakeFiles/rtos.dir/Project/App/app.c.obj
LOAD CMakeFiles/rtos.dir/Project/App/tetris/board.c.obj
LOAD CMakeFiles/rtos.dir/Project/App/tetris/tetris.c.obj
LOAD CMakeFiles/rtos.dir/Project/Devices/buzzer/tie_buzzer.c.obj
LOAD CMakeFiles/rtos.dir/Project/Devices/ft/tie_ft.c.obj
LOAD CMakeFiles/rtos.dir/Project/Devices/joy/tie_joy.c.obj
LOAD CMakeFiles/rtos.dir/Project/Devices/lcd/tie_st7789.c.obj
LOAD CMakeFiles/rtos.dir/Project/DriverCore/tie_driver.c.obj
LOAD CMakeFiles/rtos.dir/Project/Main/sys.c.obj
LOAD CMakeFiles/rtos.dir/Core/startup_stm32f103xb.s.obj
START GROUP
LOAD f:/admin/train/electronic/stm32/tools/compiler/10 2021.10/bin/../lib/gcc/arm-none-eabi/10.3.1/thumb/v7-m/nofp\libgcc.a
LOAD f:/admin/train/electronic/stm32/tools/compiler/10 2021.10/bin/../lib/gcc/arm-none-eabi/10.3.1/../../../../arm-none-eabi/lib/thumb/v7-m/nofp\libg_nano.a
LOAD f:/admin/train/electronic/stm32/tools/compiler/10 2021.10/bin/../lib/gcc/arm-none-eabi/10.3.1/../../../../arm-none-eabi/lib/thumb/v7-m/nofp\libc_nano.a
END GROUP
START GROUP
LOAD f:/admin/train/electronic/stm32/tools/compiler/10 2021.10/bin/../lib/gcc/arm-none-eabi/10.3.1/thumb/v7-m/nofp\libgcc.a
LOAD f:/admin/train/electronic/stm32/tools/compiler/10 2021.10/bin/../lib/gcc/arm-none-eabi/10.3.1/../../../../arm-none-eabi/lib/thumb/v7-m/nofp\libc_nano.a
LOAD f:/admin/train/electronic/stm32/tools/compiler/10 2021.10/bin/../lib/gcc/arm-none-eabi/10.3.1/../../../../arm-none-eabi/lib/thumb/v7-m/nofp\libnosys.a
END GROUP
START GROUP
LOAD f:/admin/train/electronic/stm32/tools/compiler/10 2021.10/bin/../lib/gcc/arm-none-eabi/10.3.1/thumb/v7-m/nofp\libgcc.a
LOAD f:/admin/train/electronic/stm32/tools/compiler/10 2021.10/bin/../lib/gcc/arm-none-eabi/10.3.1/../../../../arm-none-eabi/lib/thumb/v7-m/nofp\libc_nano.a
LOAD f:/admin/train/electronic/stm32/tools/compiler/10 2021.10/bin/../lib/gcc/arm-none-eabi/10.3.1/../../../../arm-none-eabi/lib/thumb/v7-m/nofp\libnosys.a
END GROUP
LOAD f:/admin/train/electronic/stm32/tools/compiler/10 2021.10/bin/../lib/gcc/arm-none-eabi/10.3.1/thumb/v7-m/nofp/crtend.o
LOAD f:/admin/train/electronic/stm32/tools/compiler/10 2021.10/bin/../lib/gcc/arm-none-eabi/10.3.1/thumb/v7-m/nofp/crtn.o
                0x20005000                _estack = 0x20005000
                0x00000200                _Min_Heap_Size = 0x200
                0x00000400                _Min_Stack_Size = 0x400

.isr_vector     0x08000000      0x10c
                0x08000000                . = ALIGN (0x4)
 *(.isr_vector)
 .isr_vector    0x08000000      0x10c CMakeFiles/rtos.dir/Core/startup_stm32f103xb.s.obj
                0x08000000                g_pfnVectors
                0x0800010c                . = ALIGN (0x4)

.text           0x0800010c     0x295c
                0x0800010c                . = ALIGN (0x4)
 *(.text)
 .text          0x0800010c       0x40 f:/admin/train/electronic/stm32/tools/compiler/10 2021.10/bin/../lib/gcc/arm-none-eabi/10.3.1/thumb/v7-m/nofp/crtbegin.o
 *(.text*)
 .text.__libc_init_array
                0x0800014c       0x48 f:/admin/train/electronic/stm32/tools/compiler/10 2021.10/bin/../lib/gcc/arm-none-eabi/10.3.1/../../../../arm-none-eabi/lib/thumb/v7-m/nofp\libc_nano.a(lib_a-init.o)
                0x0800014c                __libc_init_array
 .text.memset   0x08000194       0x10 f:/admin/train/electronic/stm32/tools/compiler/10 2021.10/bin/../lib/gcc/arm-none-eabi/10.3.1/../../../../arm-none-eabi/lib/thumb/v7-m/nofp\libc_nano.a(lib_a-memset.o)
                0x08000194                memset
 .text.main     0x080001a4       0x20 CMakeFiles/rtos.dir/Core/Src/main.c.obj
                0x080001a4                main
 .text.NMI_Handler
                0x080001c4        0x2 CMakeFiles/rtos.dir/Core/Src/stm32f10x_it.c.obj
                0x080001c4                NMI_Handler
 .text.HardFault_Handler
                0x080001c6        0x2 CMakeFiles/rtos.dir/Core/Src/stm32f10x_it.c.obj
                0x080001c6                HardFault_Handler
 .text.MemManage_Handler
                0x080001c8        0x2 CMakeFiles/rtos.dir/Core/Src/stm32f10x_it.c.obj
                0x080001c8                MemManage_Handler
 .text.BusFault_Handler
                0x080001ca        0x2 CMakeFiles/rtos.dir/Core/Src/stm32f10x_it.c.obj
                0x080001ca                BusFault_Handler
 .text.UsageFault_Handler
                0x080001cc        0x2 CMakeFiles/rtos.dir/Core/Src/stm32f10x_it.c.obj
                0x080001cc                UsageFault_Handler
 .text.SVC_Handler
                0x080001ce        0x2 CMakeFiles/rtos.dir/Core/Src/stm32f10x_it.c.obj
                0x080001ce                SVC_Handler
 .text.DebugMon_Handler
                0x080001d0        0x2 CMakeFiles/rtos.dir/Core/Src/stm32f10x_it.c.obj
                0x080001d0                DebugMon_Handler
 .text.PendSV_Handler
                0x080001d2        0x2 CMakeFiles/rtos.dir/Core/Src/stm32f10x_it.c.obj
                0x080001d2                PendSV_Handler
 .text.SysTick_Handler
                0x080001d4        0x2 CMakeFiles/rtos.dir/Core/Src/stm32f10x_it.c.obj
                0x080001d4                SysTick_Handler
 *fill*         0x080001d6        0x2 
 .text.SetSysClockTo72
                0x080001d8       0xc4 CMakeFiles/rtos.dir/Core/Src/system_stm32f10x.c.obj
 .text.SetSysClock
                0x0800029c        0x8 CMakeFiles/rtos.dir/Core/Src/system_stm32f10x.c.obj
 .text.SystemInit
                0x080002a4       0x50 CMakeFiles/rtos.dir/Core/Src/system_stm32f10x.c.obj
                0x080002a4                SystemInit
 .text.NVIC_Init
                0x080002f4       0x64 CMakeFiles/rtos.dir/Drivers/STM32F10x_StdPeriph_Driver/src/misc.c.obj
                0x080002f4                NVIC_Init
 .text.ADC_Init
                0x08000358       0x4c CMakeFiles/rtos.dir/Drivers/STM32F10x_StdPeriph_Driver/src/stm32f10x_adc.c.obj
                0x08000358                ADC_Init
 .text.ADC_Cmd  0x080003a4       0x16 CMakeFiles/rtos.dir/Drivers/STM32F10x_StdPeriph_Driver/src/stm32f10x_adc.c.obj
                0x080003a4                ADC_Cmd
 .text.ADC_DMACmd
                0x080003ba       0x16 CMakeFiles/rtos.dir/Drivers/STM32F10x_StdPeriph_Driver/src/stm32f10x_adc.c.obj
                0x080003ba                ADC_DMACmd
 .text.ADC_ResetCalibration
                0x080003d0        0xa CMakeFiles/rtos.dir/Drivers/STM32F10x_StdPeriph_Driver/src/stm32f10x_adc.c.obj
                0x080003d0                ADC_ResetCalibration
 .text.ADC_GetResetCalibrationStatus
                0x080003da       0x10 CMakeFiles/rtos.dir/Drivers/STM32F10x_StdPeriph_Driver/src/stm32f10x_adc.c.obj
                0x080003da                ADC_GetResetCalibrationStatus
 .text.ADC_StartCalibration
                0x080003ea        0xa CMakeFiles/rtos.dir/Drivers/STM32F10x_StdPeriph_Driver/src/stm32f10x_adc.c.obj
                0x080003ea                ADC_StartCalibration
 .text.ADC_GetCalibrationStatus
                0x080003f4       0x10 CMakeFiles/rtos.dir/Drivers/STM32F10x_StdPeriph_Driver/src/stm32f10x_adc.c.obj
                0x080003f4                ADC_GetCalibrationStatus
 .text.ADC_SoftwareStartConvCmd
                0x08000404       0x16 CMakeFiles/rtos.dir/Drivers/STM32F10x_StdPeriph_Driver/src/stm32f10x_adc.c.obj
                0x08000404                ADC_SoftwareStartConvCmd
 .text.ADC_RegularChannelConfig
                0x0800041a       0x98 CMakeFiles/rtos.dir/Drivers/STM32F10x_StdPeriph_Driver/src/stm32f10x_adc.c.obj
                0x0800041a                ADC_RegularChannelConfig
 .text.DMA_Init
                0x080004b2       0x3e CMakeFiles/rtos.dir/Drivers/STM32F10x_StdPeriph_Driver/src/stm32f10x_dma.c.obj
                0x080004b2                DMA_Init
 .text.DMA_Cmd  0x080004f0       0x1a CMakeFiles/rtos.dir/Drivers/STM32F10x_StdPeriph_Driver/src/stm32f10x_dma.c.obj
                0x080004f0                DMA_Cmd
 .text.GPIO_Init
                0x0800050a       0xb2 CMakeFiles/rtos.dir/Drivers/STM32F10x_StdPeriph_Driver/src/stm32f10x_gpio.c.obj
                0x0800050a                GPIO_Init
 .text.GPIO_ReadInputDataBit
                0x080005bc        0xe CMakeFiles/rtos.dir/Drivers/STM32F10x_StdPeriph_Driver/src/stm32f10x_gpio.c.obj
                0x080005bc                GPIO_ReadInputDataBit
 .text.GPIO_SetBits
                0x080005ca        0x4 CMakeFiles/rtos.dir/Drivers/STM32F10x_StdPeriph_Driver/src/stm32f10x_gpio.c.obj
                0x080005ca                GPIO_SetBits
 .text.GPIO_ResetBits
                0x080005ce        0x4 CMakeFiles/rtos.dir/Drivers/STM32F10x_StdPeriph_Driver/src/stm32f10x_gpio.c.obj
                0x080005ce                GPIO_ResetBits
 .text.GPIO_WriteBit
                0x080005d2        0xa CMakeFiles/rtos.dir/Drivers/STM32F10x_StdPeriph_Driver/src/stm32f10x_gpio.c.obj
                0x080005d2                GPIO_WriteBit
 .text.RCC_AHBPeriphClockCmd
                0x080005dc       0x1c CMakeFiles/rtos.dir/Drivers/STM32F10x_StdPeriph_Driver/src/stm32f10x_rcc.c.obj
                0x080005dc                RCC_AHBPeriphClockCmd
 .text.RCC_APB2PeriphClockCmd
                0x080005f8       0x1c CMakeFiles/rtos.dir/Drivers/STM32F10x_StdPeriph_Driver/src/stm32f10x_rcc.c.obj
                0x080005f8                RCC_APB2PeriphClockCmd
 .text.RCC_APB1PeriphClockCmd
                0x08000614       0x1c CMakeFiles/rtos.dir/Drivers/STM32F10x_StdPeriph_Driver/src/stm32f10x_rcc.c.obj
                0x08000614                RCC_APB1PeriphClockCmd
 .text.SPI_Init
                0x08000630       0x4e CMakeFiles/rtos.dir/Drivers/STM32F10x_StdPeriph_Driver/src/stm32f10x_spi.c.obj
                0x08000630                SPI_Init
 .text.SPI_Cmd  0x0800067e       0x1c CMakeFiles/rtos.dir/Drivers/STM32F10x_StdPeriph_Driver/src/stm32f10x_spi.c.obj
                0x0800067e                SPI_Cmd
 .text.SPI_I2S_SendData
                0x0800069a        0x4 CMakeFiles/rtos.dir/Drivers/STM32F10x_StdPeriph_Driver/src/stm32f10x_spi.c.obj
                0x0800069a                SPI_I2S_SendData
 *fill*         0x0800069e        0x2 
 .text.TIM_TimeBaseInit
                0x080006a0       0x94 CMakeFiles/rtos.dir/Drivers/STM32F10x_StdPeriph_Driver/src/stm32f10x_tim.c.obj
                0x080006a0                TIM_TimeBaseInit
 .text.TIM_OC1Init
                0x08000734       0x8c CMakeFiles/rtos.dir/Drivers/STM32F10x_StdPeriph_Driver/src/stm32f10x_tim.c.obj
                0x08000734                TIM_OC1Init
 .text.TIM_Cmd  0x080007c0       0x1c CMakeFiles/rtos.dir/Drivers/STM32F10x_StdPeriph_Driver/src/stm32f10x_tim.c.obj
                0x080007c0                TIM_Cmd
 .text.TIM_ITConfig
                0x080007dc       0x18 CMakeFiles/rtos.dir/Drivers/STM32F10x_StdPeriph_Driver/src/stm32f10x_tim.c.obj
                0x080007dc                TIM_ITConfig
 .text.TIM_SetCounter
                0x080007f4        0x4 CMakeFiles/rtos.dir/Drivers/STM32F10x_StdPeriph_Driver/src/stm32f10x_tim.c.obj
                0x080007f4                TIM_SetCounter
 .text.TIM_SetAutoreload
                0x080007f8        0x4 CMakeFiles/rtos.dir/Drivers/STM32F10x_StdPeriph_Driver/src/stm32f10x_tim.c.obj
                0x080007f8                TIM_SetAutoreload
 .text.TIM_GetCounter
                0x080007fc        0x6 CMakeFiles/rtos.dir/Drivers/STM32F10x_StdPeriph_Driver/src/stm32f10x_tim.c.obj
                0x080007fc                TIM_GetCounter
 .text.TIM_ClearITPendingBit
                0x08000802        0x8 CMakeFiles/rtos.dir/Drivers/STM32F10x_StdPeriph_Driver/src/stm32f10x_tim.c.obj
                0x08000802                TIM_ClearITPendingBit
 .text.vec_inst
                0x0800080a       0x24 CMakeFiles/rtos.dir/Project/App/app.c.obj
                0x0800080a                vec_inst
 .text.ent_init
                0x0800082e       0x42 CMakeFiles/rtos.dir/Project/App/app.c.obj
                0x0800082e                ent_init
 .text.ent_update
                0x08000870       0x32 CMakeFiles/rtos.dir/Project/App/app.c.obj
                0x08000870                ent_update
 .text.ent_draw
                0x080008a2       0x30 CMakeFiles/rtos.dir/Project/App/app.c.obj
                0x080008a2                ent_draw
 .text.gfx__rect_thin
                0x080008d2       0x7e CMakeFiles/rtos.dir/Project/App/app.c.obj
                0x080008d2                gfx__rect_thin
 .text.gfx__rect_fill
                0x08000950       0x44 CMakeFiles/rtos.dir/Project/App/app.c.obj
                0x08000950                gfx__rect_fill
 .text.util_random
                0x08000994       0x2c CMakeFiles/rtos.dir/Project/App/app.c.obj
                0x08000994                util_random
 .text.app_init
                0x080009c0       0x1c CMakeFiles/rtos.dir/Project/App/app.c.obj
                0x080009c0                app_init
 .text.app_loop
                0x080009dc       0x24 CMakeFiles/rtos.dir/Project/App/app.c.obj
                0x080009dc                app_loop
 .text.board_init
                0x08000a00       0x2c CMakeFiles/rtos.dir/Project/App/tetris/board.c.obj
                0x08000a00                board_init
 .text.board_draw
                0x08000a2c       0x8c CMakeFiles/rtos.dir/Project/App/tetris/board.c.obj
                0x08000a2c                board_draw
 .text.board_clear
                0x08000ab8       0x14 CMakeFiles/rtos.dir/Project/App/tetris/board.c.obj
                0x08000ab8                board_clear
 .text.board_set_cell
                0x08000acc       0x48 CMakeFiles/rtos.dir/Project/App/tetris/board.c.obj
                0x08000acc                board_set_cell
 .text.board_clear_cell
                0x08000b14       0x50 CMakeFiles/rtos.dir/Project/App/tetris/board.c.obj
                0x08000b14                board_clear_cell
 .text.board_cell_at
                0x08000b64       0x3c CMakeFiles/rtos.dir/Project/App/tetris/board.c.obj
                0x08000b64                board_cell_at
 .text.board_is_cover
                0x08000ba0       0x26 CMakeFiles/rtos.dir/Project/App/tetris/board.c.obj
                0x08000ba0                board_is_cover
 *fill*         0x08000bc6        0x2 
 .text.board_color_at
                0x08000bc8       0x38 CMakeFiles/rtos.dir/Project/App/tetris/board.c.obj
                0x08000bc8                board_color_at
 .text.SetTypeShape
                0x08000c00       0x4c CMakeFiles/rtos.dir/Project/App/tetris/tetris.c.obj
 .text.InitSpawn
                0x08000c4c       0x7c CMakeFiles/rtos.dir/Project/App/tetris/tetris.c.obj
 .text.InitMenu
                0x08000cc8       0x98 CMakeFiles/rtos.dir/Project/App/tetris/tetris.c.obj
 .text.GetNextColor
                0x08000d60       0x2e CMakeFiles/rtos.dir/Project/App/tetris/tetris.c.obj
 *fill*         0x08000d8e        0x2 
 .text.GetNextShape
                0x08000d90       0xcc CMakeFiles/rtos.dir/Project/App/tetris/tetris.c.obj
 .text.ClearShape
                0x08000e5c       0x68 CMakeFiles/rtos.dir/Project/App/tetris/tetris.c.obj
 .text.IsValidToRoll
                0x08000ec4       0x94 CMakeFiles/rtos.dir/Project/App/tetris/tetris.c.obj
 .text.Eff_NewGame
                0x08000f58       0x94 CMakeFiles/rtos.dir/Project/App/tetris/tetris.c.obj
 .text.ProcessGoal
                0x08000fec       0xfc CMakeFiles/rtos.dir/Project/App/tetris/tetris.c.obj
 .text.DrawShape
                0x080010e8       0x68 CMakeFiles/rtos.dir/Project/App/tetris/tetris.c.obj
 .text.tet_init
                0x08001150       0x94 CMakeFiles/rtos.dir/Project/App/tetris/tetris.c.obj
                0x08001150                tet_init
 .text.tet_spawn_block
                0x080011e4       0x48 CMakeFiles/rtos.dir/Project/App/tetris/tetris.c.obj
                0x080011e4                tet_spawn_block
 .text.ProcessMenu
                0x0800122c       0xa0 CMakeFiles/rtos.dir/Project/App/tetris/tetris.c.obj
 .text.tet_roll
                0x080012cc      0x124 CMakeFiles/rtos.dir/Project/App/tetris/tetris.c.obj
                0x080012cc                tet_roll
 .text.tet_moving
                0x080013f0      0x200 CMakeFiles/rtos.dir/Project/App/tetris/tetris.c.obj
                0x080013f0                tet_moving
 .text.tet_update
                0x080015f0      0x120 CMakeFiles/rtos.dir/Project/App/tetris/tetris.c.obj
                0x080015f0                tet_update
 .text.tet_draw
                0x08001710       0xec CMakeFiles/rtos.dir/Project/App/tetris/tetris.c.obj
                0x08001710                tet_draw
 .text.bz_drive_init
                0x080017fc       0xd0 CMakeFiles/rtos.dir/Project/Devices/buzzer/tie_buzzer.c.obj
 .text.TIM4_IRQHandler
                0x080018cc       0xdc CMakeFiles/rtos.dir/Project/Devices/buzzer/tie_buzzer.c.obj
                0x080018cc                TIM4_IRQHandler
 .text.bz_tone  0x080019a8       0x34 CMakeFiles/rtos.dir/Project/Devices/buzzer/tie_buzzer.c.obj
                0x080019a8                bz_tone
 .text.bz_stop  0x080019dc       0x2c CMakeFiles/rtos.dir/Project/Devices/buzzer/tie_buzzer.c.obj
                0x080019dc                bz_stop
 .text.bz_play  0x08001a08       0xd8 CMakeFiles/rtos.dir/Project/Devices/buzzer/tie_buzzer.c.obj
                0x08001a08                bz_play
 .text.bz_init  0x08001ae0       0x34 CMakeFiles/rtos.dir/Project/Devices/buzzer/tie_buzzer.c.obj
                0x08001ae0                bz_init
 .text.bz_is_running
                0x08001b14       0x14 CMakeFiles/rtos.dir/Project/Devices/buzzer/tie_buzzer.c.obj
                0x08001b14                bz_is_running
 .text.ft_init_driver
                0x08001b28       0x44 CMakeFiles/rtos.dir/Project/Devices/ft/tie_ft.c.obj
 .text.ft_init  0x08001b6c        0x8 CMakeFiles/rtos.dir/Project/Devices/ft/tie_ft.c.obj
                0x08001b6c                ft_init
 .text.ft_tick  0x08001b74       0x48 CMakeFiles/rtos.dir/Project/Devices/ft/tie_ft.c.obj
                0x08001b74                ft_tick
 .text.ft_dtime
                0x08001bbc        0xc CMakeFiles/rtos.dir/Project/Devices/ft/tie_ft.c.obj
                0x08001bbc                ft_dtime
 .text.ft_dtime_micro
                0x08001bc8        0xc CMakeFiles/rtos.dir/Project/Devices/ft/tie_ft.c.obj
                0x08001bc8                ft_dtime_micro
 .text.joy_driver_init
                0x08001bd4       0xf4 CMakeFiles/rtos.dir/Project/Devices/joy/tie_joy.c.obj
 .text.joy_enable
                0x08001cc8       0x1c CMakeFiles/rtos.dir/Project/Devices/joy/tie_joy.c.obj
                0x08001cc8                joy_enable
 .text.joy_init
                0x08001ce4       0x20 CMakeFiles/rtos.dir/Project/Devices/joy/tie_joy.c.obj
                0x08001ce4                joy_init
 .text.joy_is_right
                0x08001d04       0x14 CMakeFiles/rtos.dir/Project/Devices/joy/tie_joy.c.obj
                0x08001d04                joy_is_right
 .text.joy_is_left
                0x08001d18       0x18 CMakeFiles/rtos.dir/Project/Devices/joy/tie_joy.c.obj
                0x08001d18                joy_is_left
 .text.joy_is_down
                0x08001d30       0x18 CMakeFiles/rtos.dir/Project/Devices/joy/tie_joy.c.obj
                0x08001d30                joy_is_down
 .text.joy_is_up
                0x08001d48       0x14 CMakeFiles/rtos.dir/Project/Devices/joy/tie_joy.c.obj
                0x08001d48                joy_is_up
 .text.joy_is_idle_x
                0x08001d5c       0x1a CMakeFiles/rtos.dir/Project/Devices/joy/tie_joy.c.obj
                0x08001d5c                joy_is_idle_x
 .text.joy_is_idle_y
                0x08001d76       0x1a CMakeFiles/rtos.dir/Project/Devices/joy/tie_joy.c.obj
                0x08001d76                joy_is_idle_y
 .text.spi_send
                0x08001d90       0x10 CMakeFiles/rtos.dir/Project/Devices/lcd/tie_st7789.c.obj
 .text.st7789_driver_init
                0x08001da0       0xd8 CMakeFiles/rtos.dir/Project/Devices/lcd/tie_st7789.c.obj
 .text.dc_data  0x08001e78       0x14 CMakeFiles/rtos.dir/Project/Devices/lcd/tie_st7789.c.obj
                0x08001e78                dc_data
 .text.dc_cmd   0x08001e8c       0x14 CMakeFiles/rtos.dir/Project/Devices/lcd/tie_st7789.c.obj
                0x08001e8c                dc_cmd
 .text.rst_low  0x08001ea0       0x14 CMakeFiles/rtos.dir/Project/Devices/lcd/tie_st7789.c.obj
                0x08001ea0                rst_low
 .text.rst_high
                0x08001eb4       0x14 CMakeFiles/rtos.dir/Project/Devices/lcd/tie_st7789.c.obj
                0x08001eb4                rst_high
 .text.delay_manual
                0x08001ec8        0x8 CMakeFiles/rtos.dir/Project/Devices/lcd/tie_st7789.c.obj
                0x08001ec8                delay_manual
 .text.writeSPI
                0x08001ed0        0x8 CMakeFiles/rtos.dir/Project/Devices/lcd/tie_st7789.c.obj
                0x08001ed0                writeSPI
 .text.writeCmd
                0x08001ed8       0x10 CMakeFiles/rtos.dir/Project/Devices/lcd/tie_st7789.c.obj
                0x08001ed8                writeCmd
 .text.writeData
                0x08001ee8       0x10 CMakeFiles/rtos.dir/Project/Devices/lcd/tie_st7789.c.obj
                0x08001ee8                writeData
 .text.displayInit
                0x08001ef8       0x54 CMakeFiles/rtos.dir/Project/Devices/lcd/tie_st7789.c.obj
                0x08001ef8                displayInit
 .text.commonST7789Init
                0x08001f4c       0x2c CMakeFiles/rtos.dir/Project/Devices/lcd/tie_st7789.c.obj
                0x08001f4c                commonST7789Init
 .text.setRotation
                0x08001f78       0x88 CMakeFiles/rtos.dir/Project/Devices/lcd/tie_st7789.c.obj
                0x08001f78                setRotation
 .text.st_init  0x08002000       0x68 CMakeFiles/rtos.dir/Project/Devices/lcd/tie_st7789.c.obj
                0x08002000                st_init
 .text.setAddrWindow
                0x08002068       0x80 CMakeFiles/rtos.dir/Project/Devices/lcd/tie_st7789.c.obj
                0x08002068                setAddrWindow
 .text.tie_lcd_clear
                0x080020e8       0x40 CMakeFiles/rtos.dir/Project/Devices/lcd/tie_st7789.c.obj
                0x080020e8                tie_lcd_clear
 .text.tie_lcd_init
                0x08002128       0x16 CMakeFiles/rtos.dir/Project/Devices/lcd/tie_st7789.c.obj
                0x08002128                tie_lcd_init
 *fill*         0x0800213e        0x2 
 .text.gfx_clear
                0x08002140       0x48 CMakeFiles/rtos.dir/Project/Devices/lcd/tie_st7789.c.obj
                0x08002140                gfx_clear
 .text.gfx_display
                0x08002188       0xc4 CMakeFiles/rtos.dir/Project/Devices/lcd/tie_st7789.c.obj
                0x08002188                gfx_display
 .text.gfx_drawpixel
                0x0800224c      0x120 CMakeFiles/rtos.dir/Project/Devices/lcd/tie_st7789.c.obj
                0x0800224c                gfx_drawpixel
 .text.render_glyph
                0x0800236c       0x94 CMakeFiles/rtos.dir/Project/Devices/lcd/tie_st7789.c.obj
                0x0800236c                render_glyph
 .text.gfx_drawpixel_scale
                0x08002400      0x250 CMakeFiles/rtos.dir/Project/Devices/lcd/tie_st7789.c.obj
                0x08002400                gfx_drawpixel_scale
 .text.gfx_draw_by_arr
                0x08002650       0xda CMakeFiles/rtos.dir/Project/Devices/lcd/tie_st7789.c.obj
                0x08002650                gfx_draw_by_arr
 .text.gfx_draw_string_main
                0x0800272a       0xca CMakeFiles/rtos.dir/Project/Devices/lcd/tie_st7789.c.obj
                0x0800272a                gfx_draw_string_main
 .text.gfx_draw_string
                0x080027f4       0x1a CMakeFiles/rtos.dir/Project/Devices/lcd/tie_st7789.c.obj
                0x080027f4                gfx_draw_string
 *fill*         0x0800280e        0x2 
 .text.gfx_draw_number
                0x08002810       0x98 CMakeFiles/rtos.dir/Project/Devices/lcd/tie_st7789.c.obj
                0x08002810                gfx_draw_number
 .text.DC_GPIOC_13
                0x080028a8       0x3c CMakeFiles/rtos.dir/Project/DriverCore/tie_driver.c.obj
                0x080028a8                DC_GPIOC_13
 .text.DC_TIM3  0x080028e4       0x38 CMakeFiles/rtos.dir/Project/DriverCore/tie_driver.c.obj
                0x080028e4                DC_TIM3
 .text.DCore_Init
                0x0800291c        0xc CMakeFiles/rtos.dir/Project/DriverCore/tie_driver.c.obj
                0x0800291c                DCore_Init
 .text.DCore_Delay
                0x08002928       0x3c CMakeFiles/rtos.dir/Project/DriverCore/tie_driver.c.obj
                0x08002928                DCore_Delay
 .text.DCore_GPIO_Toggle
                0x08002964       0x1a CMakeFiles/rtos.dir/Project/DriverCore/tie_driver.c.obj
                0x08002964                DCore_GPIO_Toggle
 *fill*         0x0800297e        0x2 
 .text.Loop     0x08002980       0x4c CMakeFiles/rtos.dir/Project/Main/sys.c.obj
 .text.Init     0x080029cc       0x22 CMakeFiles/rtos.dir/Project/Main/sys.c.obj
 *fill*         0x080029ee        0x2 
 .text.user_inst
                0x080029f0       0x14 CMakeFiles/rtos.dir/Project/Main/sys.c.obj
                0x080029f0                user_inst
 .text.Reset_Handler
                0x08002a04       0x48 CMakeFiles/rtos.dir/Core/startup_stm32f103xb.s.obj
                0x08002a04                Reset_Handler
 .text.Default_Handler
                0x08002a4c        0x2 CMakeFiles/rtos.dir/Core/startup_stm32f103xb.s.obj
                0x08002a4c                RTC_Alarm_IRQHandler
                0x08002a4c                EXTI2_IRQHandler
                0x08002a4c                TIM1_CC_IRQHandler
                0x08002a4c                PVD_IRQHandler
                0x08002a4c                EXTI3_IRQHandler
                0x08002a4c                EXTI0_IRQHandler
                0x08002a4c                I2C2_EV_IRQHandler
                0x08002a4c                ADC1_2_IRQHandler
                0x08002a4c                SPI1_IRQHandler
                0x08002a4c                TAMPER_IRQHandler
                0x08002a4c                DMA1_Channel4_IRQHandler
                0x08002a4c                USART3_IRQHandler
                0x08002a4c                RTC_IRQHandler
                0x08002a4c                DMA1_Channel7_IRQHandler
                0x08002a4c                CAN1_RX1_IRQHandler
                0x08002a4c                I2C1_EV_IRQHandler
                0x08002a4c                DMA1_Channel6_IRQHandler
                0x08002a4c                TIM3_IRQHandler
                0x08002a4c                RCC_IRQHandler
                0x08002a4c                TIM1_TRG_COM_IRQHandler
                0x08002a4c                DMA1_Channel1_IRQHandler
                0x08002a4c                Default_Handler
                0x08002a4c                EXTI15_10_IRQHandler
                0x08002a4c                EXTI9_5_IRQHandler
                0x08002a4c                SPI2_IRQHandler
                0x08002a4c                DMA1_Channel5_IRQHandler
                0x08002a4c                EXTI4_IRQHandler
                0x08002a4c                USB_LP_CAN1_RX0_IRQHandler
                0x08002a4c                USB_HP_CAN1_TX_IRQHandler
                0x08002a4c                DMA1_Channel3_IRQHandler
                0x08002a4c                TIM1_UP_IRQHandler
                0x08002a4c                WWDG_IRQHandler
                0x08002a4c                TIM2_IRQHandler
                0x08002a4c                TIM1_BRK_IRQHandler
                0x08002a4c                EXTI1_IRQHandler
                0x08002a4c                USART2_IRQHandler
                0x08002a4c                I2C2_ER_IRQHandler
                0x08002a4c                DMA1_Channel2_IRQHandler
                0x08002a4c                CAN1_SCE_IRQHandler
                0x08002a4c                FLASH_IRQHandler
                0x08002a4c                USART1_IRQHandler
                0x08002a4c                I2C1_ER_IRQHandler
                0x08002a4c                USBWakeUp_IRQHandler
 *(.glue_7)
 .glue_7        0x08002a4e        0x0 linker stubs
 *(.glue_7t)
 .glue_7t       0x08002a4e        0x0 linker stubs
 *(.eh_frame)
 *fill*         0x08002a4e        0x2 
 .eh_frame      0x08002a50        0x0 f:/admin/train/electronic/stm32/tools/compiler/10 2021.10/bin/../lib/gcc/arm-none-eabi/10.3.1/thumb/v7-m/nofp/crtbegin.o
 *(.init)
 .init          0x08002a50        0x4 f:/admin/train/electronic/stm32/tools/compiler/10 2021.10/bin/../lib/gcc/arm-none-eabi/10.3.1/thumb/v7-m/nofp/crti.o
                0x08002a50                _init
 .init          0x08002a54        0x8 f:/admin/train/electronic/stm32/tools/compiler/10 2021.10/bin/../lib/gcc/arm-none-eabi/10.3.1/thumb/v7-m/nofp/crtn.o
 *(.fini)
 .fini          0x08002a5c        0x4 f:/admin/train/electronic/stm32/tools/compiler/10 2021.10/bin/../lib/gcc/arm-none-eabi/10.3.1/thumb/v7-m/nofp/crti.o
                0x08002a5c                _fini
 .fini          0x08002a60        0x8 f:/admin/train/electronic/stm32/tools/compiler/10 2021.10/bin/../lib/gcc/arm-none-eabi/10.3.1/thumb/v7-m/nofp/crtn.o
                0x08002a68                . = ALIGN (0x4)
                0x08002a68                _etext = .

.vfp11_veneer   0x08002a68        0x0
 .vfp11_veneer  0x08002a68        0x0 linker stubs

.v4_bx          0x08002a68        0x0
 .v4_bx         0x08002a68        0x0 linker stubs

.iplt           0x08002a68        0x0
 .iplt          0x08002a68        0x0 f:/admin/train/electronic/stm32/tools/compiler/10 2021.10/bin/../lib/gcc/arm-none-eabi/10.3.1/thumb/v7-m/nofp/crtbegin.o

.rodata         0x08002a68     0x3e80
                0x08002a68                . = ALIGN (0x4)
 *(.rodata)
 *(.rodata*)
 .rodata.main.str1.4
                0x08002a68        0x8 CMakeFiles/rtos.dir/Core/Src/main.c.obj
 .rodata.tet_draw.str1.4
                0x08002a70        0xe CMakeFiles/rtos.dir/Project/App/tetris/tetris.c.obj
 *fill*         0x08002a7e        0x2 
 .rodata.Font_Microsoft_16_0x20
                0x08002a80        0xc CMakeFiles/rtos.dir/Project/App/tetris/tetris.c.obj
 .rodata.Font_Microsoft_16_0x21
                0x08002a8c        0xc CMakeFiles/rtos.dir/Project/App/tetris/tetris.c.obj
 .rodata.Font_Microsoft_16_0x22
                0x08002a98        0xc CMakeFiles/rtos.dir/Project/App/tetris/tetris.c.obj
 .rodata.Font_Microsoft_16_0x23
                0x08002aa4        0xc CMakeFiles/rtos.dir/Project/App/tetris/tetris.c.obj
 .rodata.Font_Microsoft_16_0x24
                0x08002ab0        0xc CMakeFiles/rtos.dir/Project/App/tetris/tetris.c.obj
 .rodata.Font_Microsoft_16_0x25
                0x08002abc        0xc CMakeFiles/rtos.dir/Project/App/tetris/tetris.c.obj
 .rodata.Font_Microsoft_16_0x26
                0x08002ac8        0xc CMakeFiles/rtos.dir/Project/App/tetris/tetris.c.obj
 .rodata.Font_Microsoft_16_0x27
                0x08002ad4        0xc CMakeFiles/rtos.dir/Project/App/tetris/tetris.c.obj
 .rodata.Font_Microsoft_16_0x28
                0x08002ae0        0xc CMakeFiles/rtos.dir/Project/App/tetris/tetris.c.obj
 .rodata.Font_Microsoft_16_0x29
                0x08002aec        0xc CMakeFiles/rtos.dir/Project/App/tetris/tetris.c.obj
 .rodata.Font_Microsoft_16_0x2a
                0x08002af8        0xc CMakeFiles/rtos.dir/Project/App/tetris/tetris.c.obj
 .rodata.Font_Microsoft_16_0x2b
                0x08002b04        0xc CMakeFiles/rtos.dir/Project/App/tetris/tetris.c.obj
 .rodata.Font_Microsoft_16_0x2c
                0x08002b10        0xc CMakeFiles/rtos.dir/Project/App/tetris/tetris.c.obj
 .rodata.Font_Microsoft_16_0x2d
                0x08002b1c        0xc CMakeFiles/rtos.dir/Project/App/tetris/tetris.c.obj
 .rodata.Font_Microsoft_16_0x2e
                0x08002b28        0xc CMakeFiles/rtos.dir/Project/App/tetris/tetris.c.obj
 .rodata.Font_Microsoft_16_0x2f
                0x08002b34        0xc CMakeFiles/rtos.dir/Project/App/tetris/tetris.c.obj
 .rodata.Font_Microsoft_16_0x30
                0x08002b40        0xc CMakeFiles/rtos.dir/Project/App/tetris/tetris.c.obj
 .rodata.Font_Microsoft_16_0x31
                0x08002b4c        0xc CMakeFiles/rtos.dir/Project/App/tetris/tetris.c.obj
 .rodata.Font_Microsoft_16_0x32
                0x08002b58        0xc CMakeFiles/rtos.dir/Project/App/tetris/tetris.c.obj
 .rodata.Font_Microsoft_16_0x33
                0x08002b64        0xc CMakeFiles/rtos.dir/Project/App/tetris/tetris.c.obj
 .rodata.Font_Microsoft_16_0x34
                0x08002b70        0xc CMakeFiles/rtos.dir/Project/App/tetris/tetris.c.obj
 .rodata.Font_Microsoft_16_0x35
                0x08002b7c        0xc CMakeFiles/rtos.dir/Project/App/tetris/tetris.c.obj
 .rodata.Font_Microsoft_16_0x36
                0x08002b88        0xc CMakeFiles/rtos.dir/Project/App/tetris/tetris.c.obj
 .rodata.Font_Microsoft_16_0x37
                0x08002b94        0xc CMakeFiles/rtos.dir/Project/App/tetris/tetris.c.obj
 .rodata.Font_Microsoft_16_0x38
                0x08002ba0        0xc CMakeFiles/rtos.dir/Project/App/tetris/tetris.c.obj
 .rodata.Font_Microsoft_16_0x39
                0x08002bac        0xc CMakeFiles/rtos.dir/Project/App/tetris/tetris.c.obj
 .rodata.Font_Microsoft_16_0x3a
                0x08002bb8        0xc CMakeFiles/rtos.dir/Project/App/tetris/tetris.c.obj
 .rodata.Font_Microsoft_16_0x3b
                0x08002bc4        0xc CMakeFiles/rtos.dir/Project/App/tetris/tetris.c.obj
 .rodata.Font_Microsoft_16_0x3c
                0x08002bd0        0xc CMakeFiles/rtos.dir/Project/App/tetris/tetris.c.obj
 .rodata.Font_Microsoft_16_0x3d
                0x08002bdc        0xc CMakeFiles/rtos.dir/Project/App/tetris/tetris.c.obj
 .rodata.Font_Microsoft_16_0x3e
                0x08002be8        0xc CMakeFiles/rtos.dir/Project/App/tetris/tetris.c.obj
 .rodata.Font_Microsoft_16_0x3f
                0x08002bf4        0xc CMakeFiles/rtos.dir/Project/App/tetris/tetris.c.obj
 .rodata.Font_Microsoft_16_0x40
                0x08002c00        0xc CMakeFiles/rtos.dir/Project/App/tetris/tetris.c.obj
 .rodata.Font_Microsoft_16_0x41
                0x08002c0c        0xc CMakeFiles/rtos.dir/Project/App/tetris/tetris.c.obj
 .rodata.Font_Microsoft_16_0x42
                0x08002c18        0xc CMakeFiles/rtos.dir/Project/App/tetris/tetris.c.obj
 .rodata.Font_Microsoft_16_0x43
                0x08002c24        0xc CMakeFiles/rtos.dir/Project/App/tetris/tetris.c.obj
 .rodata.Font_Microsoft_16_0x44
                0x08002c30        0xc CMakeFiles/rtos.dir/Project/App/tetris/tetris.c.obj
 .rodata.Font_Microsoft_16_0x45
                0x08002c3c        0xc CMakeFiles/rtos.dir/Project/App/tetris/tetris.c.obj
 .rodata.Font_Microsoft_16_0x46
                0x08002c48        0xc CMakeFiles/rtos.dir/Project/App/tetris/tetris.c.obj
 .rodata.Font_Microsoft_16_0x47
                0x08002c54        0xc CMakeFiles/rtos.dir/Project/App/tetris/tetris.c.obj
 .rodata.Font_Microsoft_16_0x48
                0x08002c60        0xc CMakeFiles/rtos.dir/Project/App/tetris/tetris.c.obj
 .rodata.Font_Microsoft_16_0x49
                0x08002c6c        0xc CMakeFiles/rtos.dir/Project/App/tetris/tetris.c.obj
 .rodata.Font_Microsoft_16_0x4a
                0x08002c78        0xc CMakeFiles/rtos.dir/Project/App/tetris/tetris.c.obj
 .rodata.Font_Microsoft_16_0x4b
                0x08002c84        0xc CMakeFiles/rtos.dir/Project/App/tetris/tetris.c.obj
 .rodata.Font_Microsoft_16_0x4c
                0x08002c90        0xc CMakeFiles/rtos.dir/Project/App/tetris/tetris.c.obj
 .rodata.Font_Microsoft_16_0x4d
                0x08002c9c        0xc CMakeFiles/rtos.dir/Project/App/tetris/tetris.c.obj
 .rodata.Font_Microsoft_16_0x4e
                0x08002ca8        0xc CMakeFiles/rtos.dir/Project/App/tetris/tetris.c.obj
 .rodata.Font_Microsoft_16_0x4f
                0x08002cb4        0xc CMakeFiles/rtos.dir/Project/App/tetris/tetris.c.obj
 .rodata.Font_Microsoft_16_0x50
                0x08002cc0        0xc CMakeFiles/rtos.dir/Project/App/tetris/tetris.c.obj
 .rodata.Font_Microsoft_16_0x51
                0x08002ccc        0xc CMakeFiles/rtos.dir/Project/App/tetris/tetris.c.obj
 .rodata.Font_Microsoft_16_0x52
                0x08002cd8        0xc CMakeFiles/rtos.dir/Project/App/tetris/tetris.c.obj
 .rodata.Font_Microsoft_16_0x53
                0x08002ce4        0xc CMakeFiles/rtos.dir/Project/App/tetris/tetris.c.obj
 .rodata.Font_Microsoft_16_0x54
                0x08002cf0        0xc CMakeFiles/rtos.dir/Project/App/tetris/tetris.c.obj
 .rodata.Font_Microsoft_16_0x55
                0x08002cfc        0xc CMakeFiles/rtos.dir/Project/App/tetris/tetris.c.obj
 .rodata.Font_Microsoft_16_0x56
                0x08002d08        0xc CMakeFiles/rtos.dir/Project/App/tetris/tetris.c.obj
 .rodata.Font_Microsoft_16_0x57
                0x08002d14        0xc CMakeFiles/rtos.dir/Project/App/tetris/tetris.c.obj
 .rodata.Font_Microsoft_16_0x58
                0x08002d20        0xc CMakeFiles/rtos.dir/Project/App/tetris/tetris.c.obj
 .rodata.Font_Microsoft_16_0x59
                0x08002d2c        0xc CMakeFiles/rtos.dir/Project/App/tetris/tetris.c.obj
 .rodata.Font_Microsoft_16_0x5a
                0x08002d38        0xc CMakeFiles/rtos.dir/Project/App/tetris/tetris.c.obj
 .rodata.Font_Microsoft_16_0x5b
                0x08002d44        0xc CMakeFiles/rtos.dir/Project/App/tetris/tetris.c.obj
 .rodata.Font_Microsoft_16_0x5c
                0x08002d50        0xc CMakeFiles/rtos.dir/Project/App/tetris/tetris.c.obj
 .rodata.Font_Microsoft_16_0x5d
                0x08002d5c        0xc CMakeFiles/rtos.dir/Project/App/tetris/tetris.c.obj
 .rodata.Font_Microsoft_16_0x5e
                0x08002d68        0xc CMakeFiles/rtos.dir/Project/App/tetris/tetris.c.obj
 .rodata.Font_Microsoft_16_0x5f
                0x08002d74        0xc CMakeFiles/rtos.dir/Project/App/tetris/tetris.c.obj
 .rodata.Font_Microsoft_16_0x60
                0x08002d80        0xc CMakeFiles/rtos.dir/Project/App/tetris/tetris.c.obj
 .rodata.Font_Microsoft_16_0x61
                0x08002d8c        0xc CMakeFiles/rtos.dir/Project/App/tetris/tetris.c.obj
 .rodata.Font_Microsoft_16_0x62
                0x08002d98        0xc CMakeFiles/rtos.dir/Project/App/tetris/tetris.c.obj
 .rodata.Font_Microsoft_16_0x63
                0x08002da4        0xc CMakeFiles/rtos.dir/Project/App/tetris/tetris.c.obj
 .rodata.Font_Microsoft_16_0x64
                0x08002db0        0xc CMakeFiles/rtos.dir/Project/App/tetris/tetris.c.obj
 .rodata.Font_Microsoft_16_0x65
                0x08002dbc        0xc CMakeFiles/rtos.dir/Project/App/tetris/tetris.c.obj
 .rodata.Font_Microsoft_16_0x66
                0x08002dc8        0xc CMakeFiles/rtos.dir/Project/App/tetris/tetris.c.obj
 .rodata.Font_Microsoft_16_0x67
                0x08002dd4        0xc CMakeFiles/rtos.dir/Project/App/tetris/tetris.c.obj
 .rodata.Font_Microsoft_16_0x68
                0x08002de0        0xc CMakeFiles/rtos.dir/Project/App/tetris/tetris.c.obj
 .rodata.Font_Microsoft_16_0x69
                0x08002dec        0xc CMakeFiles/rtos.dir/Project/App/tetris/tetris.c.obj
 .rodata.Font_Microsoft_16_0x6a
                0x08002df8        0xc CMakeFiles/rtos.dir/Project/App/tetris/tetris.c.obj
 .rodata.Font_Microsoft_16_0x6b
                0x08002e04        0xc CMakeFiles/rtos.dir/Project/App/tetris/tetris.c.obj
 .rodata.Font_Microsoft_16_0x6c
                0x08002e10        0xc CMakeFiles/rtos.dir/Project/App/tetris/tetris.c.obj
 .rodata.Font_Microsoft_16_0x6d
                0x08002e1c        0xc CMakeFiles/rtos.dir/Project/App/tetris/tetris.c.obj
 .rodata.Font_Microsoft_16_0x6e
                0x08002e28        0xc CMakeFiles/rtos.dir/Project/App/tetris/tetris.c.obj
 .rodata.Font_Microsoft_16_0x6f
                0x08002e34        0xc CMakeFiles/rtos.dir/Project/App/tetris/tetris.c.obj
 .rodata.Font_Microsoft_16_0x70
                0x08002e40        0xc CMakeFiles/rtos.dir/Project/App/tetris/tetris.c.obj
 .rodata.Font_Microsoft_16_0x71
                0x08002e4c        0xc CMakeFiles/rtos.dir/Project/App/tetris/tetris.c.obj
 .rodata.Font_Microsoft_16_0x72
                0x08002e58        0xc CMakeFiles/rtos.dir/Project/App/tetris/tetris.c.obj
 .rodata.Font_Microsoft_16_0x73
                0x08002e64        0xc CMakeFiles/rtos.dir/Project/App/tetris/tetris.c.obj
 .rodata.Font_Microsoft_16_0x74
                0x08002e70        0xc CMakeFiles/rtos.dir/Project/App/tetris/tetris.c.obj
 .rodata.Font_Microsoft_16_0x75
                0x08002e7c        0xc CMakeFiles/rtos.dir/Project/App/tetris/tetris.c.obj
 .rodata.Font_Microsoft_16_0x76
                0x08002e88        0xc CMakeFiles/rtos.dir/Project/App/tetris/tetris.c.obj
 .rodata.Font_Microsoft_16_0x77
                0x08002e94        0xc CMakeFiles/rtos.dir/Project/App/tetris/tetris.c.obj
 .rodata.Font_Microsoft_16_0x78
                0x08002ea0        0xc CMakeFiles/rtos.dir/Project/App/tetris/tetris.c.obj
 .rodata.Font_Microsoft_16_0x79
                0x08002eac        0xc CMakeFiles/rtos.dir/Project/App/tetris/tetris.c.obj
 .rodata.Font_Microsoft_16_0x7a
                0x08002eb8        0xc CMakeFiles/rtos.dir/Project/App/tetris/tetris.c.obj
 .rodata.Font_Microsoft_16_0x7b
                0x08002ec4        0xc CMakeFiles/rtos.dir/Project/App/tetris/tetris.c.obj
 .rodata.Font_Microsoft_16_0x7c
                0x08002ed0        0xc CMakeFiles/rtos.dir/Project/App/tetris/tetris.c.obj
 .rodata.Font_Microsoft_16_0x7d
                0x08002edc        0xc CMakeFiles/rtos.dir/Project/App/tetris/tetris.c.obj
 .rodata.Font_Microsoft_16_0x7e
                0x08002ee8        0xc CMakeFiles/rtos.dir/Project/App/tetris/tetris.c.obj
 .rodata.Font_Microsoft_16_array
                0x08002ef4      0x2f8 CMakeFiles/rtos.dir/Project/App/tetris/tetris.c.obj
 .rodata.arrow_anim
                0x080031ec        0xc CMakeFiles/rtos.dir/Project/App/tetris/tetris.c.obj
 .rodata.arrow_arr
                0x080031f8       0xc0 CMakeFiles/rtos.dir/Project/App/tetris/tetris.c.obj
 .rodata.arrow_data
                0x080032b8        0x8 CMakeFiles/rtos.dir/Project/App/tetris/tetris.c.obj
 .rodata.font_microsoft_16
                0x080032c0        0x8 CMakeFiles/rtos.dir/Project/App/tetris/tetris.c.obj
 .rodata.frame_btn_anim
                0x080032c8        0xc CMakeFiles/rtos.dir/Project/App/tetris/tetris.c.obj
 .rodata.frame_btn_arr
                0x080032d4      0x4b9 CMakeFiles/rtos.dir/Project/App/tetris/tetris.c.obj
 *fill*         0x0800378d        0x3 
 .rodata.frame_btn_data
                0x08003790        0x4 CMakeFiles/rtos.dir/Project/App/tetris/tetris.c.obj
 .rodata.image_data_Font_Microsoft_16_0x20
                0x08003794        0xc CMakeFiles/rtos.dir/Project/App/tetris/tetris.c.obj
 .rodata.image_data_Font_Microsoft_16_0x21
                0x080037a0        0xf CMakeFiles/rtos.dir/Project/App/tetris/tetris.c.obj
 *fill*         0x080037af        0x1 
 .rodata.image_data_Font_Microsoft_16_0x22
                0x080037b0       0x15 CMakeFiles/rtos.dir/Project/App/tetris/tetris.c.obj
 *fill*         0x080037c5        0x3 
 .rodata.image_data_Font_Microsoft_16_0x23
                0x080037c8       0x1e CMakeFiles/rtos.dir/Project/App/tetris/tetris.c.obj
 *fill*         0x080037e6        0x2 
 .rodata.image_data_Font_Microsoft_16_0x24
                0x080037e8       0x1b CMakeFiles/rtos.dir/Project/App/tetris/tetris.c.obj
 *fill*         0x08003803        0x1 
 .rodata.image_data_Font_Microsoft_16_0x25
                0x08003804       0x2a CMakeFiles/rtos.dir/Project/App/tetris/tetris.c.obj
 *fill*         0x0800382e        0x2 
 .rodata.image_data_Font_Microsoft_16_0x26
                0x08003830       0x2a CMakeFiles/rtos.dir/Project/App/tetris/tetris.c.obj
 *fill*         0x0800385a        0x2 
 .rodata.image_data_Font_Microsoft_16_0x27
                0x0800385c        0xc CMakeFiles/rtos.dir/Project/App/tetris/tetris.c.obj
 .rodata.image_data_Font_Microsoft_16_0x28
                0x08003868        0xf CMakeFiles/rtos.dir/Project/App/tetris/tetris.c.obj
 *fill*         0x08003877        0x1 
 .rodata.image_data_Font_Microsoft_16_0x29
                0x08003878        0xf CMakeFiles/rtos.dir/Project/App/tetris/tetris.c.obj
 *fill*         0x08003887        0x1 
 .rodata.image_data_Font_Microsoft_16_0x2a
                0x08003888       0x15 CMakeFiles/rtos.dir/Project/App/tetris/tetris.c.obj
 *fill*         0x0800389d        0x3 
 .rodata.image_data_Font_Microsoft_16_0x2b
                0x080038a0       0x24 CMakeFiles/rtos.dir/Project/App/tetris/tetris.c.obj
 .rodata.image_data_Font_Microsoft_16_0x2c
                0x080038c4        0xc CMakeFiles/rtos.dir/Project/App/tetris/tetris.c.obj
 .rodata.image_data_Font_Microsoft_16_0x2d
                0x080038d0       0x15 CMakeFiles/rtos.dir/Project/App/tetris/tetris.c.obj
 *fill*         0x080038e5        0x3 
 .rodata.image_data_Font_Microsoft_16_0x2e
                0x080038e8        0xc CMakeFiles/rtos.dir/Project/App/tetris/tetris.c.obj
 .rodata.image_data_Font_Microsoft_16_0x2f
                0x080038f4       0x15 CMakeFiles/rtos.dir/Project/App/tetris/tetris.c.obj
 *fill*         0x08003909        0x3 
 .rodata.image_data_Font_Microsoft_16_0x30
                0x0800390c       0x1b CMakeFiles/rtos.dir/Project/App/tetris/tetris.c.obj
 *fill*         0x08003927        0x1 
 .rodata.image_data_Font_Microsoft_16_0x31
                0x08003928       0x1b CMakeFiles/rtos.dir/Project/App/tetris/tetris.c.obj
 *fill*         0x08003943        0x1 
 .rodata.image_data_Font_Microsoft_16_0x32
                0x08003944       0x1b CMakeFiles/rtos.dir/Project/App/tetris/tetris.c.obj
 *fill*         0x0800395f        0x1 
 .rodata.image_data_Font_Microsoft_16_0x33
                0x08003960       0x1b CMakeFiles/rtos.dir/Project/App/tetris/tetris.c.obj
 *fill*         0x0800397b        0x1 
 .rodata.image_data_Font_Microsoft_16_0x34
                0x0800397c       0x1b CMakeFiles/rtos.dir/Project/App/tetris/tetris.c.obj
 *fill*         0x08003997        0x1 
 .rodata.image_data_Font_Microsoft_16_0x35
                0x08003998       0x1b CMakeFiles/rtos.dir/Project/App/tetris/tetris.c.obj
 *fill*         0x080039b3        0x1 
 .rodata.image_data_Font_Microsoft_16_0x36
                0x080039b4       0x1b CMakeFiles/rtos.dir/Project/App/tetris/tetris.c.obj
 *fill*         0x080039cf        0x1 
 .rodata.image_data_Font_Microsoft_16_0x37
                0x080039d0       0x1b CMakeFiles/rtos.dir/Project/App/tetris/tetris.c.obj
 *fill*         0x080039eb        0x1 
 .rodata.image_data_Font_Microsoft_16_0x38
                0x080039ec       0x1b CMakeFiles/rtos.dir/Project/App/tetris/tetris.c.obj
 *fill*         0x08003a07        0x1 
 .rodata.image_data_Font_Microsoft_16_0x39
                0x08003a08       0x1b CMakeFiles/rtos.dir/Project/App/tetris/tetris.c.obj
 *fill*         0x08003a23        0x1 
 .rodata.image_data_Font_Microsoft_16_0x3a
                0x08003a24        0xc CMakeFiles/rtos.dir/Project/App/tetris/tetris.c.obj
 .rodata.image_data_Font_Microsoft_16_0x3b
                0x08003a30        0xc CMakeFiles/rtos.dir/Project/App/tetris/tetris.c.obj
 .rodata.image_data_Font_Microsoft_16_0x3c
                0x08003a3c       0x24 CMakeFiles/rtos.dir/Project/App/tetris/tetris.c.obj
 .rodata.image_data_Font_Microsoft_16_0x3d
                0x08003a60       0x24 CMakeFiles/rtos.dir/Project/App/tetris/tetris.c.obj
 .rodata.image_data_Font_Microsoft_16_0x3e
                0x08003a84       0x24 CMakeFiles/rtos.dir/Project/App/tetris/tetris.c.obj
 .rodata.image_data_Font_Microsoft_16_0x3f
                0x08003aa8       0x18 CMakeFiles/rtos.dir/Project/App/tetris/tetris.c.obj
 .rodata.image_data_Font_Microsoft_16_0x40
                0x08003ac0       0x33 CMakeFiles/rtos.dir/Project/App/tetris/tetris.c.obj
 *fill*         0x08003af3        0x1 
 .rodata.image_data_Font_Microsoft_16_0x41
                0x08003af4       0x21 CMakeFiles/rtos.dir/Project/App/tetris/tetris.c.obj
 *fill*         0x08003b15        0x3 
 .rodata.image_data_Font_Microsoft_16_0x42
                0x08003b18       0x1e CMakeFiles/rtos.dir/Project/App/tetris/tetris.c.obj
 *fill*         0x08003b36        0x2 
 .rodata.image_data_Font_Microsoft_16_0x43
                0x08003b38       0x21 CMakeFiles/rtos.dir/Project/App/tetris/tetris.c.obj
 *fill*         0x08003b59        0x3 
 .rodata.image_data_Font_Microsoft_16_0x44
                0x08003b5c       0x24 CMakeFiles/rtos.dir/Project/App/tetris/tetris.c.obj
 .rodata.image_data_Font_Microsoft_16_0x45
                0x08003b80       0x1b CMakeFiles/rtos.dir/Project/App/tetris/tetris.c.obj
 *fill*         0x08003b9b        0x1 
 .rodata.image_data_Font_Microsoft_16_0x46
                0x08003b9c       0x18 CMakeFiles/rtos.dir/Project/App/tetris/tetris.c.obj
 .rodata.image_data_Font_Microsoft_16_0x47
                0x08003bb4       0x24 CMakeFiles/rtos.dir/Project/App/tetris/tetris.c.obj
 .rodata.image_data_Font_Microsoft_16_0x48
                0x08003bd8       0x24 CMakeFiles/rtos.dir/Project/App/tetris/tetris.c.obj
 .rodata.image_data_Font_Microsoft_16_0x49
                0x08003bfc        0xf CMakeFiles/rtos.dir/Project/App/tetris/tetris.c.obj
 *fill*         0x08003c0b        0x1 
 .rodata.image_data_Font_Microsoft_16_0x4a
                0x08003c0c       0x12 CMakeFiles/rtos.dir/Project/App/tetris/tetris.c.obj
 *fill*         0x08003c1e        0x2 
 .rodata.image_data_Font_Microsoft_16_0x4b
                0x08003c20       0x21 CMakeFiles/rtos.dir/Project/App/tetris/tetris.c.obj
 *fill*         0x08003c41        0x3 
 .rodata.image_data_Font_Microsoft_16_0x4c
                0x08003c44       0x18 CMakeFiles/rtos.dir/Project/App/tetris/tetris.c.obj
 .rodata.image_data_Font_Microsoft_16_0x4d
                0x08003c5c       0x2d CMakeFiles/rtos.dir/Project/App/tetris/tetris.c.obj
 *fill*         0x08003c89        0x3 
 .rodata.image_data_Font_Microsoft_16_0x4e
                0x08003c8c       0x27 CMakeFiles/rtos.dir/Project/App/tetris/tetris.c.obj
 *fill*         0x08003cb3        0x1 
 .rodata.image_data_Font_Microsoft_16_0x4f
                0x08003cb4       0x27 CMakeFiles/rtos.dir/Project/App/tetris/tetris.c.obj
 *fill*         0x08003cdb        0x1 
 .rodata.image_data_Font_Microsoft_16_0x50
                0x08003cdc       0x1e CMakeFiles/rtos.dir/Project/App/tetris/tetris.c.obj
 *fill*         0x08003cfa        0x2 
 .rodata.image_data_Font_Microsoft_16_0x51
                0x08003cfc       0x27 CMakeFiles/rtos.dir/Project/App/tetris/tetris.c.obj
 *fill*         0x08003d23        0x1 
 .rodata.image_data_Font_Microsoft_16_0x52
                0x08003d24       0x1e CMakeFiles/rtos.dir/Project/App/tetris/tetris.c.obj
 *fill*         0x08003d42        0x2 
 .rodata.image_data_Font_Microsoft_16_0x53
                0x08003d44       0x1b CMakeFiles/rtos.dir/Project/App/tetris/tetris.c.obj
 *fill*         0x08003d5f        0x1 
 .rodata.image_data_Font_Microsoft_16_0x54
                0x08003d60       0x1b CMakeFiles/rtos.dir/Project/App/tetris/tetris.c.obj
 *fill*         0x08003d7b        0x1 
 .rodata.image_data_Font_Microsoft_16_0x55
                0x08003d7c       0x24 CMakeFiles/rtos.dir/Project/App/tetris/tetris.c.obj
 .rodata.image_data_Font_Microsoft_16_0x56
                0x08003da0       0x21 CMakeFiles/rtos.dir/Project/App/tetris/tetris.c.obj
 *fill*         0x08003dc1        0x3 
 .rodata.image_data_Font_Microsoft_16_0x57
                0x08003dc4       0x30 CMakeFiles/rtos.dir/Project/App/tetris/tetris.c.obj
 .rodata.image_data_Font_Microsoft_16_0x58
                0x08003df4       0x1e CMakeFiles/rtos.dir/Project/App/tetris/tetris.c.obj
 *fill*         0x08003e12        0x2 
 .rodata.image_data_Font_Microsoft_16_0x59
                0x08003e14       0x1e CMakeFiles/rtos.dir/Project/App/tetris/tetris.c.obj
 *fill*         0x08003e32        0x2 
 .rodata.image_data_Font_Microsoft_16_0x5a
                0x08003e34       0x1e CMakeFiles/rtos.dir/Project/App/tetris/tetris.c.obj
 *fill*         0x08003e52        0x2 
 .rodata.image_data_Font_Microsoft_16_0x5b
                0x08003e54        0xf CMakeFiles/rtos.dir/Project/App/tetris/tetris.c.obj
 *fill*         0x08003e63        0x1 
 .rodata.image_data_Font_Microsoft_16_0x5c
                0x08003e64       0x12 CMakeFiles/rtos.dir/Project/App/tetris/tetris.c.obj
 *fill*         0x08003e76        0x2 
 .rodata.image_data_Font_Microsoft_16_0x5d
                0x08003e78        0xf CMakeFiles/rtos.dir/Project/App/tetris/tetris.c.obj
 *fill*         0x08003e87        0x1 
 .rodata.image_data_Font_Microsoft_16_0x5e
                0x08003e88       0x24 CMakeFiles/rtos.dir/Project/App/tetris/tetris.c.obj
 .rodata.image_data_Font_Microsoft_16_0x5f
                0x08003eac       0x15 CMakeFiles/rtos.dir/Project/App/tetris/tetris.c.obj
 *fill*         0x08003ec1        0x3 
 .rodata.image_data_Font_Microsoft_16_0x60
                0x08003ec4        0xf CMakeFiles/rtos.dir/Project/App/tetris/tetris.c.obj
 *fill*         0x08003ed3        0x1 
 .rodata.image_data_Font_Microsoft_16_0x61
                0x08003ed4       0x1b CMakeFiles/rtos.dir/Project/App/tetris/tetris.c.obj
 *fill*         0x08003eef        0x1 
 .rodata.image_data_Font_Microsoft_16_0x62
                0x08003ef0       0x1e CMakeFiles/rtos.dir/Project/App/tetris/tetris.c.obj
 *fill*         0x08003f0e        0x2 
 .rodata.image_data_Font_Microsoft_16_0x63
                0x08003f10       0x18 CMakeFiles/rtos.dir/Project/App/tetris/tetris.c.obj
 .rodata.image_data_Font_Microsoft_16_0x64
                0x08003f28       0x1e CMakeFiles/rtos.dir/Project/App/tetris/tetris.c.obj
 *fill*         0x08003f46        0x2 
 .rodata.image_data_Font_Microsoft_16_0x65
                0x08003f48       0x1b CMakeFiles/rtos.dir/Project/App/tetris/tetris.c.obj
 *fill*         0x08003f63        0x1 
 .rodata.image_data_Font_Microsoft_16_0x66
                0x08003f64        0xf CMakeFiles/rtos.dir/Project/App/tetris/tetris.c.obj
 *fill*         0x08003f73        0x1 
 .rodata.image_data_Font_Microsoft_16_0x67
                0x08003f74       0x1e CMakeFiles/rtos.dir/Project/App/tetris/tetris.c.obj
 *fill*         0x08003f92        0x2 
 .rodata.image_data_Font_Microsoft_16_0x68
                0x08003f94       0x1e CMakeFiles/rtos.dir/Project/App/tetris/tetris.c.obj
 *fill*         0x08003fb2        0x2 
 .rodata.image_data_Font_Microsoft_16_0x69
                0x08003fb4        0xc CMakeFiles/rtos.dir/Project/App/tetris/tetris.c.obj
 .rodata.image_data_Font_Microsoft_16_0x6a
                0x08003fc0        0xc CMakeFiles/rtos.dir/Project/App/tetris/tetris.c.obj
 .rodata.image_data_Font_Microsoft_16_0x6b
                0x08003fcc       0x1e CMakeFiles/rtos.dir/Project/App/tetris/tetris.c.obj
 *fill*         0x08003fea        0x2 
 .rodata.image_data_Font_Microsoft_16_0x6c
                0x08003fec        0xc CMakeFiles/rtos.dir/Project/App/tetris/tetris.c.obj
 .rodata.image_data_Font_Microsoft_16_0x6d
                0x08003ff8       0x2d CMakeFiles/rtos.dir/Project/App/tetris/tetris.c.obj
 *fill*         0x08004025        0x3 
 .rodata.image_data_Font_Microsoft_16_0x6e
                0x08004028       0x1e CMakeFiles/rtos.dir/Project/App/tetris/tetris.c.obj
 *fill*         0x08004046        0x2 
 .rodata.image_data_Font_Microsoft_16_0x6f
                0x08004048       0x1e CMakeFiles/rtos.dir/Project/App/tetris/tetris.c.obj
 *fill*         0x08004066        0x2 
 .rodata.image_data_Font_Microsoft_16_0x70
                0x08004068       0x1e CMakeFiles/rtos.dir/Project/App/tetris/tetris.c.obj
 *fill*         0x08004086        0x2 
 .rodata.image_data_Font_Microsoft_16_0x71
                0x08004088       0x1e CMakeFiles/rtos.dir/Project/App/tetris/tetris.c.obj
 *fill*         0x080040a6        0x2 
 .rodata.image_data_Font_Microsoft_16_0x72
                0x080040a8       0x12 CMakeFiles/rtos.dir/Project/App/tetris/tetris.c.obj
 *fill*         0x080040ba        0x2 
 .rodata.image_data_Font_Microsoft_16_0x73
                0x080040bc       0x15 CMakeFiles/rtos.dir/Project/App/tetris/tetris.c.obj
 *fill*         0x080040d1        0x3 
 .rodata.image_data_Font_Microsoft_16_0x74
                0x080040d4       0x12 CMakeFiles/rtos.dir/Project/App/tetris/tetris.c.obj
 *fill*         0x080040e6        0x2 
 .rodata.image_data_Font_Microsoft_16_0x75
                0x080040e8       0x1e CMakeFiles/rtos.dir/Project/App/tetris/tetris.c.obj
 *fill*         0x08004106        0x2 
 .rodata.image_data_Font_Microsoft_16_0x76
                0x08004108       0x18 CMakeFiles/rtos.dir/Project/App/tetris/tetris.c.obj
 .rodata.image_data_Font_Microsoft_16_0x77
                0x08004120       0x24 CMakeFiles/rtos.dir/Project/App/tetris/tetris.c.obj
 .rodata.image_data_Font_Microsoft_16_0x78
                0x08004144       0x18 CMakeFiles/rtos.dir/Project/App/tetris/tetris.c.obj
 .rodata.image_data_Font_Microsoft_16_0x79
                0x0800415c       0x18 CMakeFiles/rtos.dir/Project/App/tetris/tetris.c.obj
 .rodata.image_data_Font_Microsoft_16_0x7a
                0x08004174       0x18 CMakeFiles/rtos.dir/Project/App/tetris/tetris.c.obj
 .rodata.image_data_Font_Microsoft_16_0x7b
                0x0800418c        0xf CMakeFiles/rtos.dir/Project/App/tetris/tetris.c.obj
 *fill*         0x0800419b        0x1 
 .rodata.image_data_Font_Microsoft_16_0x7c
                0x0800419c        0xc CMakeFiles/rtos.dir/Project/App/tetris/tetris.c.obj
 .rodata.image_data_Font_Microsoft_16_0x7d
                0x080041a8        0xf CMakeFiles/rtos.dir/Project/App/tetris/tetris.c.obj
 *fill*         0x080041b7        0x1 
 .rodata.image_data_Font_Microsoft_16_0x7e
                0x080041b8       0x24 CMakeFiles/rtos.dir/Project/App/tetris/tetris.c.obj
 .rodata.option_btn_anim
                0x080041dc        0xc CMakeFiles/rtos.dir/Project/App/tetris/tetris.c.obj
 .rodata.option_btn_arr
                0x080041e8      0x4b9 CMakeFiles/rtos.dir/Project/App/tetris/tetris.c.obj
 *fill*         0x080046a1        0x3 
 .rodata.option_btn_data
                0x080046a4        0x4 CMakeFiles/rtos.dir/Project/App/tetris/tetris.c.obj
 .rodata.start_btn_anim
                0x080046a8        0xc CMakeFiles/rtos.dir/Project/App/tetris/tetris.c.obj
 .rodata.start_btn_arr
                0x080046b4      0x4b9 CMakeFiles/rtos.dir/Project/App/tetris/tetris.c.obj
 *fill*         0x08004b6d        0x3 
 .rodata.start_btn_data
                0x08004b70        0x4 CMakeFiles/rtos.dir/Project/App/tetris/tetris.c.obj
 .rodata.title_anim
                0x08004b74        0xc CMakeFiles/rtos.dir/Project/App/tetris/tetris.c.obj
 .rodata.title_arr
                0x08004b80      0x972 CMakeFiles/rtos.dir/Project/App/tetris/tetris.c.obj
 *fill*         0x080054f2        0x2 
 .rodata.title_data
                0x080054f4        0x4 CMakeFiles/rtos.dir/Project/App/tetris/tetris.c.obj
 .rodata.dura_born_fire
                0x080054f8       0x48 CMakeFiles/rtos.dir/Project/Devices/buzzer/tie_buzzer.c.obj
 .rodata.dura_d
                0x08005540       0x30 CMakeFiles/rtos.dir/Project/Devices/buzzer/tie_buzzer.c.obj
 .rodata.dura_init
                0x08005570        0x2 CMakeFiles/rtos.dir/Project/Devices/buzzer/tie_buzzer.c.obj
 *fill*         0x08005572        0x2 
 .rodata.dura_op1
                0x08005574       0x2a CMakeFiles/rtos.dir/Project/Devices/buzzer/tie_buzzer.c.obj
 *fill*         0x0800559e        0x2 
 .rodata.fre_born_fire
                0x080055a0       0x48 CMakeFiles/rtos.dir/Project/Devices/buzzer/tie_buzzer.c.obj
 .rodata.fre_d  0x080055e8       0x30 CMakeFiles/rtos.dir/Project/Devices/buzzer/tie_buzzer.c.obj
 .rodata.fre_init
                0x08005618        0x2 CMakeFiles/rtos.dir/Project/Devices/buzzer/tie_buzzer.c.obj
 *fill*         0x0800561a        0x2 
 .rodata.fre_op1
                0x0800561c       0x2a CMakeFiles/rtos.dir/Project/Devices/buzzer/tie_buzzer.c.obj
 *fill*         0x08005646        0x2 
 .rodata.start_born_fire
                0x08005648       0x4a CMakeFiles/rtos.dir/Project/Devices/buzzer/tie_buzzer.c.obj
 *fill*         0x08005692        0x2 
 .rodata.start_d
                0x08005694       0x32 CMakeFiles/rtos.dir/Project/Devices/buzzer/tie_buzzer.c.obj
 *fill*         0x080056c6        0x2 
 .rodata.start_init
                0x080056c8        0x4 CMakeFiles/rtos.dir/Project/Devices/buzzer/tie_buzzer.c.obj
 .rodata.start_op1
                0x080056cc       0x2c CMakeFiles/rtos.dir/Project/Devices/buzzer/tie_buzzer.c.obj
 .rodata.Font_Microsoft_16_0x20
                0x080056f8        0xc CMakeFiles/rtos.dir/Project/Devices/lcd/tie_st7789.c.obj
 .rodata.Font_Microsoft_16_0x21
                0x08005704        0xc CMakeFiles/rtos.dir/Project/Devices/lcd/tie_st7789.c.obj
 .rodata.Font_Microsoft_16_0x22
                0x08005710        0xc CMakeFiles/rtos.dir/Project/Devices/lcd/tie_st7789.c.obj
 .rodata.Font_Microsoft_16_0x23
                0x0800571c        0xc CMakeFiles/rtos.dir/Project/Devices/lcd/tie_st7789.c.obj
 .rodata.Font_Microsoft_16_0x24
                0x08005728        0xc CMakeFiles/rtos.dir/Project/Devices/lcd/tie_st7789.c.obj
 .rodata.Font_Microsoft_16_0x25
                0x08005734        0xc CMakeFiles/rtos.dir/Project/Devices/lcd/tie_st7789.c.obj
 .rodata.Font_Microsoft_16_0x26
                0x08005740        0xc CMakeFiles/rtos.dir/Project/Devices/lcd/tie_st7789.c.obj
 .rodata.Font_Microsoft_16_0x27
                0x0800574c        0xc CMakeFiles/rtos.dir/Project/Devices/lcd/tie_st7789.c.obj
 .rodata.Font_Microsoft_16_0x28
                0x08005758        0xc CMakeFiles/rtos.dir/Project/Devices/lcd/tie_st7789.c.obj
 .rodata.Font_Microsoft_16_0x29
                0x08005764        0xc CMakeFiles/rtos.dir/Project/Devices/lcd/tie_st7789.c.obj
 .rodata.Font_Microsoft_16_0x2a
                0x08005770        0xc CMakeFiles/rtos.dir/Project/Devices/lcd/tie_st7789.c.obj
 .rodata.Font_Microsoft_16_0x2b
                0x0800577c        0xc CMakeFiles/rtos.dir/Project/Devices/lcd/tie_st7789.c.obj
 .rodata.Font_Microsoft_16_0x2c
                0x08005788        0xc CMakeFiles/rtos.dir/Project/Devices/lcd/tie_st7789.c.obj
 .rodata.Font_Microsoft_16_0x2d
                0x08005794        0xc CMakeFiles/rtos.dir/Project/Devices/lcd/tie_st7789.c.obj
 .rodata.Font_Microsoft_16_0x2e
                0x080057a0        0xc CMakeFiles/rtos.dir/Project/Devices/lcd/tie_st7789.c.obj
 .rodata.Font_Microsoft_16_0x2f
                0x080057ac        0xc CMakeFiles/rtos.dir/Project/Devices/lcd/tie_st7789.c.obj
 .rodata.Font_Microsoft_16_0x30
                0x080057b8        0xc CMakeFiles/rtos.dir/Project/Devices/lcd/tie_st7789.c.obj
 .rodata.Font_Microsoft_16_0x31
                0x080057c4        0xc CMakeFiles/rtos.dir/Project/Devices/lcd/tie_st7789.c.obj
 .rodata.Font_Microsoft_16_0x32
                0x080057d0        0xc CMakeFiles/rtos.dir/Project/Devices/lcd/tie_st7789.c.obj
 .rodata.Font_Microsoft_16_0x33
                0x080057dc        0xc CMakeFiles/rtos.dir/Project/Devices/lcd/tie_st7789.c.obj
 .rodata.Font_Microsoft_16_0x34
                0x080057e8        0xc CMakeFiles/rtos.dir/Project/Devices/lcd/tie_st7789.c.obj
 .rodata.Font_Microsoft_16_0x35
                0x080057f4        0xc CMakeFiles/rtos.dir/Project/Devices/lcd/tie_st7789.c.obj
 .rodata.Font_Microsoft_16_0x36
                0x08005800        0xc CMakeFiles/rtos.dir/Project/Devices/lcd/tie_st7789.c.obj
 .rodata.Font_Microsoft_16_0x37
                0x0800580c        0xc CMakeFiles/rtos.dir/Project/Devices/lcd/tie_st7789.c.obj
 .rodata.Font_Microsoft_16_0x38
                0x08005818        0xc CMakeFiles/rtos.dir/Project/Devices/lcd/tie_st7789.c.obj
 .rodata.Font_Microsoft_16_0x39
                0x08005824        0xc CMakeFiles/rtos.dir/Project/Devices/lcd/tie_st7789.c.obj
 .rodata.Font_Microsoft_16_0x3a
                0x08005830        0xc CMakeFiles/rtos.dir/Project/Devices/lcd/tie_st7789.c.obj
 .rodata.Font_Microsoft_16_0x3b
                0x0800583c        0xc CMakeFiles/rtos.dir/Project/Devices/lcd/tie_st7789.c.obj
 .rodata.Font_Microsoft_16_0x3c
                0x08005848        0xc CMakeFiles/rtos.dir/Project/Devices/lcd/tie_st7789.c.obj
 .rodata.Font_Microsoft_16_0x3d
                0x08005854        0xc CMakeFiles/rtos.dir/Project/Devices/lcd/tie_st7789.c.obj
 .rodata.Font_Microsoft_16_0x3e
                0x08005860        0xc CMakeFiles/rtos.dir/Project/Devices/lcd/tie_st7789.c.obj
 .rodata.Font_Microsoft_16_0x3f
                0x0800586c        0xc CMakeFiles/rtos.dir/Project/Devices/lcd/tie_st7789.c.obj
 .rodata.Font_Microsoft_16_0x40
                0x08005878        0xc CMakeFiles/rtos.dir/Project/Devices/lcd/tie_st7789.c.obj
 .rodata.Font_Microsoft_16_0x41
                0x08005884        0xc CMakeFiles/rtos.dir/Project/Devices/lcd/tie_st7789.c.obj
 .rodata.Font_Microsoft_16_0x42
                0x08005890        0xc CMakeFiles/rtos.dir/Project/Devices/lcd/tie_st7789.c.obj
 .rodata.Font_Microsoft_16_0x43
                0x0800589c        0xc CMakeFiles/rtos.dir/Project/Devices/lcd/tie_st7789.c.obj
 .rodata.Font_Microsoft_16_0x44
                0x080058a8        0xc CMakeFiles/rtos.dir/Project/Devices/lcd/tie_st7789.c.obj
 .rodata.Font_Microsoft_16_0x45
                0x080058b4        0xc CMakeFiles/rtos.dir/Project/Devices/lcd/tie_st7789.c.obj
 .rodata.Font_Microsoft_16_0x46
                0x080058c0        0xc CMakeFiles/rtos.dir/Project/Devices/lcd/tie_st7789.c.obj
 .rodata.Font_Microsoft_16_0x47
                0x080058cc        0xc CMakeFiles/rtos.dir/Project/Devices/lcd/tie_st7789.c.obj
 .rodata.Font_Microsoft_16_0x48
                0x080058d8        0xc CMakeFiles/rtos.dir/Project/Devices/lcd/tie_st7789.c.obj
 .rodata.Font_Microsoft_16_0x49
                0x080058e4        0xc CMakeFiles/rtos.dir/Project/Devices/lcd/tie_st7789.c.obj
 .rodata.Font_Microsoft_16_0x4a
                0x080058f0        0xc CMakeFiles/rtos.dir/Project/Devices/lcd/tie_st7789.c.obj
 .rodata.Font_Microsoft_16_0x4b
                0x080058fc        0xc CMakeFiles/rtos.dir/Project/Devices/lcd/tie_st7789.c.obj
 .rodata.Font_Microsoft_16_0x4c
                0x08005908        0xc CMakeFiles/rtos.dir/Project/Devices/lcd/tie_st7789.c.obj
 .rodata.Font_Microsoft_16_0x4d
                0x08005914        0xc CMakeFiles/rtos.dir/Project/Devices/lcd/tie_st7789.c.obj
 .rodata.Font_Microsoft_16_0x4e
                0x08005920        0xc CMakeFiles/rtos.dir/Project/Devices/lcd/tie_st7789.c.obj
 .rodata.Font_Microsoft_16_0x4f
                0x0800592c        0xc CMakeFiles/rtos.dir/Project/Devices/lcd/tie_st7789.c.obj
 .rodata.Font_Microsoft_16_0x50
                0x08005938        0xc CMakeFiles/rtos.dir/Project/Devices/lcd/tie_st7789.c.obj
 .rodata.Font_Microsoft_16_0x51
                0x08005944        0xc CMakeFiles/rtos.dir/Project/Devices/lcd/tie_st7789.c.obj
 .rodata.Font_Microsoft_16_0x52
                0x08005950        0xc CMakeFiles/rtos.dir/Project/Devices/lcd/tie_st7789.c.obj
 .rodata.Font_Microsoft_16_0x53
                0x0800595c        0xc CMakeFiles/rtos.dir/Project/Devices/lcd/tie_st7789.c.obj
 .rodata.Font_Microsoft_16_0x54
                0x08005968        0xc CMakeFiles/rtos.dir/Project/Devices/lcd/tie_st7789.c.obj
 .rodata.Font_Microsoft_16_0x55
                0x08005974        0xc CMakeFiles/rtos.dir/Project/Devices/lcd/tie_st7789.c.obj
 .rodata.Font_Microsoft_16_0x56
                0x08005980        0xc CMakeFiles/rtos.dir/Project/Devices/lcd/tie_st7789.c.obj
 .rodata.Font_Microsoft_16_0x57
                0x0800598c        0xc CMakeFiles/rtos.dir/Project/Devices/lcd/tie_st7789.c.obj
 .rodata.Font_Microsoft_16_0x58
                0x08005998        0xc CMakeFiles/rtos.dir/Project/Devices/lcd/tie_st7789.c.obj
 .rodata.Font_Microsoft_16_0x59
                0x080059a4        0xc CMakeFiles/rtos.dir/Project/Devices/lcd/tie_st7789.c.obj
 .rodata.Font_Microsoft_16_0x5a
                0x080059b0        0xc CMakeFiles/rtos.dir/Project/Devices/lcd/tie_st7789.c.obj
 .rodata.Font_Microsoft_16_0x5b
                0x080059bc        0xc CMakeFiles/rtos.dir/Project/Devices/lcd/tie_st7789.c.obj
 .rodata.Font_Microsoft_16_0x5c
                0x080059c8        0xc CMakeFiles/rtos.dir/Project/Devices/lcd/tie_st7789.c.obj
 .rodata.Font_Microsoft_16_0x5d
                0x080059d4        0xc CMakeFiles/rtos.dir/Project/Devices/lcd/tie_st7789.c.obj
 .rodata.Font_Microsoft_16_0x5e
                0x080059e0        0xc CMakeFiles/rtos.dir/Project/Devices/lcd/tie_st7789.c.obj
 .rodata.Font_Microsoft_16_0x5f
                0x080059ec        0xc CMakeFiles/rtos.dir/Project/Devices/lcd/tie_st7789.c.obj
 .rodata.Font_Microsoft_16_0x60
                0x080059f8        0xc CMakeFiles/rtos.dir/Project/Devices/lcd/tie_st7789.c.obj
 .rodata.Font_Microsoft_16_0x61
                0x08005a04        0xc CMakeFiles/rtos.dir/Project/Devices/lcd/tie_st7789.c.obj
 .rodata.Font_Microsoft_16_0x62
                0x08005a10        0xc CMakeFiles/rtos.dir/Project/Devices/lcd/tie_st7789.c.obj
 .rodata.Font_Microsoft_16_0x63
                0x08005a1c        0xc CMakeFiles/rtos.dir/Project/Devices/lcd/tie_st7789.c.obj
 .rodata.Font_Microsoft_16_0x64
                0x08005a28        0xc CMakeFiles/rtos.dir/Project/Devices/lcd/tie_st7789.c.obj
 .rodata.Font_Microsoft_16_0x65
                0x08005a34        0xc CMakeFiles/rtos.dir/Project/Devices/lcd/tie_st7789.c.obj
 .rodata.Font_Microsoft_16_0x66
                0x08005a40        0xc CMakeFiles/rtos.dir/Project/Devices/lcd/tie_st7789.c.obj
 .rodata.Font_Microsoft_16_0x67
                0x08005a4c        0xc CMakeFiles/rtos.dir/Project/Devices/lcd/tie_st7789.c.obj
 .rodata.Font_Microsoft_16_0x68
                0x08005a58        0xc CMakeFiles/rtos.dir/Project/Devices/lcd/tie_st7789.c.obj
 .rodata.Font_Microsoft_16_0x69
                0x08005a64        0xc CMakeFiles/rtos.dir/Project/Devices/lcd/tie_st7789.c.obj
 .rodata.Font_Microsoft_16_0x6a
                0x08005a70        0xc CMakeFiles/rtos.dir/Project/Devices/lcd/tie_st7789.c.obj
 .rodata.Font_Microsoft_16_0x6b
                0x08005a7c        0xc CMakeFiles/rtos.dir/Project/Devices/lcd/tie_st7789.c.obj
 .rodata.Font_Microsoft_16_0x6c
                0x08005a88        0xc CMakeFiles/rtos.dir/Project/Devices/lcd/tie_st7789.c.obj
 .rodata.Font_Microsoft_16_0x6d
                0x08005a94        0xc CMakeFiles/rtos.dir/Project/Devices/lcd/tie_st7789.c.obj
 .rodata.Font_Microsoft_16_0x6e
                0x08005aa0        0xc CMakeFiles/rtos.dir/Project/Devices/lcd/tie_st7789.c.obj
 .rodata.Font_Microsoft_16_0x6f
                0x08005aac        0xc CMakeFiles/rtos.dir/Project/Devices/lcd/tie_st7789.c.obj
 .rodata.Font_Microsoft_16_0x70
                0x08005ab8        0xc CMakeFiles/rtos.dir/Project/Devices/lcd/tie_st7789.c.obj
 .rodata.Font_Microsoft_16_0x71
                0x08005ac4        0xc CMakeFiles/rtos.dir/Project/Devices/lcd/tie_st7789.c.obj
 .rodata.Font_Microsoft_16_0x72
                0x08005ad0        0xc CMakeFiles/rtos.dir/Project/Devices/lcd/tie_st7789.c.obj
 .rodata.Font_Microsoft_16_0x73
                0x08005adc        0xc CMakeFiles/rtos.dir/Project/Devices/lcd/tie_st7789.c.obj
 .rodata.Font_Microsoft_16_0x74
                0x08005ae8        0xc CMakeFiles/rtos.dir/Project/Devices/lcd/tie_st7789.c.obj
 .rodata.Font_Microsoft_16_0x75
                0x08005af4        0xc CMakeFiles/rtos.dir/Project/Devices/lcd/tie_st7789.c.obj
 .rodata.Font_Microsoft_16_0x76
                0x08005b00        0xc CMakeFiles/rtos.dir/Project/Devices/lcd/tie_st7789.c.obj
 .rodata.Font_Microsoft_16_0x77
                0x08005b0c        0xc CMakeFiles/rtos.dir/Project/Devices/lcd/tie_st7789.c.obj
 .rodata.Font_Microsoft_16_0x78
                0x08005b18        0xc CMakeFiles/rtos.dir/Project/Devices/lcd/tie_st7789.c.obj
 .rodata.Font_Microsoft_16_0x79
                0x08005b24        0xc CMakeFiles/rtos.dir/Project/Devices/lcd/tie_st7789.c.obj
 .rodata.Font_Microsoft_16_0x7a
                0x08005b30        0xc CMakeFiles/rtos.dir/Project/Devices/lcd/tie_st7789.c.obj
 .rodata.Font_Microsoft_16_0x7b
                0x08005b3c        0xc CMakeFiles/rtos.dir/Project/Devices/lcd/tie_st7789.c.obj
 .rodata.Font_Microsoft_16_0x7c
                0x08005b48        0xc CMakeFiles/rtos.dir/Project/Devices/lcd/tie_st7789.c.obj
 .rodata.Font_Microsoft_16_0x7d
                0x08005b54        0xc CMakeFiles/rtos.dir/Project/Devices/lcd/tie_st7789.c.obj
 .rodata.Font_Microsoft_16_0x7e
                0x08005b60        0xc CMakeFiles/rtos.dir/Project/Devices/lcd/tie_st7789.c.obj
 .rodata.Font_Microsoft_16_array
                0x08005b6c      0x2f8 CMakeFiles/rtos.dir/Project/Devices/lcd/tie_st7789.c.obj
 .rodata.buff_color
                0x08005e64       0x10 CMakeFiles/rtos.dir/Project/Devices/lcd/tie_st7789.c.obj
 .rodata.font_microsoft_16
                0x08005e74        0x8 CMakeFiles/rtos.dir/Project/Devices/lcd/tie_st7789.c.obj
 .rodata.image_data_Font_Microsoft_16_0x20
                0x08005e7c        0xc CMakeFiles/rtos.dir/Project/Devices/lcd/tie_st7789.c.obj
 .rodata.image_data_Font_Microsoft_16_0x21
                0x08005e88        0xf CMakeFiles/rtos.dir/Project/Devices/lcd/tie_st7789.c.obj
 *fill*         0x08005e97        0x1 
 .rodata.image_data_Font_Microsoft_16_0x22
                0x08005e98       0x15 CMakeFiles/rtos.dir/Project/Devices/lcd/tie_st7789.c.obj
 *fill*         0x08005ead        0x3 
 .rodata.image_data_Font_Microsoft_16_0x23
                0x08005eb0       0x1e CMakeFiles/rtos.dir/Project/Devices/lcd/tie_st7789.c.obj
 *fill*         0x08005ece        0x2 
 .rodata.image_data_Font_Microsoft_16_0x24
                0x08005ed0       0x1b CMakeFiles/rtos.dir/Project/Devices/lcd/tie_st7789.c.obj
 *fill*         0x08005eeb        0x1 
 .rodata.image_data_Font_Microsoft_16_0x25
                0x08005eec       0x2a CMakeFiles/rtos.dir/Project/Devices/lcd/tie_st7789.c.obj
 *fill*         0x08005f16        0x2 
 .rodata.image_data_Font_Microsoft_16_0x26
                0x08005f18       0x2a CMakeFiles/rtos.dir/Project/Devices/lcd/tie_st7789.c.obj
 *fill*         0x08005f42        0x2 
 .rodata.image_data_Font_Microsoft_16_0x27
                0x08005f44        0xc CMakeFiles/rtos.dir/Project/Devices/lcd/tie_st7789.c.obj
 .rodata.image_data_Font_Microsoft_16_0x28
                0x08005f50        0xf CMakeFiles/rtos.dir/Project/Devices/lcd/tie_st7789.c.obj
 *fill*         0x08005f5f        0x1 
 .rodata.image_data_Font_Microsoft_16_0x29
                0x08005f60        0xf CMakeFiles/rtos.dir/Project/Devices/lcd/tie_st7789.c.obj
 *fill*         0x08005f6f        0x1 
 .rodata.image_data_Font_Microsoft_16_0x2a
                0x08005f70       0x15 CMakeFiles/rtos.dir/Project/Devices/lcd/tie_st7789.c.obj
 *fill*         0x08005f85        0x3 
 .rodata.image_data_Font_Microsoft_16_0x2b
                0x08005f88       0x24 CMakeFiles/rtos.dir/Project/Devices/lcd/tie_st7789.c.obj
 .rodata.image_data_Font_Microsoft_16_0x2c
                0x08005fac        0xc CMakeFiles/rtos.dir/Project/Devices/lcd/tie_st7789.c.obj
 .rodata.image_data_Font_Microsoft_16_0x2d
                0x08005fb8       0x15 CMakeFiles/rtos.dir/Project/Devices/lcd/tie_st7789.c.obj
 *fill*         0x08005fcd        0x3 
 .rodata.image_data_Font_Microsoft_16_0x2e
                0x08005fd0        0xc CMakeFiles/rtos.dir/Project/Devices/lcd/tie_st7789.c.obj
 .rodata.image_data_Font_Microsoft_16_0x2f
                0x08005fdc       0x15 CMakeFiles/rtos.dir/Project/Devices/lcd/tie_st7789.c.obj
 *fill*         0x08005ff1        0x3 
 .rodata.image_data_Font_Microsoft_16_0x30
                0x08005ff4       0x1b CMakeFiles/rtos.dir/Project/Devices/lcd/tie_st7789.c.obj
 *fill*         0x0800600f        0x1 
 .rodata.image_data_Font_Microsoft_16_0x31
                0x08006010       0x1b CMakeFiles/rtos.dir/Project/Devices/lcd/tie_st7789.c.obj
 *fill*         0x0800602b        0x1 
 .rodata.image_data_Font_Microsoft_16_0x32
                0x0800602c       0x1b CMakeFiles/rtos.dir/Project/Devices/lcd/tie_st7789.c.obj
 *fill*         0x08006047        0x1 
 .rodata.image_data_Font_Microsoft_16_0x33
                0x08006048       0x1b CMakeFiles/rtos.dir/Project/Devices/lcd/tie_st7789.c.obj
 *fill*         0x08006063        0x1 
 .rodata.image_data_Font_Microsoft_16_0x34
                0x08006064       0x1b CMakeFiles/rtos.dir/Project/Devices/lcd/tie_st7789.c.obj
 *fill*         0x0800607f        0x1 
 .rodata.image_data_Font_Microsoft_16_0x35
                0x08006080       0x1b CMakeFiles/rtos.dir/Project/Devices/lcd/tie_st7789.c.obj
 *fill*         0x0800609b        0x1 
 .rodata.image_data_Font_Microsoft_16_0x36
                0x0800609c       0x1b CMakeFiles/rtos.dir/Project/Devices/lcd/tie_st7789.c.obj
 *fill*         0x080060b7        0x1 
 .rodata.image_data_Font_Microsoft_16_0x37
                0x080060b8       0x1b CMakeFiles/rtos.dir/Project/Devices/lcd/tie_st7789.c.obj
 *fill*         0x080060d3        0x1 
 .rodata.image_data_Font_Microsoft_16_0x38
                0x080060d4       0x1b CMakeFiles/rtos.dir/Project/Devices/lcd/tie_st7789.c.obj
 *fill*         0x080060ef        0x1 
 .rodata.image_data_Font_Microsoft_16_0x39
                0x080060f0       0x1b CMakeFiles/rtos.dir/Project/Devices/lcd/tie_st7789.c.obj
 *fill*         0x0800610b        0x1 
 .rodata.image_data_Font_Microsoft_16_0x3a
                0x0800610c        0xc CMakeFiles/rtos.dir/Project/Devices/lcd/tie_st7789.c.obj
 .rodata.image_data_Font_Microsoft_16_0x3b
                0x08006118        0xc CMakeFiles/rtos.dir/Project/Devices/lcd/tie_st7789.c.obj
 .rodata.image_data_Font_Microsoft_16_0x3c
                0x08006124       0x24 CMakeFiles/rtos.dir/Project/Devices/lcd/tie_st7789.c.obj
 .rodata.image_data_Font_Microsoft_16_0x3d
                0x08006148       0x24 CMakeFiles/rtos.dir/Project/Devices/lcd/tie_st7789.c.obj
 .rodata.image_data_Font_Microsoft_16_0x3e
                0x0800616c       0x24 CMakeFiles/rtos.dir/Project/Devices/lcd/tie_st7789.c.obj
 .rodata.image_data_Font_Microsoft_16_0x3f
                0x08006190       0x18 CMakeFiles/rtos.dir/Project/Devices/lcd/tie_st7789.c.obj
 .rodata.image_data_Font_Microsoft_16_0x40
                0x080061a8       0x33 CMakeFiles/rtos.dir/Project/Devices/lcd/tie_st7789.c.obj
 *fill*         0x080061db        0x1 
 .rodata.image_data_Font_Microsoft_16_0x41
                0x080061dc       0x21 CMakeFiles/rtos.dir/Project/Devices/lcd/tie_st7789.c.obj
 *fill*         0x080061fd        0x3 
 .rodata.image_data_Font_Microsoft_16_0x42
                0x08006200       0x1e CMakeFiles/rtos.dir/Project/Devices/lcd/tie_st7789.c.obj
 *fill*         0x0800621e        0x2 
 .rodata.image_data_Font_Microsoft_16_0x43
                0x08006220       0x21 CMakeFiles/rtos.dir/Project/Devices/lcd/tie_st7789.c.obj
 *fill*         0x08006241        0x3 
 .rodata.image_data_Font_Microsoft_16_0x44
                0x08006244       0x24 CMakeFiles/rtos.dir/Project/Devices/lcd/tie_st7789.c.obj
 .rodata.image_data_Font_Microsoft_16_0x45
                0x08006268       0x1b CMakeFiles/rtos.dir/Project/Devices/lcd/tie_st7789.c.obj
 *fill*         0x08006283        0x1 
 .rodata.image_data_Font_Microsoft_16_0x46
                0x08006284       0x18 CMakeFiles/rtos.dir/Project/Devices/lcd/tie_st7789.c.obj
 .rodata.image_data_Font_Microsoft_16_0x47
                0x0800629c       0x24 CMakeFiles/rtos.dir/Project/Devices/lcd/tie_st7789.c.obj
 .rodata.image_data_Font_Microsoft_16_0x48
                0x080062c0       0x24 CMakeFiles/rtos.dir/Project/Devices/lcd/tie_st7789.c.obj
 .rodata.image_data_Font_Microsoft_16_0x49
                0x080062e4        0xf CMakeFiles/rtos.dir/Project/Devices/lcd/tie_st7789.c.obj
 *fill*         0x080062f3        0x1 
 .rodata.image_data_Font_Microsoft_16_0x4a
                0x080062f4       0x12 CMakeFiles/rtos.dir/Project/Devices/lcd/tie_st7789.c.obj
 *fill*         0x08006306        0x2 
 .rodata.image_data_Font_Microsoft_16_0x4b
                0x08006308       0x21 CMakeFiles/rtos.dir/Project/Devices/lcd/tie_st7789.c.obj
 *fill*         0x08006329        0x3 
 .rodata.image_data_Font_Microsoft_16_0x4c
                0x0800632c       0x18 CMakeFiles/rtos.dir/Project/Devices/lcd/tie_st7789.c.obj
 .rodata.image_data_Font_Microsoft_16_0x4d
                0x08006344       0x2d CMakeFiles/rtos.dir/Project/Devices/lcd/tie_st7789.c.obj
 *fill*         0x08006371        0x3 
 .rodata.image_data_Font_Microsoft_16_0x4e
                0x08006374       0x27 CMakeFiles/rtos.dir/Project/Devices/lcd/tie_st7789.c.obj
 *fill*         0x0800639b        0x1 
 .rodata.image_data_Font_Microsoft_16_0x4f
                0x0800639c       0x27 CMakeFiles/rtos.dir/Project/Devices/lcd/tie_st7789.c.obj
 *fill*         0x080063c3        0x1 
 .rodata.image_data_Font_Microsoft_16_0x50
                0x080063c4       0x1e CMakeFiles/rtos.dir/Project/Devices/lcd/tie_st7789.c.obj
 *fill*         0x080063e2        0x2 
 .rodata.image_data_Font_Microsoft_16_0x51
                0x080063e4       0x27 CMakeFiles/rtos.dir/Project/Devices/lcd/tie_st7789.c.obj
 *fill*         0x0800640b        0x1 
 .rodata.image_data_Font_Microsoft_16_0x52
                0x0800640c       0x1e CMakeFiles/rtos.dir/Project/Devices/lcd/tie_st7789.c.obj
 *fill*         0x0800642a        0x2 
 .rodata.image_data_Font_Microsoft_16_0x53
                0x0800642c       0x1b CMakeFiles/rtos.dir/Project/Devices/lcd/tie_st7789.c.obj
 *fill*         0x08006447        0x1 
 .rodata.image_data_Font_Microsoft_16_0x54
                0x08006448       0x1b CMakeFiles/rtos.dir/Project/Devices/lcd/tie_st7789.c.obj
 *fill*         0x08006463        0x1 
 .rodata.image_data_Font_Microsoft_16_0x55
                0x08006464       0x24 CMakeFiles/rtos.dir/Project/Devices/lcd/tie_st7789.c.obj
 .rodata.image_data_Font_Microsoft_16_0x56
                0x08006488       0x21 CMakeFiles/rtos.dir/Project/Devices/lcd/tie_st7789.c.obj
 *fill*         0x080064a9        0x3 
 .rodata.image_data_Font_Microsoft_16_0x57
                0x080064ac       0x30 CMakeFiles/rtos.dir/Project/Devices/lcd/tie_st7789.c.obj
 .rodata.image_data_Font_Microsoft_16_0x58
                0x080064dc       0x1e CMakeFiles/rtos.dir/Project/Devices/lcd/tie_st7789.c.obj
 *fill*         0x080064fa        0x2 
 .rodata.image_data_Font_Microsoft_16_0x59
                0x080064fc       0x1e CMakeFiles/rtos.dir/Project/Devices/lcd/tie_st7789.c.obj
 *fill*         0x0800651a        0x2 
 .rodata.image_data_Font_Microsoft_16_0x5a
                0x0800651c       0x1e CMakeFiles/rtos.dir/Project/Devices/lcd/tie_st7789.c.obj
 *fill*         0x0800653a        0x2 
 .rodata.image_data_Font_Microsoft_16_0x5b
                0x0800653c        0xf CMakeFiles/rtos.dir/Project/Devices/lcd/tie_st7789.c.obj
 *fill*         0x0800654b        0x1 
 .rodata.image_data_Font_Microsoft_16_0x5c
                0x0800654c       0x12 CMakeFiles/rtos.dir/Project/Devices/lcd/tie_st7789.c.obj
 *fill*         0x0800655e        0x2 
 .rodata.image_data_Font_Microsoft_16_0x5d
                0x08006560        0xf CMakeFiles/rtos.dir/Project/Devices/lcd/tie_st7789.c.obj
 *fill*         0x0800656f        0x1 
 .rodata.image_data_Font_Microsoft_16_0x5e
                0x08006570       0x24 CMakeFiles/rtos.dir/Project/Devices/lcd/tie_st7789.c.obj
 .rodata.image_data_Font_Microsoft_16_0x5f
                0x08006594       0x15 CMakeFiles/rtos.dir/Project/Devices/lcd/tie_st7789.c.obj
 *fill*         0x080065a9        0x3 
 .rodata.image_data_Font_Microsoft_16_0x60
                0x080065ac        0xf CMakeFiles/rtos.dir/Project/Devices/lcd/tie_st7789.c.obj
 *fill*         0x080065bb        0x1 
 .rodata.image_data_Font_Microsoft_16_0x61
                0x080065bc       0x1b CMakeFiles/rtos.dir/Project/Devices/lcd/tie_st7789.c.obj
 *fill*         0x080065d7        0x1 
 .rodata.image_data_Font_Microsoft_16_0x62
                0x080065d8       0x1e CMakeFiles/rtos.dir/Project/Devices/lcd/tie_st7789.c.obj
 *fill*         0x080065f6        0x2 
 .rodata.image_data_Font_Microsoft_16_0x63
                0x080065f8       0x18 CMakeFiles/rtos.dir/Project/Devices/lcd/tie_st7789.c.obj
 .rodata.image_data_Font_Microsoft_16_0x64
                0x08006610       0x1e CMakeFiles/rtos.dir/Project/Devices/lcd/tie_st7789.c.obj
 *fill*         0x0800662e        0x2 
 .rodata.image_data_Font_Microsoft_16_0x65
                0x08006630       0x1b CMakeFiles/rtos.dir/Project/Devices/lcd/tie_st7789.c.obj
 *fill*         0x0800664b        0x1 
 .rodata.image_data_Font_Microsoft_16_0x66
                0x0800664c        0xf CMakeFiles/rtos.dir/Project/Devices/lcd/tie_st7789.c.obj
 *fill*         0x0800665b        0x1 
 .rodata.image_data_Font_Microsoft_16_0x67
                0x0800665c       0x1e CMakeFiles/rtos.dir/Project/Devices/lcd/tie_st7789.c.obj
 *fill*         0x0800667a        0x2 
 .rodata.image_data_Font_Microsoft_16_0x68
                0x0800667c       0x1e CMakeFiles/rtos.dir/Project/Devices/lcd/tie_st7789.c.obj
 *fill*         0x0800669a        0x2 
 .rodata.image_data_Font_Microsoft_16_0x69
                0x0800669c        0xc CMakeFiles/rtos.dir/Project/Devices/lcd/tie_st7789.c.obj
 .rodata.image_data_Font_Microsoft_16_0x6a
                0x080066a8        0xc CMakeFiles/rtos.dir/Project/Devices/lcd/tie_st7789.c.obj
 .rodata.image_data_Font_Microsoft_16_0x6b
                0x080066b4       0x1e CMakeFiles/rtos.dir/Project/Devices/lcd/tie_st7789.c.obj
 *fill*         0x080066d2        0x2 
 .rodata.image_data_Font_Microsoft_16_0x6c
                0x080066d4        0xc CMakeFiles/rtos.dir/Project/Devices/lcd/tie_st7789.c.obj
 .rodata.image_data_Font_Microsoft_16_0x6d
                0x080066e0       0x2d CMakeFiles/rtos.dir/Project/Devices/lcd/tie_st7789.c.obj
 *fill*         0x0800670d        0x3 
 .rodata.image_data_Font_Microsoft_16_0x6e
                0x08006710       0x1e CMakeFiles/rtos.dir/Project/Devices/lcd/tie_st7789.c.obj
 *fill*         0x0800672e        0x2 
 .rodata.image_data_Font_Microsoft_16_0x6f
                0x08006730       0x1e CMakeFiles/rtos.dir/Project/Devices/lcd/tie_st7789.c.obj
 *fill*         0x0800674e        0x2 
 .rodata.image_data_Font_Microsoft_16_0x70
                0x08006750       0x1e CMakeFiles/rtos.dir/Project/Devices/lcd/tie_st7789.c.obj
 *fill*         0x0800676e        0x2 
 .rodata.image_data_Font_Microsoft_16_0x71
                0x08006770       0x1e CMakeFiles/rtos.dir/Project/Devices/lcd/tie_st7789.c.obj
 *fill*         0x0800678e        0x2 
 .rodata.image_data_Font_Microsoft_16_0x72
                0x08006790       0x12 CMakeFiles/rtos.dir/Project/Devices/lcd/tie_st7789.c.obj
 *fill*         0x080067a2        0x2 
 .rodata.image_data_Font_Microsoft_16_0x73
                0x080067a4       0x15 CMakeFiles/rtos.dir/Project/Devices/lcd/tie_st7789.c.obj
 *fill*         0x080067b9        0x3 
 .rodata.image_data_Font_Microsoft_16_0x74
                0x080067bc       0x12 CMakeFiles/rtos.dir/Project/Devices/lcd/tie_st7789.c.obj
 *fill*         0x080067ce        0x2 
 .rodata.image_data_Font_Microsoft_16_0x75
                0x080067d0       0x1e CMakeFiles/rtos.dir/Project/Devices/lcd/tie_st7789.c.obj
 *fill*         0x080067ee        0x2 
 .rodata.image_data_Font_Microsoft_16_0x76
                0x080067f0       0x18 CMakeFiles/rtos.dir/Project/Devices/lcd/tie_st7789.c.obj
 .rodata.image_data_Font_Microsoft_16_0x77
                0x08006808       0x24 CMakeFiles/rtos.dir/Project/Devices/lcd/tie_st7789.c.obj
 .rodata.image_data_Font_Microsoft_16_0x78
                0x0800682c       0x18 CMakeFiles/rtos.dir/Project/Devices/lcd/tie_st7789.c.obj
 .rodata.image_data_Font_Microsoft_16_0x79
                0x08006844       0x18 CMakeFiles/rtos.dir/Project/Devices/lcd/tie_st7789.c.obj
 .rodata.image_data_Font_Microsoft_16_0x7a
                0x0800685c       0x18 CMakeFiles/rtos.dir/Project/Devices/lcd/tie_st7789.c.obj
 .rodata.image_data_Font_Microsoft_16_0x7b
                0x08006874        0xf CMakeFiles/rtos.dir/Project/Devices/lcd/tie_st7789.c.obj
 *fill*         0x08006883        0x1 
 .rodata.image_data_Font_Microsoft_16_0x7c
                0x08006884        0xc CMakeFiles/rtos.dir/Project/Devices/lcd/tie_st7789.c.obj
 .rodata.image_data_Font_Microsoft_16_0x7d
                0x08006890        0xf CMakeFiles/rtos.dir/Project/Devices/lcd/tie_st7789.c.obj
 *fill*         0x0800689f        0x1 
 .rodata.image_data_Font_Microsoft_16_0x7e
                0x080068a0       0x24 CMakeFiles/rtos.dir/Project/Devices/lcd/tie_st7789.c.obj
 .rodata.init_240x240
                0x080068c4       0x23 CMakeFiles/rtos.dir/Project/Devices/lcd/tie_st7789.c.obj
                0x080068e8                . = ALIGN (0x4)
 *fill*         0x080068e7        0x1 

.rel.dyn        0x080068e8        0x0
 .rel.iplt      0x080068e8        0x0 f:/admin/train/electronic/stm32/tools/compiler/10 2021.10/bin/../lib/gcc/arm-none-eabi/10.3.1/thumb/v7-m/nofp/crtbegin.o

.ARM.extab
 *(.ARM.extab* .gnu.linkonce.armextab.*)

.ARM            0x080068e8        0x0
                0x080068e8                __exidx_start = .
 *(.ARM.exidx*)
                0x080068e8                __exidx_end = .

.preinit_array  0x080068e8        0x0
                0x080068e8                PROVIDE (__preinit_array_start = .)
 *(.preinit_array*)
                0x080068e8                PROVIDE (__preinit_array_end = .)

.init_array     0x080068e8        0x4
                0x080068e8                PROVIDE (__init_array_start = .)
 *(SORT_BY_NAME(.init_array.*))
 *(.init_array*)
 .init_array    0x080068e8        0x4 f:/admin/train/electronic/stm32/tools/compiler/10 2021.10/bin/../lib/gcc/arm-none-eabi/10.3.1/thumb/v7-m/nofp/crtbegin.o
                0x080068ec                PROVIDE (__init_array_end = .)

.fini_array     0x080068ec        0x4
                [!provide]                PROVIDE (__fini_array_start = .)
 *(SORT_BY_NAME(.fini_array.*))
 *(.fini_array*)
 .fini_array    0x080068ec        0x4 f:/admin/train/electronic/stm32/tools/compiler/10 2021.10/bin/../lib/gcc/arm-none-eabi/10.3.1/thumb/v7-m/nofp/crtbegin.o
                [!provide]                PROVIDE (__fini_array_end = .)
                0x080068f0                _sidata = LOADADDR (.data)

.data           0x20000000        0x4 load address 0x080068f0
                0x20000000                . = ALIGN (0x4)
                0x20000000                _sdata = .
 *(.data)
 *(.data*)
 .data.eff_iY.0
                0x20000000        0x1 CMakeFiles/rtos.dir/Project/App/tetris/tetris.c.obj
                0x20000004                . = ALIGN (0x4)
 *fill*         0x20000001        0x3 
                0x20000004                _edata = .

.igot.plt       0x20000004        0x0 load address 0x080068f4
 .igot.plt      0x20000004        0x0 f:/admin/train/electronic/stm32/tools/compiler/10 2021.10/bin/../lib/gcc/arm-none-eabi/10.3.1/thumb/v7-m/nofp/crtbegin.o
                0x20000004                . = ALIGN (0x4)

.bss            0x20000004     0x289c load address 0x080068f4
                0x20000004                _sbss = .
                0x20000004                __bss_start__ = _sbss
 *(.bss)
 .bss           0x20000004       0x1c f:/admin/train/electronic/stm32/tools/compiler/10 2021.10/bin/../lib/gcc/arm-none-eabi/10.3.1/thumb/v7-m/nofp/crtbegin.o
 *(.bss*)
 .bss.app       0x20000020       0x20 CMakeFiles/rtos.dir/Project/App/app.c.obj
 .bss.bd        0x20000040       0xcc CMakeFiles/rtos.dir/Project/App/tetris/board.c.obj
 .bss.eff_newgame_count.1
                0x2000010c        0x2 CMakeFiles/rtos.dir/Project/App/tetris/tetris.c.obj
 *fill*         0x2000010e        0x2 
 .bss.tet       0x20000110       0xac CMakeFiles/rtos.dir/Project/App/tetris/tetris.c.obj
 .bss.bz_single
                0x200001bc       0x18 CMakeFiles/rtos.dir/Project/Devices/buzzer/tie_buzzer.c.obj
 .bss.ft_inst   0x200001d4        0x4 CMakeFiles/rtos.dir/Project/Devices/ft/tie_ft.c.obj
 .bss.tie_joy   0x200001d8        0x6 CMakeFiles/rtos.dir/Project/Devices/joy/tie_joy.c.obj
 .bss._colstart
                0x200001de        0x1 CMakeFiles/rtos.dir/Project/Devices/lcd/tie_st7789.c.obj
 .bss._height   0x200001df        0x1 CMakeFiles/rtos.dir/Project/Devices/lcd/tie_st7789.c.obj
 .bss._rowstart
                0x200001e0        0x1 CMakeFiles/rtos.dir/Project/Devices/lcd/tie_st7789.c.obj
 .bss._width    0x200001e1        0x1 CMakeFiles/rtos.dir/Project/Devices/lcd/tie_st7789.c.obj
 .bss._xstart   0x200001e2        0x1 CMakeFiles/rtos.dir/Project/Devices/lcd/tie_st7789.c.obj
 .bss._ystart   0x200001e3        0x1 CMakeFiles/rtos.dir/Project/Devices/lcd/tie_st7789.c.obj
 .bss.buff      0x200001e4     0x269a CMakeFiles/rtos.dir/Project/Devices/lcd/tie_st7789.c.obj
 *fill*         0x2000287e        0x2 