Archive member included to satisfy reference by file (symbol)

f:/admin/train/electronic/stm32/tools/compiler/10 2021.10/bin/../lib/gcc/arm-none-eabi/10.3.1/../../../../arm-none-eabi/lib/thumb/v7-m/nofp\libc_nano.a(lib_a-exit.o)
                              f:/admin/train/electronic/stm32/tools/compiler/10 2021.10/bin/../lib/gcc/arm-none-eabi/10.3.1/../../../../arm-none-eabi/lib/thumb/v7-m/nofp/crt0.o (exit)
f:/admin/train/electronic/stm32/tools/compiler/10 2021.10/bin/../lib/gcc/arm-none-eabi/10.3.1/../../../../arm-none-eabi/lib/thumb/v7-m/nofp\libc_nano.a(lib_a-impure.o)
                              f:/admin/train/electronic/stm32/tools/compiler/10 2021.10/bin/../lib/gcc/arm-none-eabi/10.3.1/../../../../arm-none-eabi/lib/thumb/v7-m/nofp\libc_nano.a(lib_a-exit.o) (_global_impure_ptr)
f:/admin/train/electronic/stm32/tools/compiler/10 2021.10/bin/../lib/gcc/arm-none-eabi/10.3.1/../../../../arm-none-eabi/lib/thumb/v7-m/nofp\libc_nano.a(lib_a-init.o)
                              f:/admin/train/electronic/stm32/tools/compiler/10 2021.10/bin/../lib/gcc/arm-none-eabi/10.3.1/../../../../arm-none-eabi/lib/thumb/v7-m/nofp/crt0.o (__libc_init_array)
f:/admin/train/electronic/stm32/tools/compiler/10 2021.10/bin/../lib/gcc/arm-none-eabi/10.3.1/../../../../arm-none-eabi/lib/thumb/v7-m/nofp\libc_nano.a(lib_a-memcpy-stub.o)
                              CMakeFiles/stm32_cpp.dir/Project/Src/TieLayer.cpp.obj (memcpy)
f:/admin/train/electronic/stm32/tools/compiler/10 2021.10/bin/../lib/gcc/arm-none-eabi/10.3.1/../../../../arm-none-eabi/lib/thumb/v7-m/nofp\libc_nano.a(lib_a-memset.o)
                              f:/admin/train/electronic/stm32/tools/compiler/10 2021.10/bin/../lib/gcc/arm-none-eabi/10.3.1/../../../../arm-none-eabi/lib/thumb/v7-m/nofp/crt0.o (memset)
f:/admin/train/electronic/stm32/tools/compiler/10 2021.10/bin/../lib/gcc/arm-none-eabi/10.3.1/../../../../arm-none-eabi/lib/thumb/v7-m/nofp\libnosys.a(_exit.o)
                              f:/admin/train/electronic/stm32/tools/compiler/10 2021.10/bin/../lib/gcc/arm-none-eabi/10.3.1/../../../../arm-none-eabi/lib/thumb/v7-m/nofp\libc_nano.a(lib_a-exit.o) (_exit)

Discarded input sections

 .text          0x00000000        0x0 f:/admin/train/electronic/stm32/tools/compiler/10 2021.10/bin/../lib/gcc/arm-none-eabi/10.3.1/thumb/v7-m/nofp/crti.o
 .data          0x00000000        0x0 f:/admin/train/electronic/stm32/tools/compiler/10 2021.10/bin/../lib/gcc/arm-none-eabi/10.3.1/thumb/v7-m/nofp/crti.o
 .bss           0x00000000        0x0 f:/admin/train/electronic/stm32/tools/compiler/10 2021.10/bin/../lib/gcc/arm-none-eabi/10.3.1/thumb/v7-m/nofp/crti.o
 .data          0x00000000        0x4 f:/admin/train/electronic/stm32/tools/compiler/10 2021.10/bin/../lib/gcc/arm-none-eabi/10.3.1/thumb/v7-m/nofp/crtbegin.o
 .rodata        0x00000000       0x24 f:/admin/train/electronic/stm32/tools/compiler/10 2021.10/bin/../lib/gcc/arm-none-eabi/10.3.1/thumb/v7-m/nofp/crtbegin.o
 .text          0x00000000       0x7c f:/admin/train/electronic/stm32/tools/compiler/10 2021.10/bin/../lib/gcc/arm-none-eabi/10.3.1/../../../../arm-none-eabi/lib/thumb/v7-m/nofp/crt0.o
 .data          0x00000000        0x0 f:/admin/train/electronic/stm32/tools/compiler/10 2021.10/bin/../lib/gcc/arm-none-eabi/10.3.1/../../../../arm-none-eabi/lib/thumb/v7-m/nofp/crt0.o
 .bss           0x00000000        0x0 f:/admin/train/electronic/stm32/tools/compiler/10 2021.10/bin/../lib/gcc/arm-none-eabi/10.3.1/../../../../arm-none-eabi/lib/thumb/v7-m/nofp/crt0.o
 .ARM.extab     0x00000000        0x0 f:/admin/train/electronic/stm32/tools/compiler/10 2021.10/bin/../lib/gcc/arm-none-eabi/10.3.1/../../../../arm-none-eabi/lib/thumb/v7-m/nofp/crt0.o
 .ARM.exidx     0x00000000       0x10 f:/admin/train/electronic/stm32/tools/compiler/10 2021.10/bin/../lib/gcc/arm-none-eabi/10.3.1/../../../../arm-none-eabi/lib/thumb/v7-m/nofp/crt0.o
 .ARM.attributes
                0x00000000       0x1b f:/admin/train/electronic/stm32/tools/compiler/10 2021.10/bin/../lib/gcc/arm-none-eabi/10.3.1/../../../../arm-none-eabi/lib/thumb/v7-m/nofp/crt0.o
 .group         0x00000000        0xc CMakeFiles/stm32_cpp.dir/Core/Src/main.c.obj
 .text          0x00000000        0x0 CMakeFiles/stm32_cpp.dir/Core/Src/main.c.obj
 .data          0x00000000        0x0 CMakeFiles/stm32_cpp.dir/Core/Src/main.c.obj
 .bss           0x00000000        0x0 CMakeFiles/stm32_cpp.dir/Core/Src/main.c.obj
 .group         0x00000000        0xc CMakeFiles/stm32_cpp.dir/Core/Src/stm32f10x_it.c.obj
 .group         0x00000000        0xc CMakeFiles/stm32_cpp.dir/Core/Src/stm32f10x_it.c.obj
 .group         0x00000000        0xc CMakeFiles/stm32_cpp.dir/Core/Src/stm32f10x_it.c.obj
 .group         0x00000000        0xc CMakeFiles/stm32_cpp.dir/Core/Src/stm32f10x_it.c.obj
 .group         0x00000000        0xc CMakeFiles/stm32_cpp.dir/Core/Src/stm32f10x_it.c.obj
 .group         0x00000000        0xc CMakeFiles/stm32_cpp.dir/Core/Src/stm32f10x_it.c.obj
[...]
Memory Configuration

Name             Origin             Length             Attributes
RAM              0x20000000         0x00005000         xrw
FLASH            0x08000000         0x00010000         xr
*default*        0x00000000         0xffffffff

Linker script and memory map

LOAD f:/admin/train/electronic/stm32/tools/compiler/10 2021.10/bin/../lib/gcc/arm-none-eabi/10.3.1/thumb/v7-m/nofp/crti.o
LOAD f:/admin/train/electronic/stm32/tools/compiler/10 2021.10/bin/../lib/gcc/arm-none-eabi/10.3.1/thumb/v7-m/nofp/crtbegin.o
LOAD f:/admin/train/electronic/stm32/tools/compiler/10 2021.10/bin/../lib/gcc/arm-none-eabi/10.3.1/../../../../arm-none-eabi/lib/thumb/v7-m/nofp/crt0.o
START GROUP
LOAD f:/admin/train/electronic/stm32/tools/compiler/10 2021.10/bin/../lib/gcc/arm-none-eabi/10.3.1/../../../../arm-none-eabi/lib/thumb/v7-m/nofp\libstdc++_nano.a
END GROUP
LOAD CMakeFiles/stm32_cpp.dir/Core/Src/main.c.obj
LOAD CMakeFiles/stm32_cpp.dir/Core/Src/stm32f10x_it.c.obj
LOAD CMakeFiles/stm32_cpp.dir/Core/Src/system_stm32f10x.c.obj
LOAD CMakeFiles/stm32_cpp.dir/Drivers/STM32F10x_StdPeriph_Driver/src/stm32f10x_dma.c.obj
LOAD CMakeFiles/stm32_cpp.dir/Drivers/STM32F10x_StdPeriph_Driver/src/stm32f10x_gpio.c.obj
LOAD CMakeFiles/stm32_cpp.dir/Drivers/STM32F10x_StdPeriph_Driver/src/stm32f10x_i2c.c.obj
LOAD CMakeFiles/stm32_cpp.dir/Drivers/STM32F10x_StdPeriph_Driver/src/stm32f10x_rcc.c.obj
LOAD CMakeFiles/stm32_cpp.dir/Drivers/STM32F10x_StdPeriph_Driver/src/stm32f10x_spi.c.obj
LOAD CMakeFiles/stm32_cpp.dir/Drivers/STM32F10x_StdPeriph_Driver/src/stm32f10x_tim.c.obj
LOAD CMakeFiles/stm32_cpp.dir/Drivers/STM32F10x_StdPeriph_Driver/src/stm32f10x_usart.c.obj
LOAD CMakeFiles/stm32_cpp.dir/Project/Src/Loop.cpp.obj
LOAD CMakeFiles/stm32_cpp.dir/Project/Src/TieLayer.cpp.obj
LOAD CMakeFiles/stm32_cpp.dir/Project/Src/TieSys.cpp.obj
LOAD CMakeFiles/stm32_cpp.dir/Project/Src/TieSys_src/tie_define.cpp.obj
LOAD CMakeFiles/stm32_cpp.dir/Project/Src/TieSys_src/tie_feature.cpp.obj
LOAD CMakeFiles/stm32_cpp.dir/Project/Src/spi/LCD_5110.cpp.obj
LOAD CMakeFiles/stm32_cpp.dir/Project/Src/spi/TieSPI.cpp.obj
LOAD CMakeFiles/stm32_cpp.dir/Core/startup_stm32f103xb.s.obj
LOAD f:/admin/train/electronic/stm32/tools/compiler/10 2021.10/bin/../lib/gcc/arm-none-eabi/10.3.1/../../../../arm-none-eabi/lib/thumb/v7-m/nofp\libstdc++_nano.a
LOAD f:/admin/train/electronic/stm32/tools/compiler/10 2021.10/bin/../lib/gcc/arm-none-eabi/10.3.1/../../../../arm-none-eabi/lib/thumb/v7-m/nofp\libm.a
LOAD f:/admin/train/electronic/stm32/tools/compiler/10 2021.10/bin/../lib/gcc/arm-none-eabi/10.3.1/../../../../arm-none-eabi/lib/thumb/v7-m/nofp\libc_nano.a
START GROUP
LOAD f:/admin/train/electronic/stm32/tools/compiler/10 2021.10/bin/../lib/gcc/arm-none-eabi/10.3.1/thumb/v7-m/nofp\libgcc.a
LOAD f:/admin/train/electronic/stm32/tools/compiler/10 2021.10/bin/../lib/gcc/arm-none-eabi/10.3.1/../../../../arm-none-eabi/lib/thumb/v7-m/nofp\libg_nano.a
LOAD f:/admin/train/electronic/stm32/tools/compiler/10 2021.10/bin/../lib/gcc/arm-none-eabi/10.3.1/../../../../arm-none-eabi/lib/thumb/v7-m/nofp\libc_nano.a
END GROUP
START GROUP
LOAD f:/admin/train/electronic/stm32/tools/compiler/10 2021.10/bin/../lib/gcc/arm-none-eabi/10.3.1/thumb/v7-m/nofp\libgcc.a
LOAD f:/admin/train/electronic/stm32/tools/compiler/10 2021.10/bin/../lib/gcc/arm-none-eabi/10.3.1/../../../../arm-none-eabi/lib/thumb/v7-m/nofp\libc_nano.a
LOAD f:/admin/train/electronic/stm32/tools/compiler/10 2021.10/bin/../lib/gcc/arm-none-eabi/10.3.1/../../../../arm-none-eabi/lib/thumb/v7-m/nofp\libnosys.a
END GROUP
START GROUP
LOAD f:/admin/train/electronic/stm32/tools/compiler/10 2021.10/bin/../lib/gcc/arm-none-eabi/10.3.1/thumb/v7-m/nofp\libgcc.a
LOAD f:/admin/train/electronic/stm32/tools/compiler/10 2021.10/bin/../lib/gcc/arm-none-eabi/10.3.1/../../../../arm-none-eabi/lib/thumb/v7-m/nofp\libc_nano.a
LOAD f:/admin/train/electronic/stm32/tools/compiler/10 2021.10/bin/../lib/gcc/arm-none-eabi/10.3.1/../../../../arm-none-eabi/lib/thumb/v7-m/nofp\libnosys.a
END GROUP
LOAD f:/admin/train/electronic/stm32/tools/compiler/10 2021.10/bin/../lib/gcc/arm-none-eabi/10.3.1/thumb/v7-m/nofp/crtend.o
LOAD f:/admin/train/electronic/stm32/tools/compiler/10 2021.10/bin/../lib/gcc/arm-none-eabi/10.3.1/thumb/v7-m/nofp/crtn.o
                0x20005000                _estack = 0x20005000
                0x00000200                _Min_Heap_Size = 0x200
                0x00000400                _Min_Stack_Size = 0x400

.isr_vector     0x08000000      0x10c
                0x08000000                . = ALIGN (0x4)
 *(.isr_vector)
 .isr_vector    0x08000000      0x10c CMakeFiles/stm32_cpp.dir/Core/startup_stm32f103xb.s.obj
                0x08000000                g_pfnVectors
                0x0800010c                . = ALIGN (0x4)

.text           0x0800010c     0x18d8
                0x0800010c                . = ALIGN (0x4)
 *(.text)
 .text          0x0800010c       0x40 f:/admin/train/electronic/stm32/tools/compiler/10 2021.10/bin/../lib/gcc/arm-none-eabi/10.3.1/thumb/v7-m/nofp/crtbegin.o
 *(.text*)
 .text.main     0x0800014c        0xc CMakeFiles/stm32_cpp.dir/Core/Src/main.c.obj
                0x0800014c                main
 .text.NMI_Handler
                0x08000158        0x2 CMakeFiles/stm32_cpp.dir/Core/Src/stm32f10x_it.c.obj
                0x08000158                NMI_Handler
 .text.HardFault_Handler
                0x0800015a        0x2 CMakeFiles/stm32_cpp.dir/Core/Src/stm32f10x_it.c.obj
                0x0800015a                HardFault_Handler
 .text.MemManage_Handler
                0x0800015c        0x2 CMakeFiles/stm32_cpp.dir/Core/Src/stm32f10x_it.c.obj
                0x0800015c                MemManage_Handler
 .text.BusFault_Handler
                0x0800015e        0x2 CMakeFiles/stm32_cpp.dir/Core/Src/stm32f10x_it.c.obj
                0x0800015e                BusFault_Handler
 .text.UsageFault_Handler
                0x08000160        0x2 CMakeFiles/stm32_cpp.dir/Core/Src/stm32f10x_it.c.obj
                0x08000160                UsageFault_Handler
 .text.SVC_Handler
                0x08000162        0x2 CMakeFiles/stm32_cpp.dir/Core/Src/stm32f10x_it.c.obj
                0x08000162                SVC_Handler
 .text.DebugMon_Handler
                0x08000164        0x2 CMakeFiles/stm32_cpp.dir/Core/Src/stm32f10x_it.c.obj
                0x08000164                DebugMon_Handler
 .text.PendSV_Handler
                0x08000166        0x2 CMakeFiles/stm32_cpp.dir/Core/Src/stm32f10x_it.c.obj
                0x08000166                PendSV_Handler
 .text.SysTick_Handler
                0x08000168        0x2 CMakeFiles/stm32_cpp.dir/Core/Src/stm32f10x_it.c.obj
                0x08000168                SysTick_Handler
 *fill*         0x0800016a        0x2 
 .text.SetSysClockTo72
                0x0800016c       0xc4 CMakeFiles/stm32_cpp.dir/Core/Src/system_stm32f10x.c.obj
 .text.SetSysClock
                0x08000230        0x8 CMakeFiles/stm32_cpp.dir/Core/Src/system_stm32f10x.c.obj
 .text.SystemInit
                0x08000238       0x50 CMakeFiles/stm32_cpp.dir/Core/Src/system_stm32f10x.c.obj
                0x08000238                SystemInit
 .text.DMA_Init
                0x08000288       0x3e CMakeFiles/stm32_cpp.dir/Drivers/STM32F10x_StdPeriph_Driver/src/stm32f10x_dma.c.obj
                0x08000288                DMA_Init
 .text.DMA_Cmd  0x080002c6       0x1a CMakeFiles/stm32_cpp.dir/Drivers/STM32F10x_StdPeriph_Driver/src/stm32f10x_dma.c.obj
                0x080002c6                DMA_Cmd
 .text.DMA_SetCurrDataCounter
                0x080002e0        0x4 CMakeFiles/stm32_cpp.dir/Drivers/STM32F10x_StdPeriph_Driver/src/stm32f10x_dma.c.obj
                0x080002e0                DMA_SetCurrDataCounter
 .text.DMA_GetFlagStatus
                0x080002e4       0x24 CMakeFiles/stm32_cpp.dir/Drivers/STM32F10x_StdPeriph_Driver/src/stm32f10x_dma.c.obj
                0x080002e4                DMA_GetFlagStatus
 .text.DMA_ClearFlag
                0x08000308       0x1c CMakeFiles/stm32_cpp.dir/Drivers/STM32F10x_StdPeriph_Driver/src/stm32f10x_dma.c.obj
                0x08000308                DMA_ClearFlag
 .text.GPIO_Init
                0x08000324       0xb2 CMakeFiles/stm32_cpp.dir/Drivers/STM32F10x_StdPeriph_Driver/src/stm32f10x_gpio.c.obj
                0x08000324                GPIO_Init
 .text.GPIO_ReadInputDataBit
                0x080003d6        0xe CMakeFiles/stm32_cpp.dir/Drivers/STM32F10x_StdPeriph_Driver/src/stm32f10x_gpio.c.obj
                0x080003d6                GPIO_ReadInputDataBit
 .text.GPIO_SetBits
                0x080003e4        0x4 CMakeFiles/stm32_cpp.dir/Drivers/STM32F10x_StdPeriph_Driver/src/stm32f10x_gpio.c.obj
                0x080003e4                GPIO_SetBits
 .text.GPIO_ResetBits
                0x080003e8        0x4 CMakeFiles/stm32_cpp.dir/Drivers/STM32F10x_StdPeriph_Driver/src/stm32f10x_gpio.c.obj
                0x080003e8                GPIO_ResetBits
 .text.GPIO_WriteBit
                0x080003ec        0xa CMakeFiles/stm32_cpp.dir/Drivers/STM32F10x_StdPeriph_Driver/src/stm32f10x_gpio.c.obj
                0x080003ec                GPIO_WriteBit
 *fill*         0x080003f6        0x2 
 .text.RCC_GetClocksFreq
                0x080003f8       0xbc CMakeFiles/stm32_cpp.dir/Drivers/STM32F10x_StdPeriph_Driver/src/stm32f10x_rcc.c.obj
                0x080003f8                RCC_GetClocksFreq
 .text.RCC_AHBPeriphClockCmd
                0x080004b4       0x1c CMakeFiles/stm32_cpp.dir/Drivers/STM32F10x_StdPeriph_Driver/src/stm32f10x_rcc.c.obj
                0x080004b4                RCC_AHBPeriphClockCmd
 .text.RCC_APB2PeriphClockCmd
                0x080004d0       0x1c CMakeFiles/stm32_cpp.dir/Drivers/STM32F10x_StdPeriph_Driver/src/stm32f10x_rcc.c.obj
                0x080004d0                RCC_APB2PeriphClockCmd
 .text.RCC_APB1PeriphClockCmd
                0x080004ec       0x1c CMakeFiles/stm32_cpp.dir/Drivers/STM32F10x_StdPeriph_Driver/src/stm32f10x_rcc.c.obj
                0x080004ec                RCC_APB1PeriphClockCmd
 .text.SPI_Init
                0x08000508       0x4e CMakeFiles/stm32_cpp.dir/Drivers/STM32F10x_StdPeriph_Driver/src/stm32f10x_spi.c.obj
                0x08000508                SPI_Init
 .text.SPI_Cmd  0x08000556       0x1c CMakeFiles/stm32_cpp.dir/Drivers/STM32F10x_StdPeriph_Driver/src/stm32f10x_spi.c.obj
                0x08000556                SPI_Cmd
 .text.SPI_I2S_SendData
                0x08000572        0x4 CMakeFiles/stm32_cpp.dir/Drivers/STM32F10x_StdPeriph_Driver/src/stm32f10x_spi.c.obj
                0x08000572                SPI_I2S_SendData
 .text.SPI_I2S_GetFlagStatus
                0x08000576        0xe CMakeFiles/stm32_cpp.dir/Drivers/STM32F10x_StdPeriph_Driver/src/stm32f10x_spi.c.obj
                0x08000576                SPI_I2S_GetFlagStatus
 .text.TIM_TimeBaseInit
                0x08000584       0x94 CMakeFiles/stm32_cpp.dir/Drivers/STM32F10x_StdPeriph_Driver/src/stm32f10x_tim.c.obj
                0x08000584                TIM_TimeBaseInit
 .text.TIM_Cmd  0x08000618       0x1c CMakeFiles/stm32_cpp.dir/Drivers/STM32F10x_StdPeriph_Driver/src/stm32f10x_tim.c.obj
                0x08000618                TIM_Cmd
 .text.TIM_SetCounter
                0x08000634        0x4 CMakeFiles/stm32_cpp.dir/Drivers/STM32F10x_StdPeriph_Driver/src/stm32f10x_tim.c.obj
                0x08000634                TIM_SetCounter
 .text.TIM_GetCounter
                0x08000638        0x6 CMakeFiles/stm32_cpp.dir/Drivers/STM32F10x_StdPeriph_Driver/src/stm32f10x_tim.c.obj
                0x08000638                TIM_GetCounter
 *fill*         0x0800063e        0x2 
 .text.USART_Init
                0x08000640       0xc4 CMakeFiles/stm32_cpp.dir/Drivers/STM32F10x_StdPeriph_Driver/src/stm32f10x_usart.c.obj
                0x08000640                USART_Init
 .text.USART_Cmd
                0x08000704       0x1c CMakeFiles/stm32_cpp.dir/Drivers/STM32F10x_StdPeriph_Driver/src/stm32f10x_usart.c.obj
                0x08000704                USART_Cmd
 .text.USART_DMACmd
                0x08000720       0x18 CMakeFiles/stm32_cpp.dir/Drivers/STM32F10x_StdPeriph_Driver/src/stm32f10x_usart.c.obj
                0x08000720                USART_DMACmd
 .text.USART_SendData
                0x08000738        0x8 CMakeFiles/stm32_cpp.dir/Drivers/STM32F10x_StdPeriph_Driver/src/stm32f10x_usart.c.obj
                0x08000738                USART_SendData
 .text._Z41__static_initialization_and_destruction_0ii
                0x08000740       0x20 CMakeFiles/stm32_cpp.dir/Project/Src/Loop.cpp.obj
 .text._Z4Initv
                0x08000760       0x10 CMakeFiles/stm32_cpp.dir/Project/Src/Loop.cpp.obj
                0x08000760                Init()
 .text.InitC    0x08000770        0x8 CMakeFiles/stm32_cpp.dir/Project/Src/Loop.cpp.obj
                0x08000770                InitC
 .text._Z4Loopv
                0x08000778       0x10 CMakeFiles/stm32_cpp.dir/Project/Src/Loop.cpp.obj
                0x08000778                Loop()
 .text.LoopC    0x08000788        0x8 CMakeFiles/stm32_cpp.dir/Project/Src/Loop.cpp.obj
                0x08000788                LoopC
 .text._GLOBAL__sub_I_InitC
                0x08000790        0xe CMakeFiles/stm32_cpp.dir/Project/Src/Loop.cpp.obj
 *fill*         0x0800079e        0x2 
 .text._ZN9TieSystem9Init_MainEv
                0x080007a0       0x18 CMakeFiles/stm32_cpp.dir/Project/Src/TieLayer.cpp.obj
                0x080007a0                TieSystem::Init_Main()
 .text._ZN9TieSystem11Init_RXtextEv
                0x080007b8       0x28 CMakeFiles/stm32_cpp.dir/Project/Src/TieLayer.cpp.obj
                0x080007b8                TieSystem::Init_RXtext()
 .text._ZN9TieSystem10Init_RXgifEv
                0x080007e0       0x58 CMakeFiles/stm32_cpp.dir/Project/Src/TieLayer.cpp.obj
                0x080007e0                TieSystem::Init_RXgif()
 .text._ZN9TieSystem11Init_TXgameEv
                0x08000838       0x40 CMakeFiles/stm32_cpp.dir/Project/Src/TieLayer.cpp.obj
                0x08000838                TieSystem::Init_TXgame()
 .text._ZN9TieSystem12Init_RXspeedEv
                0x08000878       0x5c CMakeFiles/stm32_cpp.dir/Project/Src/TieLayer.cpp.obj
                0x08000878                TieSystem::Init_RXspeed()
 .text._ZN9TieSystem9NextLayerEv
                0x080008d4       0xac CMakeFiles/stm32_cpp.dir/Project/Src/TieLayer.cpp.obj
                0x080008d4                TieSystem::NextLayer()
 .text._ZN9TieSystem12ProcessLayerEv
                0x08000980      0x27c CMakeFiles/stm32_cpp.dir/Project/Src/TieLayer.cpp.obj
                0x08000980                TieSystem::ProcessLayer()
 .text._ZN9TieSystemC2Ev
                0x08000bfc       0xd4 CMakeFiles/stm32_cpp.dir/Project/Src/TieSys.cpp.obj
                0x08000bfc                TieSystem::TieSystem()
                0x08000bfc                TieSystem::TieSystem()
 .text._ZNK9TieSystem5DTimeEv
                0x08000cd0        0x4 CMakeFiles/stm32_cpp.dir/Project/Src/TieSys.cpp.obj
                0x08000cd0                TieSystem::DTime() const
 .text._ZN9TieSystem4DrawEv
                0x08000cd4        0x8 CMakeFiles/stm32_cpp.dir/Project/Src/TieSys.cpp.obj
                0x08000cd4                TieSystem::Draw()
 .text._ZN9TieSystem10Update_BTNEv
                0x08000cdc       0x3e CMakeFiles/stm32_cpp.dir/Project/Src/TieSys.cpp.obj
                0x08000cdc                TieSystem::Update_BTN()
 *fill*         0x08000d1a        0x2 
 .text._ZN9TieSystem13Init_DMA_UARTEv
                0x08000d1c       0x64 CMakeFiles/stm32_cpp.dir/Project/Src/TieSys.cpp.obj
                0x08000d1c                TieSystem::Init_DMA_UART()
 .text._ZN9TieSystem4InitEv
                0x08000d80       0xd4 CMakeFiles/stm32_cpp.dir/Project/Src/TieSys.cpp.obj
                0x08000d80                TieSystem::Init()
 .text._ZN9TieSystem16Process_DMA_UARTEv
                0x08000e54       0x44 CMakeFiles/stm32_cpp.dir/Project/Src/TieSys.cpp.obj
                0x08000e54                TieSystem::Process_DMA_UART()
 .text._ZN9TieSystem6UpdateEv
                0x08000e98       0x1e CMakeFiles/stm32_cpp.dir/Project/Src/TieSys.cpp.obj
                0x08000e98                TieSystem::Update()
 .text._ZN9TieSystem4TickEv
                0x08000eb6       0x1c CMakeFiles/stm32_cpp.dir/Project/Src/TieSys.cpp.obj
                0x08000eb6                TieSystem::Tick()
 .text._ZN7TieFunc11GPIO_TOGGLEEP12GPIO_TypeDeft
                0x08000ed2       0x1a CMakeFiles/stm32_cpp.dir/Project/Src/TieSys_src/tie_define.cpp.obj
                0x08000ed2                TieFunc::GPIO_TOGGLE(GPIO_TypeDef*, unsigned short)
 .text._ZN7TieFunc19Reset_Sys_DMA_USARTEv
                0x08000eec       0x24 CMakeFiles/stm32_cpp.dir/Project/Src/TieSys_src/tie_define.cpp.obj
                0x08000eec                TieFunc::Reset_Sys_DMA_USART()
 .text._ZN5TieFT4InitEv
                0x08000f10       0x40 CMakeFiles/stm32_cpp.dir/Project/Src/TieSys_src/tie_feature.cpp.obj
                0x08000f10                TieFT::Init()
 .text._ZN5TieFT4TickEv
                0x08000f50       0x48 CMakeFiles/stm32_cpp.dir/Project/Src/TieSys_src/tie_feature.cpp.obj
                0x08000f50                TieFT::Tick()
 .text._ZN6TieBTNC2EP12GPIO_TypeDeft
                0x08000f98       0x70 CMakeFiles/stm32_cpp.dir/Project/Src/TieSys_src/tie_feature.cpp.obj
                0x08000f98                TieBTN::TieBTN(GPIO_TypeDef*, unsigned short)
                0x08000f98                TieBTN::TieBTN(GPIO_TypeDef*, unsigned short)
 .text._ZN6TieBTN6IsDownEv
                0x08001008        0x8 CMakeFiles/stm32_cpp.dir/Project/Src/TieSys_src/tie_feature.cpp.obj
                0x08001008                TieBTN::IsDown()
 .text._ZN6TieBTN6UpdateEh
                0x08001010       0xba CMakeFiles/stm32_cpp.dir/Project/Src/TieSys_src/tie_feature.cpp.obj
                0x08001010                TieBTN::Update(unsigned char)
 .text._ZN6TieBTN7IsPressEv
                0x080010ca        0x8 CMakeFiles/stm32_cpp.dir/Project/Src/TieSys_src/tie_feature.cpp.obj
                0x080010ca                TieBTN::IsPress()
 *fill*         0x080010d2        0x2 
 .text._ZN6TieLCDC2Ev
                0x080010d4       0x28 CMakeFiles/stm32_cpp.dir/Project/Src/TieSys_src/tie_feature.cpp.obj
                0x080010d4                TieLCD::TieLCD()
                0x080010d4                TieLCD::TieLCD()
 .text._ZN6TieLCD4InitEv
                0x080010fc       0x16 CMakeFiles/stm32_cpp.dir/Project/Src/TieSys_src/tie_feature.cpp.obj
                0x080010fc                TieLCD::Init()
 *fill*         0x08001112        0x2 
 .text._ZN6TieLCD8DrawCharEciih
                0x08001114       0x44 CMakeFiles/stm32_cpp.dir/Project/Src/TieSys_src/tie_feature.cpp.obj
                0x08001114                TieLCD::DrawChar(char, int, int, unsigned char)
 .text._ZN6TieLCD10DrawNumberEliih
                0x08001158       0xf0 CMakeFiles/stm32_cpp.dir/Project/Src/TieSys_src/tie_feature.cpp.obj
                0x08001158                TieLCD::DrawNumber(long, int, int, unsigned char)
 .text._ZN6TieLCD8DrawTextEPKciih
                0x08001248       0x68 CMakeFiles/stm32_cpp.dir/Project/Src/TieSys_src/tie_feature.cpp.obj
                0x08001248                TieLCD::DrawText(char const*, int, int, unsigned char)
 .text._ZN6TieLCD15DrawTextInBoundEPKciih
                0x080012b0       0xe4 CMakeFiles/stm32_cpp.dir/Project/Src/TieSys_src/tie_feature.cpp.obj
                0x080012b0                TieLCD::DrawTextInBound(char const*, int, int, unsigned char)
 .text._ZN6TieLCD11GetHeightOfEPKc
                0x08001394       0x80 CMakeFiles/stm32_cpp.dir/Project/Src/TieSys_src/tie_feature.cpp.obj
                0x08001394                TieLCD::GetHeightOf(char const*)
 .text._ZN16Adafruit_PCD854417updateBoundingBoxEhhhh
                0x08001414       0x36 CMakeFiles/stm32_cpp.dir/Project/Src/spi/LCD_5110.cpp.obj
                0x08001414                Adafruit_PCD8544::updateBoundingBox(unsigned char, unsigned char, unsigned char, unsigned char)
 *fill*         0x0800144a        0x2 
 .text._ZN16Adafruit_PCD8544C2EP11SPI_TypeDefP12GPIO_TypeDeftt
                0x0800144c       0x88 CMakeFiles/stm32_cpp.dir/Project/Src/spi/LCD_5110.cpp.obj
                0x0800144c                Adafruit_PCD8544::Adafruit_PCD8544(SPI_TypeDef*, GPIO_TypeDef*, unsigned short, unsigned short)
                0x0800144c                Adafruit_PCD8544::Adafruit_PCD8544(SPI_TypeDef*, GPIO_TypeDef*, unsigned short, unsigned short)
 .text._ZN16Adafruit_PCD85448setPixelEssbPh
                0x080014d4       0xbe CMakeFiles/stm32_cpp.dir/Project/Src/spi/LCD_5110.cpp.obj
                0x080014d4                Adafruit_PCD8544::setPixel(short, short, bool, unsigned char*)
 *fill*         0x08001592        0x2 
 .text._ZN16Adafruit_PCD85449drawPixelEsst
                0x08001594       0x1c CMakeFiles/stm32_cpp.dir/Project/Src/spi/LCD_5110.cpp.obj
                0x08001594                Adafruit_PCD8544::drawPixel(short, short, unsigned short)
 .text._ZN16Adafruit_PCD854410drawBitmapEssPKhsst
                0x080015b0       0x96 CMakeFiles/stm32_cpp.dir/Project/Src/spi/LCD_5110.cpp.obj
                0x080015b0                Adafruit_PCD8544::drawBitmap(short, short, unsigned char const*, short, short, unsigned short)
 .text._ZN16Adafruit_PCD85447commandEh
                0x08001646       0x22 CMakeFiles/stm32_cpp.dir/Project/Src/spi/LCD_5110.cpp.obj
                0x08001646                Adafruit_PCD8544::command(unsigned char)
 .text._ZN16Adafruit_PCD854411setContrastEh
                0x08001668       0x2e CMakeFiles/stm32_cpp.dir/Project/Src/spi/LCD_5110.cpp.obj
                0x08001668                Adafruit_PCD8544::setContrast(unsigned char)
 .text._ZN16Adafruit_PCD85447setBiasEh
                0x08001696       0x2a CMakeFiles/stm32_cpp.dir/Project/Src/spi/LCD_5110.cpp.obj
                0x08001696                Adafruit_PCD8544::setBias(unsigned char)
 .text._ZN16Adafruit_PCD854411initDisplayEv
                0x080016c0       0x36 CMakeFiles/stm32_cpp.dir/Project/Src/spi/LCD_5110.cpp.obj
                0x080016c0                Adafruit_PCD8544::initDisplay()
 *fill*         0x080016f6        0x2 
 .text._ZN16Adafruit_PCD85447displayEv
                0x080016f8       0x84 CMakeFiles/stm32_cpp.dir/Project/Src/spi/LCD_5110.cpp.obj
                0x080016f8                Adafruit_PCD8544::display()
 .text._ZN16Adafruit_PCD85445beginEhh
                0x0800177c       0x30 CMakeFiles/stm32_cpp.dir/Project/Src/spi/LCD_5110.cpp.obj
                0x0800177c                Adafruit_PCD8544::begin(unsigned char, unsigned char)
 .text._ZN16Adafruit_PCD854412clearDisplayEv
                0x080017ac       0x2c CMakeFiles/stm32_cpp.dir/Project/Src/spi/LCD_5110.cpp.obj
                0x080017ac                Adafruit_PCD8544::clearDisplay()
 .text._ZN6TieSPIC2Ev
                0x080017d8        0x2 CMakeFiles/stm32_cpp.dir/Project/Src/spi/TieSPI.cpp.obj
                0x080017d8                TieSPI::TieSPI()
                0x080017d8                TieSPI::TieSPI()
 *fill*         0x080017da        0x2 
 .text._ZN6TieSPI6pindefEP11SPI_TypeDef
                0x080017dc       0xe4 CMakeFiles/stm32_cpp.dir/Project/Src/spi/TieSPI.cpp.obj
                0x080017dc                TieSPI::pindef(SPI_TypeDef*)
 .text._ZN6TieSPI5writeEPKht
                0x080018c0       0x4c CMakeFiles/stm32_cpp.dir/Project/Src/spi/TieSPI.cpp.obj
                0x080018c0                TieSPI::write(unsigned char const*, unsigned short)
 .text.Reset_Handler
                0x0800190c       0x48 CMakeFiles/stm32_cpp.dir/Core/startup_stm32f103xb.s.obj
                0x0800190c                Reset_Handler
 .text.Default_Handler
                0x08001954        0x2 CMakeFiles/stm32_cpp.dir/Core/startup_stm32f103xb.s.obj
                0x08001954                RTC_Alarm_IRQHandler
                0x08001954                EXTI2_IRQHandler
                0x08001954                TIM1_CC_IRQHandler
                0x08001954                PVD_IRQHandler
                0x08001954                EXTI3_IRQHandler
                0x08001954                EXTI0_IRQHandler
                0x08001954                I2C2_EV_IRQHandler
                0x08001954                ADC1_2_IRQHandler
                0x08001954                SPI1_IRQHandler
                0x08001954                TAMPER_IRQHandler
                0x08001954                DMA1_Channel4_IRQHandler
                0x08001954                USART3_IRQHandler
                0x08001954                RTC_IRQHandler
                0x08001954                DMA1_Channel7_IRQHandler
                0x08001954                CAN1_RX1_IRQHandler
                0x08001954                TIM4_IRQHandler
                0x08001954                I2C1_EV_IRQHandler
                0x08001954                DMA1_Channel6_IRQHandler
                0x08001954                TIM3_IRQHandler
                0x08001954                RCC_IRQHandler
                0x08001954                TIM1_TRG_COM_IRQHandler
                0x08001954                DMA1_Channel1_IRQHandler
                0x08001954                Default_Handler
                0x08001954                EXTI15_10_IRQHandler
                0x08001954                EXTI9_5_IRQHandler
                0x08001954                SPI2_IRQHandler
                0x08001954                DMA1_Channel5_IRQHandler
                0x08001954                EXTI4_IRQHandler
                0x08001954                USB_LP_CAN1_RX0_IRQHandler
                0x08001954                USB_HP_CAN1_TX_IRQHandler
                0x08001954                DMA1_Channel3_IRQHandler
                0x08001954                TIM1_UP_IRQHandler
                0x08001954                WWDG_IRQHandler
                0x08001954                TIM2_IRQHandler
                0x08001954                TIM1_BRK_IRQHandler
                0x08001954                EXTI1_IRQHandler
                0x08001954                USART2_IRQHandler
                0x08001954                I2C2_ER_IRQHandler
                0x08001954                DMA1_Channel2_IRQHandler
                0x08001954                CAN1_SCE_IRQHandler
                0x08001954                FLASH_IRQHandler
                0x08001954                USART1_IRQHandler
                0x08001954                I2C1_ER_IRQHandler
                0x08001954                USBWakeUp_IRQHandler
 *fill*         0x08001956        0x2 
 .text.__libc_init_array
                0x08001958       0x48 f:/admin/train/electronic/stm32/tools/compiler/10 2021.10/bin/../lib/gcc/arm-none-eabi/10.3.1/../../../../arm-none-eabi/lib/thumb/v7-m/nofp\libc_nano.a(lib_a-init.o)
                0x08001958                __libc_init_array
 .text.memcpy   0x080019a0       0x1c f:/admin/train/electronic/stm32/tools/compiler/10 2021.10/bin/../lib/gcc/arm-none-eabi/10.3.1/../../../../arm-none-eabi/lib/thumb/v7-m/nofp\libc_nano.a(lib_a-memcpy-stub.o)
                0x080019a0                memcpy
 .text.memset   0x080019bc       0x10 f:/admin/train/electronic/stm32/tools/compiler/10 2021.10/bin/../lib/gcc/arm-none-eabi/10.3.1/../../../../arm-none-eabi/lib/thumb/v7-m/nofp\libc_nano.a(lib_a-memset.o)
                0x080019bc                memset
 *(.glue_7)
 .glue_7        0x080019cc        0x0 linker stubs
 *(.glue_7t)
 .glue_7t       0x080019cc        0x0 linker stubs
 *(.eh_frame)
 .eh_frame      0x080019cc        0x0 f:/admin/train/electronic/stm32/tools/compiler/10 2021.10/bin/../lib/gcc/arm-none-eabi/10.3.1/thumb/v7-m/nofp/crtbegin.o
 *(.init)
 .init          0x080019cc        0x4 f:/admin/train/electronic/stm32/tools/compiler/10 2021.10/bin/../lib/gcc/arm-none-eabi/10.3.1/thumb/v7-m/nofp/crti.o
                0x080019cc                _init
 .init          0x080019d0        0x8 f:/admin/train/electronic/stm32/tools/compiler/10 2021.10/bin/../lib/gcc/arm-none-eabi/10.3.1/thumb/v7-m/nofp/crtn.o
 *(.fini)
 .fini          0x080019d8        0x4 f:/admin/train/electronic/stm32/tools/compiler/10 2021.10/bin/../lib/gcc/arm-none-eabi/10.3.1/thumb/v7-m/nofp/crti.o
                0x080019d8                _fini
 .fini          0x080019dc        0x8 f:/admin/train/electronic/stm32/tools/compiler/10 2021.10/bin/../lib/gcc/arm-none-eabi/10.3.1/thumb/v7-m/nofp/crtn.o
                0x080019e4                . = ALIGN (0x4)
                0x080019e4                _etext = .

.vfp11_veneer   0x080019e4        0x0
 .vfp11_veneer  0x080019e4        0x0 linker stubs

.v4_bx          0x080019e4        0x0
 .v4_bx         0x080019e4        0x0 linker stubs

.iplt           0x080019e4        0x0
 .iplt          0x080019e4        0x0 f:/admin/train/electronic/stm32/tools/compiler/10 2021.10/bin/../lib/gcc/arm-none-eabi/10.3.1/thumb/v7-m/nofp/crtbegin.o

.rodata         0x080019e4      0x584
                0x080019e4                . = ALIGN (0x4)
 *(.rodata)
 .rodata        0x080019e4       0x14 CMakeFiles/stm32_cpp.dir/Project/Src/TieSys.cpp.obj
 *(.rodata*)
 .rodata._ZN9TieSystem9Init_MainEv.str1.4
                0x080019f8        0x5 CMakeFiles/stm32_cpp.dir/Project/Src/TieLayer.cpp.obj
 *fill*         0x080019fd        0x3 
 .rodata._ZN9TieSystem11Init_RXtextEv.str1.4
                0x08001a00        0x5 CMakeFiles/stm32_cpp.dir/Project/Src/TieLayer.cpp.obj
 *fill*         0x08001a05        0x3 
 .rodata._ZN9TieSystem10Init_RXgifEv.str1.4
                0x08001a08        0x4 CMakeFiles/stm32_cpp.dir/Project/Src/TieLayer.cpp.obj
 .rodata._ZN9TieSystem11Init_TXgameEv.str1.4
                0x08001a0c        0x5 CMakeFiles/stm32_cpp.dir/Project/Src/TieLayer.cpp.obj
 *fill*         0x08001a11        0x3 
 .rodata._ZN9TieSystem12Init_RXspeedEv.str1.4
                0x08001a14        0x6 CMakeFiles/stm32_cpp.dir/Project/Src/TieLayer.cpp.obj
 *fill*         0x08001a1a        0x2 
 .rodata._ZN9TieSystem12ProcessLayerEv.str1.4
                0x08001a1c        0xc CMakeFiles/stm32_cpp.dir/Project/Src/TieLayer.cpp.obj
 .rodata._ZL4font
                0x08001a28      0x540 CMakeFiles/stm32_cpp.dir/Project/Src/TieSys_src/tie_feature.cpp.obj
                0x08001f68                . = ALIGN (0x4)

.rel.dyn        0x08001f68        0x0
 .rel.iplt      0x08001f68        0x0 f:/admin/train/electronic/stm32/tools/compiler/10 2021.10/bin/../lib/gcc/arm-none-eabi/10.3.1/thumb/v7-m/nofp/crtbegin.o

.ARM.extab
 *(.ARM.extab* .gnu.linkonce.armextab.*)

.ARM            0x08001f68        0x0
                0x08001f68                __exidx_start = .
 *(.ARM.exidx*)
                0x08001f68                __exidx_end = .

.preinit_array  0x08001f68        0x0
                0x08001f68                PROVIDE (__preinit_array_start = .)
 *(.preinit_array*)
                0x08001f68                PROVIDE (__preinit_array_end = .)

.init_array     0x08001f68        0x8
                0x08001f68                PROVIDE (__init_array_start = .)
 *(SORT_BY_NAME(.init_array.*))
 *(.init_array*)
 .init_array    0x08001f68        0x4 f:/admin/train/electronic/stm32/tools/compiler/10 2021.10/bin/../lib/gcc/arm-none-eabi/10.3.1/thumb/v7-m/nofp/crtbegin.o
 .init_array    0x08001f6c        0x4 CMakeFiles/stm32_cpp.dir/Project/Src/Loop.cpp.obj
                0x08001f70                PROVIDE (__init_array_end = .)

.fini_array     0x08001f70        0x4
                [!provide]                PROVIDE (__fini_array_start = .)
 *(SORT_BY_NAME(.fini_array.*))
 *(.fini_array*)
 .fini_array    0x08001f70        0x4 f:/admin/train/electronic/stm32/tools/compiler/10 2021.10/bin/../lib/gcc/arm-none-eabi/10.3.1/thumb/v7-m/nofp/crtbegin.o
                [!provide]                PROVIDE (__fini_array_end = .)
                0x08001f74                _sidata = LOADADDR (.data)

.data           0x20000000      0x20c load address 0x08001f74
                0x20000000                . = ALIGN (0x4)
                0x20000000                _sdata = .
 *(.data)
 *(.data*)
 .data.ADCPrescTable
                0x20000000        0x4 CMakeFiles/stm32_cpp.dir/Drivers/STM32F10x_StdPeriph_Driver/src/stm32f10x_rcc.c.obj
 .data.APBAHBPrescTable
                0x20000004       0x10 CMakeFiles/stm32_cpp.dir/Drivers/STM32F10x_StdPeriph_Driver/src/stm32f10x_rcc.c.obj
 .data.pcd8544_buffer
                0x20000014      0x1f8 CMakeFiles/stm32_cpp.dir/Project/Src/spi/LCD_5110.cpp.obj
                0x20000014                pcd8544_buffer
                0x2000020c                . = ALIGN (0x4)
                0x2000020c                _edata = .

.igot.plt       0x2000020c        0x0 load address 0x08002180
 .igot.plt      0x2000020c        0x0 f:/admin/train/electronic/stm32/tools/compiler/10 2021.10/bin/../lib/gcc/arm-none-eabi/10.3.1/thumb/v7-m/nofp/crtbegin.o
                0x2000020c                . = ALIGN (0x4)

.bss            0x2000020c      0x328 load address 0x08002180
                0x2000020c                _sbss = .
                0x2000020c                __bss_start__ = _sbss
 *(.bss)
 .bss           0x2000020c       0x1c f:/admin/train/electronic/stm32/tools/compiler/10 2021.10/bin/../lib/gcc/arm-none-eabi/10.3.1/thumb/v7-m/nofp/crtbegin.o
 *(.bss*)
 .bss.TieSys    0x20000228      0x30c CMakeFiles/stm32_cpp.dir/Project/Src/Loop.cpp.obj
                0x20000228                TieSys
 *(COMMON)
                0x20000534                . = ALIGN (0x4)
                0x20000534                _ebss = .
                0x20000534                __bss_end__ = _ebss

._user_heap_stack
                0x20000534      0x604 load address 0x08002180
                0x20000538                . = ALIGN (0x8)
 *fill*         0x20000534        0x4 
                [!provide]                PROVIDE (end = .)
                [!provide]                PROVIDE (_end = .)
                0x20000738                . = (. + _Min_Heap_Size)
 *fill*         0x20000538      0x200 
                0x20000b38                . = (. + _Min_Stack_Size)
 *fill*         0x20000738      0x400 
                0x20000b38                . = ALIGN (0x8)

/DISCARD/
 libc.a(*)
 libm.a(*)
 libgcc.a(*)

.ARM.attributes
                0x00000000       0x29
 *(.ARM.attributes)
 .ARM.attributes
                0x00000000       0x1d f:/admin/train/electronic/stm32/tools/compiler/10 2021.10/bin/../lib/gcc/arm-none-eabi/10.3.1/thumb/v7-m/nofp/crti.o
 .ARM.attributes
                0x0000001d       0x2d f:/admin/train/electronic/stm32/tools/compiler/10 2021.10/bin/../lib/gcc/arm-none-eabi/10.3.1/thumb/v7-m/nofp/crtbegin.o
 .ARM.attributes
                0x0000004a       0x2d CMakeFiles/stm32_cpp.dir/Core/Src/main.c.obj
 .ARM.attributes
                0x00000077       0x2d CMakeFiles/stm32_cpp.dir/Core/Src/stm32f10x_it.c.obj
 .ARM.attributes
                0x000000a4       0x2d CMakeFiles/stm32_cpp.dir/Core/Src/system_stm32f10x.c.obj
 .ARM.attributes
                0x000000d1       0x2d CMakeFiles/stm32_cpp.dir/Drivers/STM32F10x_StdPeriph_Driver/src/stm32f10x_dma.c.obj
 .ARM.attributes
                0x000000fe       0x2d CMakeFiles/stm32_cpp.dir/Drivers/STM32F10x_StdPeriph_Driver/src/stm32f10x_gpio.c.obj
 .ARM.attributes
                0x0000012b       0x2d CMakeFiles/stm32_cpp.dir/Drivers/STM32F10x_StdPeriph_Driver/src/stm32f10x_rcc.c.obj
 .ARM.attributes
                0x00000158       0x2d CMakeFiles/stm32_cpp.dir/Drivers/STM32F10x_StdPeriph_Driver/src/stm32f10x_spi.c.obj
 .ARM.attributes
                0x00000185       0x2d CMakeFiles/stm32_cpp.dir/Drivers/STM32F10x_StdPeriph_Driver/src/stm32f10x_tim.c.obj
 .ARM.attributes
                0x000001b2       0x2d CMakeFiles/stm32_cpp.dir/Drivers/STM32F10x_StdPeriph_Driver/src/stm32f10x_usart.c.obj
 .ARM.attributes
                0x000001df       0x2d CMakeFiles/stm32_cpp.dir/Project/Src/Loop.cpp.obj
 .ARM.attributes
                0x0000020c       0x2d CMakeFiles/stm32_cpp.dir/Project/Src/TieLayer.cpp.obj
 .ARM.attributes
                0x00000239       0x2d CMakeFiles/stm32_cpp.dir/Project/Src/TieSys.cpp.obj
 .ARM.attributes
                0x00000266       0x2d CMakeFiles/stm32_cpp.dir/Project/Src/TieSys_src/tie_define.cpp.obj
 .ARM.attributes
                0x00000293       0x2d CMakeFiles/stm32_cpp.dir/Project/Src/TieSys_src/tie_feature.cpp.obj
 .ARM.attributes
                0x000002c0       0x2d CMakeFiles/stm32_cpp.dir/Project/Src/spi/LCD_5110.cpp.obj
 .ARM.attributes
                0x000002ed       0x2d CMakeFiles/stm32_cpp.dir/Project/Src/spi/TieSPI.cpp.obj
 .ARM.attributes
                0x0000031a       0x21 CMakeFiles/stm32_cpp.dir/Core/startup_stm32f103xb.s.obj
 .ARM.attributes
                0x0000033b       0x2d f:/admin/train/electronic/stm32/tools/compiler/10 2021.10/bin/../lib/gcc/arm-none-eabi/10.3.1/../../../../arm-none-eabi/lib/thumb/v7-m/nofp\libc_nano.a(lib_a-init.o)
 .ARM.attributes
                0x00000368       0x2d f:/admin/train/electronic/stm32/tools/compiler/10 2021.10/bin/../lib/gcc/arm-none-eabi/10.3.1/../../../../arm-none-eabi/lib/thumb/v7-m/nofp\libc_nano.a(lib_a-memcpy-stub.o)
 .ARM.attributes
                0x00000395       0x2d f:/admin/train/electronic/stm32/tools/compiler/10 2021.10/bin/../lib/gcc/arm-none-eabi/10.3.1/../../../../arm-none-eabi/lib/thumb/v7-m/nofp\libc_nano.a(lib_a-memset.o)
 .ARM.attributes
                0x000003c2       0x1d f:/admin/train/electronic/stm32/tools/compiler/10 2021.10/bin/../lib/gcc/arm-none-eabi/10.3.1/thumb/v7-m/nofp/crtn.o
OUTPUT(stm32_cpp.elf elf32-littlearm)
LOAD linker stubs
LOAD f:/admin/train/electronic/stm32/tools/compiler/10 2021.10/bin/../lib/gcc/arm-none-eabi/10.3.1/../../../../arm-none-eabi/lib/thumb/v7-m/nofp\libc.a
LOAD f:/admin/train/electronic/stm32/tools/compiler/10 2021.10/bin/../lib/gcc/arm-none-eabi/10.3.1/../../../../arm-none-eabi/lib/thumb/v7-m/nofp\libm.a
LOAD f:/admin/train/electronic/stm32/tools/compiler/10 2021.10/bin/../lib/gcc/arm-none-eabi/10.3.1/thumb/v7-m/nofp\libgcc.a

.debug_info     0x00000000     0xe971
 .debug_info    0x00000000       0x76 CMakeFiles/stm32_cpp.dir/Core/Src/main.c.obj
 .debug_info    0x00000076      0x112 CMakeFiles/stm32_cpp.dir/Core/Src/stm32f10x_it.c.obj
 .debug_info    0x00000188      0x4dd CMakeFiles/stm32_cpp.dir/Core/Src/system_stm32f10x.c.obj
 .debug_info    0x00000665      0x4b6 CMakeFiles/stm32_cpp.dir/Drivers/STM32F10x_StdPeriph_Driver/src/stm32f10x_dma.c.obj
 .debug_info    0x00000b1b      0x925 CMakeFiles/stm32_cpp.dir/Drivers/STM32F10x_StdPeriph_Driver/src/stm32f10x_gpio.c.obj
 .debug_info    0x00001440      0x984 CMakeFiles/stm32_cpp.dir/Drivers/STM32F10x_StdPeriph_Driver/src/stm32f10x_rcc.c.obj
 .debug_info    0x00001dc4      0xaa8 CMakeFiles/stm32_cpp.dir/Drivers/STM32F10x_StdPeriph_Driver/src/stm32f10x_spi.c.obj
 .debug_info    0x0000286c     0x2506 CMakeFiles/stm32_cpp.dir/Drivers/STM32F10x_StdPeriph_Driver/src/stm32f10x_tim.c.obj
 .debug_info    0x00004d72      0xc0e CMakeFiles/stm32_cpp.dir/Drivers/STM32F10x_StdPeriph_Driver/src/stm32f10x_usart.c.obj
 .debug_info    0x00005980     0x15c6 CMakeFiles/stm32_cpp.dir/Project/Src/Loop.cpp.obj
 .debug_info    0x00006f46     0x1bf9 CMakeFiles/stm32_cpp.dir/Project/Src/TieLayer.cpp.obj
 .debug_info    0x00008b3f     0x1e33 CMakeFiles/stm32_cpp.dir/Project/Src/TieSys.cpp.obj
 .debug_info    0x0000a972      0x408 CMakeFiles/stm32_cpp.dir/Project/Src/TieSys_src/tie_define.cpp.obj
 .debug_info    0x0000ad7a     0x17b0 CMakeFiles/stm32_cpp.dir/Project/Src/TieSys_src/tie_feature.cpp.obj
 .debug_info    0x0000c52a     0x1c12 CMakeFiles/stm32_cpp.dir/Project/Src/spi/LCD_5110.cpp.obj
 .debug_info    0x0000e13c      0x813 CMakeFiles/stm32_cpp.dir/Project/Src/spi/TieSPI.cpp.obj
 .debug_info    0x0000e94f       0x22 CMakeFiles/stm32_cpp.dir/Core/startup_stm32f103xb.s.obj

.debug_abbrev   0x00000000     0x23ca
 .debug_abbrev  0x00000000       0x5e CMakeFiles/stm32_cpp.dir/Core/Src/main.c.obj
 .debug_abbrev  0x0000005e       0x47 CMakeFiles/stm32_cpp.dir/Core/Src/stm32f10x_it.c.obj
 .debug_abbrev  0x000000a5      0x184 CMakeFiles/stm32_cpp.dir/Core/Src/system_stm32f10x.c.obj
 .debug_abbrev  0x00000229      0x183 CMakeFiles/stm32_cpp.dir/Drivers/STM32F10x_StdPeriph_Driver/src/stm32f10x_dma.c.obj
 .debug_abbrev  0x000003ac      0x207 CMakeFiles/stm32_cpp.dir/Drivers/STM32F10x_StdPeriph_Driver/src/stm32f10x_gpio.c.obj
 .debug_abbrev  0x000005b3      0x1ed CMakeFiles/stm32_cpp.dir/Drivers/STM32F10x_StdPeriph_Driver/src/stm32f10x_rcc.c.obj
 .debug_abbrev  0x000007a0      0x1d9 CMakeFiles/stm32_cpp.dir/Drivers/STM32F10x_StdPeriph_Driver/src/stm32f10x_spi.c.obj
 .debug_abbrev  0x00000979      0x1ed CMakeFiles/stm32_cpp.dir/Drivers/STM32F10x_StdPeriph_Driver/src/stm32f10x_tim.c.obj
 .debug_abbrev  0x00000b66      0x1c3 CMakeFiles/stm32_cpp.dir/Drivers/STM32F10x_StdPeriph_Driver/src/stm32f10x_usart.c.obj
 .debug_abbrev  0x00000d29      0x31e CMakeFiles/stm32_cpp.dir/Project/Src/Loop.cpp.obj
 .debug_abbrev  0x00001047      0x34e CMakeFiles/stm32_cpp.dir/Project/Src/TieLayer.cpp.obj
 .debug_abbrev  0x00001395      0x393 CMakeFiles/stm32_cpp.dir/Project/Src/TieSys.cpp.obj
 .debug_abbrev  0x00001728      0x1d8 CMakeFiles/stm32_cpp.dir/Project/Src/TieSys_src/tie_define.cpp.obj
 .debug_abbrev  0x00001900      0x38d CMakeFiles/stm32_cpp.dir/Project/Src/TieSys_src/tie_feature.cpp.obj
 .debug_abbrev  0x00001c8d      0x4cc CMakeFiles/stm32_cpp.dir/Project/Src/spi/LCD_5110.cpp.obj
 .debug_abbrev  0x00002159      0x25f CMakeFiles/stm32_cpp.dir/Project/Src/spi/TieSPI.cpp.obj
 .debug_abbrev  0x000023b8       0x12 CMakeFiles/stm32_cpp.dir/Core/startup_stm32f103xb.s.obj

.debug_aranges  0x00000000      0xa88
 .debug_aranges
                0x00000000       0x20 CMakeFiles/stm32_cpp.dir/Core/Src/main.c.obj
 .debug_aranges
                0x00000020       0x60 CMakeFiles/stm32_cpp.dir/Core/Src/stm32f10x_it.c.obj
 .debug_aranges
                0x00000080       0x38 CMakeFiles/stm32_cpp.dir/Core/Src/system_stm32f10x.c.obj
 .debug_aranges
                0x000000b8       0x70 CMakeFiles/stm32_cpp.dir/Drivers/STM32F10x_StdPeriph_Driver/src/stm32f10x_dma.c.obj
 .debug_aranges
                0x00000128       0xa8 CMakeFiles/stm32_cpp.dir/Drivers/STM32F10x_StdPeriph_Driver/src/stm32f10x_gpio.c.obj
 .debug_aranges
                0x000001d0      0x118 CMakeFiles/stm32_cpp.dir/Drivers/STM32F10x_StdPeriph_Driver/src/stm32f10x_rcc.c.obj
 .debug_aranges
                0x000002e8       0xd0 CMakeFiles/stm32_cpp.dir/Drivers/STM32F10x_StdPeriph_Driver/src/stm32f10x_spi.c.obj
 .debug_aranges
                0x000003b8      0x2f0 CMakeFiles/stm32_cpp.dir/Drivers/STM32F10x_StdPeriph_Driver/src/stm32f10x_tim.c.obj
 .debug_aranges
                0x000006a8      0x100 CMakeFiles/stm32_cpp.dir/Drivers/STM32F10x_StdPeriph_Driver/src/stm32f10x_usart.c.obj
 .debug_aranges
                0x000007a8       0x48 CMakeFiles/stm32_cpp.dir/Project/Src/Loop.cpp.obj
 .debug_aranges
                0x000007f0       0x50 CMakeFiles/stm32_cpp.dir/Project/Src/TieLayer.cpp.obj
 .debug_aranges
                0x00000840       0x70 CMakeFiles/stm32_cpp.dir/Project/Src/TieSys.cpp.obj
 .debug_aranges
                0x000008b0       0x38 CMakeFiles/stm32_cpp.dir/Project/Src/TieSys_src/tie_define.cpp.obj
 .debug_aranges
                0x000008e8       0x88 CMakeFiles/stm32_cpp.dir/Project/Src/TieSys_src/tie_feature.cpp.obj
 .debug_aranges
                0x00000970       0xb8 CMakeFiles/stm32_cpp.dir/Project/Src/spi/LCD_5110.cpp.obj
 .debug_aranges
                0x00000a28       0x38 CMakeFiles/stm32_cpp.dir/Project/Src/spi/TieSPI.cpp.obj
 .debug_aranges
                0x00000a60       0x28 CMakeFiles/stm32_cpp.dir/Core/startup_stm32f103xb.s.obj

.debug_ranges   0x00000000      0xa78
 .debug_ranges  0x00000000       0x10 CMakeFiles/stm32_cpp.dir/Core/Src/main.c.obj
 .debug_ranges  0x00000010       0x50 CMakeFiles/stm32_cpp.dir/Core/Src/stm32f10x_it.c.obj
 .debug_ranges  0x00000060       0x28 CMakeFiles/stm32_cpp.dir/Core/Src/system_stm32f10x.c.obj
 .debug_ranges  0x00000088       0x60 CMakeFiles/stm32_cpp.dir/Drivers/STM32F10x_StdPeriph_Driver/src/stm32f10x_dma.c.obj
 .debug_ranges  0x000000e8       0x98 CMakeFiles/stm32_cpp.dir/Drivers/STM32F10x_StdPeriph_Driver/src/stm32f10x_gpio.c.obj
 .debug_ranges  0x00000180      0x108 CMakeFiles/stm32_cpp.dir/Drivers/STM32F10x_StdPeriph_Driver/src/stm32f10x_rcc.c.obj
 .debug_ranges  0x00000288       0xc0 CMakeFiles/stm32_cpp.dir/Drivers/STM32F10x_StdPeriph_Driver/src/stm32f10x_spi.c.obj
 .debug_ranges  0x00000348      0x2e0 CMakeFiles/stm32_cpp.dir/Drivers/STM32F10x_StdPeriph_Driver/src/stm32f10x_tim.c.obj
 .debug_ranges  0x00000628       0xf0 CMakeFiles/stm32_cpp.dir/Drivers/STM32F10x_StdPeriph_Driver/src/stm32f10x_usart.c.obj
 .debug_ranges  0x00000718       0x38 CMakeFiles/stm32_cpp.dir/Project/Src/Loop.cpp.obj
 .debug_ranges  0x00000750       0x58 CMakeFiles/stm32_cpp.dir/Project/Src/TieLayer.cpp.obj
 .debug_ranges  0x000007a8       0x60 CMakeFiles/stm32_cpp.dir/Project/Src/TieSys.cpp.obj
 .debug_ranges  0x00000808       0x28 CMakeFiles/stm32_cpp.dir/Project/Src/TieSys_src/tie_define.cpp.obj
 .debug_ranges  0x00000830       0xc0 CMakeFiles/stm32_cpp.dir/Project/Src/TieSys_src/tie_feature.cpp.obj
 .debug_ranges  0x000008f0      0x140 CMakeFiles/stm32_cpp.dir/Project/Src/spi/LCD_5110.cpp.obj
 .debug_ranges  0x00000a30       0x28 CMakeFiles/stm32_cpp.dir/Project/Src/spi/TieSPI.cpp.obj
 .debug_ranges  0x00000a58       0x20 CMakeFiles/stm32_cpp.dir/Core/startup_stm32f103xb.s.obj

.debug_macro    0x00000000    0x12e3b
 .debug_macro   0x00000000       0x15 CMakeFiles/stm32_cpp.dir/Core/Src/main.c.obj
 .debug_macro   0x00000015      0xa66 CMakeFiles/stm32_cpp.dir/Core/Src/main.c.obj
 .debug_macro   0x00000a7b      0x1a7 CMakeFiles/stm32_cpp.dir/Core/Src/stm32f10x_it.c.obj
 .debug_macro   0x00000c22       0x5c CMakeFiles/stm32_cpp.dir/Core/Src/stm32f10x_it.c.obj
 .debug_macro   0x00000c7e       0x22 CMakeFiles/stm32_cpp.dir/Core/Src/stm32f10x_it.c.obj
 .debug_macro   0x00000ca0       0x8e CMakeFiles/stm32_cpp.dir/Core/Src/stm32f10x_it.c.obj
 .debug_macro   0x00000d2e       0x51 CMakeFiles/stm32_cpp.dir/Core/Src/stm32f10x_it.c.obj
 .debug_macro   0x00000d7f      0x103 CMakeFiles/stm32_cpp.dir/Core/Src/stm32f10x_it.c.obj
 .debug_macro   0x00000e82       0x6a CMakeFiles/stm32_cpp.dir/Core/Src/stm32f10x_it.c.obj
 .debug_macro   0x00000eec      0x1df CMakeFiles/stm32_cpp.dir/Core/Src/stm32f10x_it.c.obj
 .debug_macro   0x000010cb       0x1c CMakeFiles/stm32_cpp.dir/Core/Src/stm32f10x_it.c.obj
 .debug_macro   0x000010e7       0x22 CMakeFiles/stm32_cpp.dir/Core/Src/stm32f10x_it.c.obj
 .debug_macro   0x00001109       0xbd CMakeFiles/stm32_cpp.dir/Core/Src/stm32f10x_it.c.obj
 .debug_macro   0x000011c6      0xd23 CMakeFiles/stm32_cpp.dir/Core/Src/stm32f10x_it.c.obj
 .debug_macro   0x00001ee9     0x7eb3 CMakeFiles/stm32_cpp.dir/Core/Src/stm32f10x_it.c.obj
 .debug_macro   0x00009d9c      0x2de CMakeFiles/stm32_cpp.dir/Core/Src/stm32f10x_it.c.obj
 .debug_macro   0x0000a07a      0x144 CMakeFiles/stm32_cpp.dir/Core/Src/stm32f10x_it.c.obj
 .debug_macro   0x0000a1be      0x3cf CMakeFiles/stm32_cpp.dir/Core/Src/stm32f10x_it.c.obj
 .debug_macro   0x0000a58d       0xc8 CMakeFiles/stm32_cpp.dir/Core/Src/stm32f10x_it.c.obj
 .debug_macro   0x0000a655      0x179 CMakeFiles/stm32_cpp.dir/Core/Src/stm32f10x_it.c.obj
 .debug_macro   0x0000a7ce       0xac CMakeFiles/stm32_cpp.dir/Core/Src/stm32f10x_it.c.obj
 .debug_macro   0x0000a87a      0x3ad CMakeFiles/stm32_cpp.dir/Core/Src/stm32f10x_it.c.obj
 .debug_macro   0x0000ac27       0x9a CMakeFiles/stm32_cpp.dir/Core/Src/stm32f10x_it.c.obj
 .debug_macro   0x0000acc1      0x2ce CMakeFiles/stm32_cpp.dir/Core/Src/stm32f10x_it.c.obj
 .debug_macro   0x0000af8f      0x279 CMakeFiles/stm32_cpp.dir/Core/Src/stm32f10x_it.c.obj
 .debug_macro   0x0000b208      0x2ab CMakeFiles/stm32_cpp.dir/Core/Src/stm32f10x_it.c.obj
 .debug_macro   0x0000b4b3      0x2b1 CMakeFiles/stm32_cpp.dir/Core/Src/stm32f10x_it.c.obj
 .debug_macro   0x0000b764       0x64 CMakeFiles/stm32_cpp.dir/Core/Src/stm32f10x_it.c.obj
 .debug_macro   0x0000b7c8       0x82 CMakeFiles/stm32_cpp.dir/Core/Src/stm32f10x_it.c.obj
 .debug_macro   0x0000b84a      0x3e2 CMakeFiles/stm32_cpp.dir/Core/Src/stm32f10x_it.c.obj
 .debug_macro   0x0000bc2c       0x58 CMakeFiles/stm32_cpp.dir/Core/Src/stm32f10x_it.c.obj
 .debug_macro   0x0000bc84      0x341 CMakeFiles/stm32_cpp.dir/Core/Src/stm32f10x_it.c.obj
 .debug_macro   0x0000bfc5      0x2c3 CMakeFiles/stm32_cpp.dir/Core/Src/stm32f10x_it.c.obj
 .debug_macro   0x0000c288      0x711 CMakeFiles/stm32_cpp.dir/Core/Src/stm32f10x_it.c.obj
 .debug_macro   0x0000c999      0x226 CMakeFiles/stm32_cpp.dir/Core/Src/stm32f10x_it.c.obj
 .debug_macro   0x0000cbbf       0x34 CMakeFiles/stm32_cpp.dir/Core/Src/stm32f10x_it.c.obj
 .debug_macro   0x0000cbf3       0x8a CMakeFiles/stm32_cpp.dir/Core/Src/stm32f10x_it.c.obj
 .debug_macro   0x0000cc7d       0x35 CMakeFiles/stm32_cpp.dir/Core/Src/stm32f10x_it.c.obj
 .debug_macro   0x0000ccb2      0x1a9 CMakeFiles/stm32_cpp.dir/Core/Src/system_stm32f10x.c.obj
 .debug_macro   0x0000ce5b      0x1fb CMakeFiles/stm32_cpp.dir/Drivers/STM32F10x_StdPeriph_Driver/src/stm32f10x_dma.c.obj
 .debug_macro   0x0000d056      0x3a7 CMakeFiles/stm32_cpp.dir/Drivers/STM32F10x_StdPeriph_Driver/src/stm32f10x_dma.c.obj
 .debug_macro   0x0000d3fd      0x1f5 CMakeFiles/stm32_cpp.dir/Drivers/STM32F10x_StdPeriph_Driver/src/stm32f10x_gpio.c.obj
 .debug_macro   0x0000d5f2      0x2a5 CMakeFiles/stm32_cpp.dir/Drivers/STM32F10x_StdPeriph_Driver/src/stm32f10x_gpio.c.obj
 .debug_macro   0x0000d897      0x2c3 CMakeFiles/stm32_cpp.dir/Drivers/STM32F10x_StdPeriph_Driver/src/stm32f10x_rcc.c.obj
 .debug_macro   0x0000db5a      0x3dc CMakeFiles/stm32_cpp.dir/Drivers/STM32F10x_StdPeriph_Driver/src/stm32f10x_rcc.c.obj
 .debug_macro   0x0000df36      0x20d CMakeFiles/stm32_cpp.dir/Drivers/STM32F10x_StdPeriph_Driver/src/stm32f10x_spi.c.obj
 .debug_macro   0x0000e143      0x2bd CMakeFiles/stm32_cpp.dir/Drivers/STM32F10x_StdPeriph_Driver/src/stm32f10x_spi.c.obj
 .debug_macro   0x0000e400      0x1bf CMakeFiles/stm32_cpp.dir/Drivers/STM32F10x_StdPeriph_Driver/src/stm32f10x_tim.c.obj
 .debug_macro   0x0000e5bf      0x70b CMakeFiles/stm32_cpp.dir/Drivers/STM32F10x_StdPeriph_Driver/src/stm32f10x_tim.c.obj
 .debug_macro   0x0000ecca      0x25b CMakeFiles/stm32_cpp.dir/Drivers/STM32F10x_StdPeriph_Driver/src/stm32f10x_usart.c.obj
 .debug_macro   0x0000ef25      0x220 CMakeFiles/stm32_cpp.dir/Drivers/STM32F10x_StdPeriph_Driver/src/stm32f10x_usart.c.obj
 .debug_macro   0x0000f145      0x29c CMakeFiles/stm32_cpp.dir/Project/Src/Loop.cpp.obj
 .debug_macro   0x0000f3e1      0xbf2 CMakeFiles/stm32_cpp.dir/Project/Src/Loop.cpp.obj
 .debug_macro   0x0000ffd3       0x1c CMakeFiles/stm32_cpp.dir/Project/Src/Loop.cpp.obj
 .debug_macro   0x0000ffef       0x52 CMakeFiles/stm32_cpp.dir/Project/Src/Loop.cpp.obj
 .debug_macro   0x00010041       0x18 CMakeFiles/stm32_cpp.dir/Project/Src/Loop.cpp.obj
 .debug_macro   0x00010059       0x3c CMakeFiles/stm32_cpp.dir/Project/Src/Loop.cpp.obj
 .debug_macro   0x00010095       0x34 CMakeFiles/stm32_cpp.dir/Project/Src/Loop.cpp.obj
 .debug_macro   0x000100c9      0x17b CMakeFiles/stm32_cpp.dir/Project/Src/Loop.cpp.obj
 .debug_macro   0x00010244       0x16 CMakeFiles/stm32_cpp.dir/Project/Src/Loop.cpp.obj
 .debug_macro   0x0001025a       0x43 CMakeFiles/stm32_cpp.dir/Project/Src/Loop.cpp.obj
 .debug_macro   0x0001029d       0x34 CMakeFiles/stm32_cpp.dir/Project/Src/Loop.cpp.obj
 .debug_macro   0x000102d1       0x10 CMakeFiles/stm32_cpp.dir/Project/Src/Loop.cpp.obj
 .debug_macro   0x000102e1       0x58 CMakeFiles/stm32_cpp.dir/Project/Src/Loop.cpp.obj
 .debug_macro   0x00010339       0x71 CMakeFiles/stm32_cpp.dir/Project/Src/Loop.cpp.obj
 .debug_macro   0x000103aa       0x16 CMakeFiles/stm32_cpp.dir/Project/Src/Loop.cpp.obj
 .debug_macro   0x000103c0      0x12a CMakeFiles/stm32_cpp.dir/Project/Src/Loop.cpp.obj
 .debug_macro   0x000104ea      0x364 CMakeFiles/stm32_cpp.dir/Project/Src/Loop.cpp.obj
 .debug_macro   0x0001084e       0x10 CMakeFiles/stm32_cpp.dir/Project/Src/Loop.cpp.obj
 .debug_macro   0x0001085e       0x35 CMakeFiles/stm32_cpp.dir/Project/Src/Loop.cpp.obj
 .debug_macro   0x00010893      0xd23 CMakeFiles/stm32_cpp.dir/Project/Src/Loop.cpp.obj
 .debug_macro   0x000115b6       0x22 CMakeFiles/stm32_cpp.dir/Project/Src/Loop.cpp.obj
 .debug_macro   0x000115d8       0x70 CMakeFiles/stm32_cpp.dir/Project/Src/Loop.cpp.obj
 .debug_macro   0x00011648      0x298 CMakeFiles/stm32_cpp.dir/Project/Src/TieLayer.cpp.obj
 .debug_macro   0x000118e0      0x298 CMakeFiles/stm32_cpp.dir/Project/Src/TieSys.cpp.obj
 .debug_macro   0x00011b78      0x279 CMakeFiles/stm32_cpp.dir/Project/Src/TieSys_src/tie_define.cpp.obj
 .debug_macro   0x00011df1      0x294 CMakeFiles/stm32_cpp.dir/Project/Src/TieSys_src/tie_feature.cpp.obj
 .debug_macro   0x00012085      0x32b CMakeFiles/stm32_cpp.dir/Project/Src/spi/LCD_5110.cpp.obj
 .debug_macro   0x000123b0      0x18a CMakeFiles/stm32_cpp.dir/Project/Src/spi/LCD_5110.cpp.obj
 .debug_macro   0x0001253a       0x10 CMakeFiles/stm32_cpp.dir/Project/Src/spi/LCD_5110.cpp.obj
 .debug_macro   0x0001254a       0xba CMakeFiles/stm32_cpp.dir/Project/Src/spi/LCD_5110.cpp.obj
 .debug_macro   0x00012604       0xf7 CMakeFiles/stm32_cpp.dir/Project/Src/spi/LCD_5110.cpp.obj
 .debug_macro   0x000126fb      0x34c CMakeFiles/stm32_cpp.dir/Project/Src/spi/LCD_5110.cpp.obj
 .debug_macro   0x00012a47       0x10 CMakeFiles/stm32_cpp.dir/Project/Src/spi/LCD_5110.cpp.obj
 .debug_macro   0x00012a57       0x16 CMakeFiles/stm32_cpp.dir/Project/Src/spi/LCD_5110.cpp.obj
 .debug_macro   0x00012a6d       0x16 CMakeFiles/stm32_cpp.dir/Project/Src/spi/LCD_5110.cpp.obj
 .debug_macro   0x00012a83       0x29 CMakeFiles/stm32_cpp.dir/Project/Src/spi/LCD_5110.cpp.obj
 .debug_macro   0x00012aac       0x1c CMakeFiles/stm32_cpp.dir/Project/Src/spi/LCD_5110.cpp.obj
 .debug_macro   0x00012ac8       0xde CMakeFiles/stm32_cpp.dir/Project/Src/spi/LCD_5110.cpp.obj
 .debug_macro   0x00012ba6      0x295 CMakeFiles/stm32_cpp.dir/Project/Src/spi/TieSPI.cpp.obj

.debug_line     0x00000000     0xb0e6
 .debug_line    0x00000000       0xac CMakeFiles/stm32_cpp.dir/Core/Src/main.c.obj
 .debug_line    0x000000ac      0x645 CMakeFiles/stm32_cpp.dir/Core/Src/stm32f10x_it.c.obj
 .debug_line    0x000006f1      0x7b8 CMakeFiles/stm32_cpp.dir/Core/Src/system_stm32f10x.c.obj
 .debug_line    0x00000ea9      0x8d4 CMakeFiles/stm32_cpp.dir/Drivers/STM32F10x_StdPeriph_Driver/src/stm32f10x_dma.c.obj
 .debug_line    0x0000177d      0xaa2 CMakeFiles/stm32_cpp.dir/Drivers/STM32F10x_StdPeriph_Driver/src/stm32f10x_gpio.c.obj
 .debug_line    0x0000221f      0xc64 CMakeFiles/stm32_cpp.dir/Drivers/STM32F10x_StdPeriph_Driver/src/stm32f10x_rcc.c.obj
 .debug_line    0x00002e83      0xb19 CMakeFiles/stm32_cpp.dir/Drivers/STM32F10x_StdPeriph_Driver/src/stm32f10x_spi.c.obj
 .debug_line    0x0000399c     0x1e0a CMakeFiles/stm32_cpp.dir/Drivers/STM32F10x_StdPeriph_Driver/src/stm32f10x_tim.c.obj
 .debug_line    0x000057a6      0xc78 CMakeFiles/stm32_cpp.dir/Drivers/STM32F10x_StdPeriph_Driver/src/stm32f10x_usart.c.obj
 .debug_line    0x0000641e      0x7f1 CMakeFiles/stm32_cpp.dir/Project/Src/Loop.cpp.obj
 .debug_line    0x00006c0f      0xbd4 CMakeFiles/stm32_cpp.dir/Project/Src/TieLayer.cpp.obj
 .debug_line    0x000077e3      0xa54 CMakeFiles/stm32_cpp.dir/Project/Src/TieSys.cpp.obj
 .debug_line    0x00008237      0x786 CMakeFiles/stm32_cpp.dir/Project/Src/TieSys_src/tie_define.cpp.obj
 .debug_line    0x000089bd      0xd82 CMakeFiles/stm32_cpp.dir/Project/Src/TieSys_src/tie_feature.cpp.obj
 .debug_line    0x0000973f     0x105a CMakeFiles/stm32_cpp.dir/Project/Src/spi/LCD_5110.cpp.obj
 .debug_line    0x0000a799      0x8b3 CMakeFiles/stm32_cpp.dir/Project/Src/spi/TieSPI.cpp.obj
 .debug_line    0x0000b04c       0x9a CMakeFiles/stm32_cpp.dir/Core/startup_stm32f103xb.s.obj

.debug_str      0x00000000    0x5a681
 .debug_str     0x00000000     0x2cab CMakeFiles/stm32_cpp.dir/Core/Src/main.c.obj
                               0x2cb1 (size before relaxing)
 .debug_str     0x00002cab    0x4d26e CMakeFiles/stm32_cpp.dir/Core/Src/stm32f10x_it.c.obj
                              0x5003e (size before relaxing)
 .debug_str     0x0004ff19      0x1bf CMakeFiles/stm32_cpp.dir/Core/Src/system_stm32f10x.c.obj
                              0x5015b (size before relaxing)
 .debug_str     0x000500d8      0x70a CMakeFiles/stm32_cpp.dir/Drivers/STM32F10x_StdPeriph_Driver/src/stm32f10x_dma.c.obj
                              0x506e4 (size before relaxing)
 .debug_str     0x000507e2      0x599 CMakeFiles/stm32_cpp.dir/Drivers/STM32F10x_StdPeriph_Driver/src/stm32f10x_gpio.c.obj
                              0x505cb (size before relaxing)
 .debug_str     0x00050d7b      0xafb CMakeFiles/stm32_cpp.dir/Drivers/STM32F10x_StdPeriph_Driver/src/stm32f10x_rcc.c.obj
                              0x50b9a (size before relaxing)
 .debug_str     0x00051876      0x624 CMakeFiles/stm32_cpp.dir/Drivers/STM32F10x_StdPeriph_Driver/src/stm32f10x_spi.c.obj
                              0x506f4 (size before relaxing)
 .debug_str     0x00051e9a      0xbf8 CMakeFiles/stm32_cpp.dir/Drivers/STM32F10x_StdPeriph_Driver/src/stm32f10x_tim.c.obj
                              0x50ce6 (size before relaxing)
 .debug_str     0x00052a92      0x7f8 CMakeFiles/stm32_cpp.dir/Drivers/STM32F10x_StdPeriph_Driver/src/stm32f10x_usart.c.obj
                              0x50904 (size before relaxing)
 .debug_str     0x0005328a     0x49fe CMakeFiles/stm32_cpp.dir/Project/Src/Loop.cpp.obj
                              0x549d7 (size before relaxing)
 .debug_str     0x00057c88       0x82 CMakeFiles/stm32_cpp.dir/Project/Src/TieLayer.cpp.obj
                              0x54a05 (size before relaxing)
 .debug_str     0x00057d0a       0xcb CMakeFiles/stm32_cpp.dir/Project/Src/TieSys.cpp.obj
                              0x54cfd (size before relaxing)
 .debug_str     0x00057dd5      0x114 CMakeFiles/stm32_cpp.dir/Project/Src/TieSys_src/tie_define.cpp.obj
                              0x53cbf (size before relaxing)
 .debug_str     0x00057ee9       0xcb CMakeFiles/stm32_cpp.dir/Project/Src/TieSys_src/tie_feature.cpp.obj
                              0x54889 (size before relaxing)
 .debug_str     0x00057fb4     0x2571 CMakeFiles/stm32_cpp.dir/Project/Src/spi/LCD_5110.cpp.obj
                              0x569f5 (size before relaxing)
 .debug_str     0x0005a525      0x113 CMakeFiles/stm32_cpp.dir/Project/Src/spi/TieSPI.cpp.obj
                              0x53fb6 (size before relaxing)
 .debug_str     0x0005a638       0x49 CMakeFiles/stm32_cpp.dir/Core/startup_stm32f103xb.s.obj
                                 0x6f (size before relaxing)

.comment        0x00000000       0x49
 .comment       0x00000000       0x49 CMakeFiles/stm32_cpp.dir/Core/Src/main.c.obj
                                 0x4a (size before relaxing)
 .comment       0x00000049       0x4a CMakeFiles/stm32_cpp.dir/Core/Src/stm32f10x_it.c.obj
 .comment       0x00000049       0x4a CMakeFiles/stm32_cpp.dir/Core/Src/system_stm32f10x.c.obj
 .comment       0x00000049       0x4a CMakeFiles/stm32_cpp.dir/Drivers/STM32F10x_StdPeriph_Driver/src/stm32f10x_dma.c.obj
 .comment       0x00000049       0x4a CMakeFiles/stm32_cpp.dir/Drivers/STM32F10x_StdPeriph_Driver/src/stm32f10x_gpio.c.obj
 .comment       0x00000049       0x4a CMakeFiles/stm32_cpp.dir/Drivers/STM32F10x_StdPeriph_Driver/src/stm32f10x_rcc.c.obj
 .comment       0x00000049       0x4a CMakeFiles/stm32_cpp.dir/Drivers/STM32F10x_StdPeriph_Driver/src/stm32f10x_spi.c.obj
 .comment       0x00000049       0x4a CMakeFiles/stm32_cpp.dir/Drivers/STM32F10x_StdPeriph_Driver/src/stm32f10x_tim.c.obj
 .comment       0x00000049       0x4a CMakeFiles/stm32_cpp.dir/Drivers/STM32F10x_StdPeriph_Driver/src/stm32f10x_usart.c.obj
 .comment       0x00000049       0x4a CMakeFiles/stm32_cpp.dir/Project/Src/Loop.cpp.obj
 .comment       0x00000049       0x4a CMakeFiles/stm32_cpp.dir/Project/Src/TieLayer.cpp.obj
 .comment       0x00000049       0x4a CMakeFiles/stm32_cpp.dir/Project/Src/TieSys.cpp.obj
 .comment       0x00000049       0x4a CMakeFiles/stm32_cpp.dir/Project/Src/TieSys_src/tie_define.cpp.obj
 .comment       0x00000049       0x4a CMakeFiles/stm32_cpp.dir/Project/Src/TieSys_src/tie_feature.cpp.obj
 .comment       0x00000049       0x4a CMakeFiles/stm32_cpp.dir/Project/Src/spi/LCD_5110.cpp.obj
 .comment       0x00000049       0x4a CMakeFiles/stm32_cpp.dir/Project/Src/spi/TieSPI.cpp.obj

.debug_frame    0x00000000     0x179c
 .debug_frame   0x00000000       0x28 CMakeFiles/stm32_cpp.dir/Core/Src/main.c.obj
 .debug_frame   0x00000028       0xa0 CMakeFiles/stm32_cpp.dir/Core/Src/stm32f10x_it.c.obj
 .debug_frame   0x000000c8       0x6c CMakeFiles/stm32_cpp.dir/Core/Src/system_stm32f10x.c.obj
 .debug_frame   0x00000134       0xcc CMakeFiles/stm32_cpp.dir/Drivers/STM32F10x_StdPeriph_Driver/src/stm32f10x_dma.c.obj
 .debug_frame   0x00000200      0x160 CMakeFiles/stm32_cpp.dir/Drivers/STM32F10x_StdPeriph_Driver/src/stm32f10x_gpio.c.obj
 .debug_frame   0x00000360      0x228 CMakeFiles/stm32_cpp.dir/Drivers/STM32F10x_StdPeriph_Driver/src/stm32f10x_rcc.c.obj
 .debug_frame   0x00000588      0x1b0 CMakeFiles/stm32_cpp.dir/Drivers/STM32F10x_StdPeriph_Driver/src/stm32f10x_spi.c.obj
 .debug_frame   0x00000738      0x66c CMakeFiles/stm32_cpp.dir/Drivers/STM32F10x_StdPeriph_Driver/src/stm32f10x_tim.c.obj
 .debug_frame   0x00000da4      0x204 CMakeFiles/stm32_cpp.dir/Drivers/STM32F10x_StdPeriph_Driver/src/stm32f10x_usart.c.obj
 .debug_frame   0x00000fa8       0xa0 CMakeFiles/stm32_cpp.dir/Project/Src/Loop.cpp.obj
 .debug_frame   0x00001048       0xd0 CMakeFiles/stm32_cpp.dir/Project/Src/TieLayer.cpp.obj
 .debug_frame   0x00001118      0x124 CMakeFiles/stm32_cpp.dir/Project/Src/TieSys.cpp.obj
 .debug_frame   0x0000123c       0x74 CMakeFiles/stm32_cpp.dir/Project/Src/TieSys_src/tie_define.cpp.obj
 .debug_frame   0x000012b0      0x1b0 CMakeFiles/stm32_cpp.dir/Project/Src/TieSys_src/tie_feature.cpp.obj
 .debug_frame   0x00001460      0x240 CMakeFiles/stm32_cpp.dir/Project/Src/spi/LCD_5110.cpp.obj
 .debug_frame   0x000016a0       0x88 CMakeFiles/stm32_cpp.dir/Project/Src/spi/TieSPI.cpp.obj
 .debug_frame   0x00001728       0x2c f:/admin/train/electronic/stm32/tools/compiler/10 2021.10/bin/../lib/gcc/arm-none-eabi/10.3.1/../../../../arm-none-eabi/lib/thumb/v7-m/nofp\libc_nano.a(lib_a-init.o)
 .debug_frame   0x00001754       0x28 f:/admin/train/electronic/stm32/tools/compiler/10 2021.10/bin/../lib/gcc/arm-none-eabi/10.3.1/../../../../arm-none-eabi/lib/thumb/v7-m/nofp\libc_nano.a(lib_a-memcpy-stub.o)
 .debug_frame   0x0000177c       0x20 f:/admin/train/electronic/stm32/tools/compiler/10 2021.10/bin/../lib/gcc/arm-none-eabi/10.3.1/../../../../arm-none-eabi/lib/thumb/v7-m/nofp\libc_nano.a(lib_a-memset.o)

.debug_loc      0x00000000     0x57c2
 .debug_loc     0x00000000       0xff CMakeFiles/stm32_cpp.dir/Core/Src/system_stm32f10x.c.obj
 .debug_loc     0x000000ff      0x1f8 CMakeFiles/stm32_cpp.dir/Drivers/STM32F10x_StdPeriph_Driver/src/stm32f10x_dma.c.obj
 .debug_loc     0x000002f7      0x62c CMakeFiles/stm32_cpp.dir/Drivers/STM32F10x_StdPeriph_Driver/src/stm32f10x_gpio.c.obj
 .debug_loc     0x00000923      0x654 CMakeFiles/stm32_cpp.dir/Drivers/STM32F10x_StdPeriph_Driver/src/stm32f10x_rcc.c.obj
 .debug_loc     0x00000f77      0x6e3 CMakeFiles/stm32_cpp.dir/Drivers/STM32F10x_StdPeriph_Driver/src/stm32f10x_spi.c.obj
 .debug_loc     0x0000165a     0x1a55 CMakeFiles/stm32_cpp.dir/Drivers/STM32F10x_StdPeriph_Driver/src/stm32f10x_tim.c.obj
 .debug_loc     0x000030af      0x80c CMakeFiles/stm32_cpp.dir/Drivers/STM32F10x_StdPeriph_Driver/src/stm32f10x_usart.c.obj
 .debug_loc     0x000038bb       0x84 CMakeFiles/stm32_cpp.dir/Project/Src/Loop.cpp.obj
 .debug_loc     0x0000393f      0x1e9 CMakeFiles/stm32_cpp.dir/Project/Src/TieLayer.cpp.obj
 .debug_loc     0x00003b28      0x207 CMakeFiles/stm32_cpp.dir/Project/Src/TieSys.cpp.obj
 .debug_loc     0x00003d2f      0x109 CMakeFiles/stm32_cpp.dir/Project/Src/TieSys_src/tie_define.cpp.obj
 .debug_loc     0x00003e38      0xbf7 CMakeFiles/stm32_cpp.dir/Project/Src/TieSys_src/tie_feature.cpp.obj
 .debug_loc     0x00004a2f      0xc52 CMakeFiles/stm32_cpp.dir/Project/Src/spi/LCD_5110.cpp.obj
 .debug_loc     0x00005681      0x141 CMakeFiles/stm32_cpp.dir/Project/Src/spi/TieSPI.cpp.obj
